Component: ARM Compiler 5.06 update 6 (build 750) Tool: armlink [4d35ed]

==============================================================================

Section Cross References

    startup_stm32f767xx.o(RESET) refers to startup_stm32f767xx.o(STACK) for __initial_sp
    startup_stm32f767xx.o(RESET) refers to startup_stm32f767xx.o(.text) for Reset_Handler
    startup_stm32f767xx.o(RESET) refers to stm32f7xx_it.o(i.NMI_Handler) for NMI_Handler
    startup_stm32f767xx.o(RESET) refers to stm32f7xx_it.o(i.HardFault_Handler) for HardFault_Handler
    startup_stm32f767xx.o(RESET) refers to stm32f7xx_it.o(i.MemManage_Handler) for MemManage_Handler
    startup_stm32f767xx.o(RESET) refers to stm32f7xx_it.o(i.BusFault_Handler) for BusFault_Handler
    startup_stm32f767xx.o(RESET) refers to stm32f7xx_it.o(i.UsageFault_Handler) for UsageFault_Handler
    startup_stm32f767xx.o(RESET) refers to stm32f7xx_it.o(i.SVC_Handler) for SVC_Handler
    startup_stm32f767xx.o(RESET) refers to stm32f7xx_it.o(i.DebugMon_Handler) for DebugMon_Handler
    startup_stm32f767xx.o(RESET) refers to stm32f7xx_it.o(i.PendSV_Handler) for PendSV_Handler
    startup_stm32f767xx.o(RESET) refers to stm32f7xx_it.o(i.SysTick_Handler) for SysTick_Handler
    startup_stm32f767xx.o(RESET) refers to stm32f7xx_it.o(i.USART1_IRQHandler) for USART1_IRQHandler
    startup_stm32f767xx.o(.text) refers to system_stm32f7xx.o(i.SystemInit) for SystemInit
    startup_stm32f767xx.o(.text) refers to entry.o(.ARM.Collect$$$$00000000) for __main
    network.o(i.ai_network_create) refers to ai_platform_interface.o(i.ai_platform_network_create) for ai_platform_network_create
    network.o(i.ai_network_create) refers to network.o(.data) for .data
    network.o(i.ai_network_create_and_init) refers to network.o(i.ai_network_create) for ai_network_create
    network.o(i.ai_network_create_and_init) refers to network_data.o(i.ai_network_data_params_get) for ai_network_data_params_get
    network.o(i.ai_network_create_and_init) refers to network.o(i.ai_network_get_error) for ai_network_get_error
    network.o(i.ai_network_create_and_init) refers to ai_platform.o(i.ai_buffer_array_item_set_address) for ai_buffer_array_item_set_address
    network.o(i.ai_network_create_and_init) refers to network.o(i.ai_network_init) for ai_network_init
    network.o(i.ai_network_destroy) refers to ai_platform_interface.o(i.ai_platform_network_destroy) for ai_platform_network_destroy
    network.o(i.ai_network_forward) refers to ai_platform_interface.o(i.ai_platform_network_process) for ai_platform_network_process
    network.o(i.ai_network_get_error) refers to ai_platform_interface.o(i.ai_platform_network_get_error) for ai_platform_network_get_error
    network.o(i.ai_network_get_info) refers to ai_platform_interface.o(i.ai_platform_context_acquire) for ai_platform_context_acquire
    network.o(i.ai_network_get_info) refers to memcpya.o(.text) for __aeabi_memcpy4
    network.o(i.ai_network_get_info) refers to ai_platform_interface.o(i.ai_platform_runtime_get_revision) for ai_platform_runtime_get_revision
    network.o(i.ai_network_get_info) refers to ai_platform_interface.o(i.ai_platform_runtime_get_version) for ai_platform_runtime_get_version
    network.o(i.ai_network_get_info) refers to ai_platform_interface.o(i.ai_platform_api_get_version) for ai_platform_api_get_version
    network.o(i.ai_network_get_info) refers to ai_platform_interface.o(i.ai_platform_interface_api_get_version) for ai_platform_interface_api_get_version
    network.o(i.ai_network_get_info) refers to ai_platform_interface.o(i.ai_platform_api_get_network_report) for ai_platform_api_get_network_report
    network.o(i.ai_network_get_info) refers to network.o(.constdata) for .constdata
    network.o(i.ai_network_get_report) refers to ai_platform_interface.o(i.ai_platform_context_acquire) for ai_platform_context_acquire
    network.o(i.ai_network_get_report) refers to memcpya.o(.text) for __aeabi_memcpy4
    network.o(i.ai_network_get_report) refers to ai_platform_interface.o(i.ai_platform_runtime_get_revision) for ai_platform_runtime_get_revision
    network.o(i.ai_network_get_report) refers to ai_platform_interface.o(i.ai_platform_runtime_get_version) for ai_platform_runtime_get_version
    network.o(i.ai_network_get_report) refers to ai_platform_interface.o(i.ai_platform_api_get_version) for ai_platform_api_get_version
    network.o(i.ai_network_get_report) refers to ai_platform_interface.o(i.ai_platform_interface_api_get_version) for ai_platform_interface_api_get_version
    network.o(i.ai_network_get_report) refers to ai_platform_interface.o(i.ai_platform_api_get_network_report) for ai_platform_api_get_network_report
    network.o(i.ai_network_get_report) refers to network.o(.constdata) for .constdata
    network.o(i.ai_network_init) refers to ai_platform_interface.o(i.ai_platform_network_init) for ai_platform_network_init
[...]
    .data                                    0x20000840   Section       28  network.o(.data)
    nl_5_nl_output                           0x20000840   Data          28  network.o(.data)
    .data                                    0x2000085c   Section       28  network.o(.data)
    nl_7_output                              0x2000085c   Data          28  network.o(.data)
    .data                                    0x20000878   Section       28  network.o(.data)
    serving_default_image0_output            0x20000878   Data          28  network.o(.data)
    .data                                    0x20000894   Section       36  network.o(.data)
    nl_7_layer                               0x20000894   Data          36  network.o(.data)
    .data                                    0x200008b8   Section       28  network.o(.data)
    gemm_6_layer                             0x200008b8   Data          28  network.o(.data)
    .data                                    0x200008d4   Section       32  network.o(.data)
    nl_5_nl_layer                            0x200008d4   Data          32  network.o(.data)
    .data                                    0x200008f4   Section       28  network.o(.data)
    gemm_5_layer                             0x200008f4   Data          28  network.o(.data)
    .data                                    0x20000910   Section       96  network.o(.data)
    conv2d_2_layer                           0x20000910   Data          96  network.o(.data)
    .data                                    0x20000970   Section       96  network.o(.data)
    conv2d_0_layer                           0x20000970   Data          96  network.o(.data)
    .data                                    0x200009d0   Section       16  network_data.o(.data)
    <Data1>                                  0x200009d0   Data          16  network_data.o(.data)
    .data                                    0x200009e0   Section       16  network_data.o(.data)
    <Data2>                                  0x200009e0   Data          16  network_data.o(.data)
    .data                                    0x200009f0   Section       28  network_data.o(.data)
    .data                                    0x20000a0c   Section       28  network_data.o(.data)
    .data                                    0x20000a28   Section      108  main.o(.data)
    app_state                                0x20000a28   Data           1  main.o(.data)
    last_char_count                          0x20000a2c   Data           4  main.o(.data)
    low_conf_count                           0x20000a30   Data           4  main.o(.data)
    rewrite_index                            0x20000a34   Data           4  main.o(.data)
    answer_start_index                       0x20000a38   Data           4  main.o(.data)
    answer_len                               0x20000a3c   Data           4  main.o(.data)
    last_expr                                0x20000a50   Data           8  main.o(.data)
    AI_LABELS                                0x20000a58   Data          60  main.o(.data)
    .data                                    0x20000a94   Section       12  stm32f7xx_hal.o(.data)
    .data                                    0x20000aa0   Section        4  system_stm32f7xx.o(.data)
    .data                                    0x20000aa4   Section        4  strtok.o(.data)
    state                                    0x20000aa4   Data           4  strtok.o(.data)
    .data                                    0x20000aa8   Section        4  stdout.o(.data)
    .data                                    0x20000aac   Section        4  errno.o(.data)
    _errno                                   0x20000aac   Data           4  errno.o(.data)
    .bss                                     0x20000ab0   Section       16  network.o(.bss)
    <Data67>                                 0x20000ab0   Data          16  network.o(.bss)
    .bss                                     0x20000ac0   Section       16  network.o(.bss)
    <Data74>                                 0x20000ac0   Data          16  network.o(.bss)
    .bss                                     0x20000ad0   Section       28  network.o(.bss)
    <Data80>                                 0x20000ad0   Data          28  network.o(.bss)
    .bss                                     0x20000aec   Section       16  network.o(.bss)
    <Data81>                                 0x20000aec   Data          16  network.o(.bss)
    .bss                                     0x20000afc   Section       28  network.o(.bss)
    <Data85>                                 0x20000afc   Data          28  network.o(.bss)
    .bss                                     0x20000b18   Section       16  network.o(.bss)
    <Data86>                                 0x20000b18   Data          16  network.o(.bss)
    .bss                                     0x20000b28   Section    144028  main.o(.bss)
    last_confidence                          0x20017228   Data          28  main.o(.bss)
    low_conf_indexes                         0x20017244   Data          28  main.o(.bss)
    .bss                                     0x20023dc4   Section    10516  main.o(.bss)
    .bss                                     0x200266d8   Section       36  crc.o(.bss)
    .bss                                     0x200266fc   Section      136  usart.o(.bss)
    STACK                                    0x20026788   Section     2048  startup_stm32f767xx.o(STACK)

    Global Symbols

    Symbol Name                              Value     Ov Type        Size  Object(Section)

    BuildAttributes$$THM_ISAv4$E$P$D$K$B$S$7EM$VFPv5_D16$PE$PLD8$A:L22UL41UL21$X:L11$S22US41US21$IEEE1$IW$USESV6$~STKCKD$USESV7$~SHL$OTIME$ROPI$IEEEX$EBA8$MICROLIB$REQ8$PRES8$EABIv2 0x00000000   Number         0  anon$$obj.o ABSOLUTE
    __ARM_use_no_argv                        0x00000000   Number         0  main.o ABSOLUTE
    _printf_a                                0x00000000   Number         0  stubs.o ABSOLUTE
    _printf_c                                0x00000000   Number         0  stubs.o ABSOLUTE
    _printf_charcount                        0x00000000   Number         0  stubs.o ABSOLUTE
    _printf_d                                0x00000000   Number         0  stubs.o ABSOLUTE
    _printf_e                                0x00000000   Number         0  stubs.o ABSOLUTE
    _printf_f                                0x00000000   Number         0  stubs.o ABSOLUTE
    _printf_flags                            0x00000000   Number         0  stubs.o ABSOLUTE
    _printf_fp_dec                           0x00000000   Number         0  stubs.o ABSOLUTE
    _printf_fp_hex                           0x00000000   Number         0  stubs.o ABSOLUTE
    _printf_g                                0x00000000   Number         0  stubs.o ABSOLUTE
    _printf_i                                0x00000000   Number         0  stubs.o ABSOLUTE
    _printf_int_dec                          0x00000000   Number         0  stubs.o ABSOLUTE
    _printf_l                                0x00000000   Number         0  stubs.o ABSOLUTE
    _printf_lc                               0x00000000   Number         0  stubs.o ABSOLUTE
    _printf_ll                               0x00000000   Number         0  stubs.o ABSOLUTE
    _printf_lld                              0x00000000   Number         0  stubs.o ABSOLUTE
    _printf_lli                              0x00000000   Number         0  stubs.o ABSOLUTE
    _printf_llo                              0x00000000   Number         0  stubs.o ABSOLUTE
    _printf_llu                              0x00000000   Number         0  stubs.o ABSOLUTE
    _printf_llx                              0x00000000   Number         0  stubs.o ABSOLUTE
    _printf_longlong_dec                     0x00000000   Number         0  stubs.o ABSOLUTE
    _printf_longlong_hex                     0x00000000   Number         0  stubs.o ABSOLUTE
    _printf_longlong_oct                     0x00000000   Number         0  stubs.o ABSOLUTE
    _printf_ls                               0x00000000   Number         0  stubs.o ABSOLUTE
    _printf_mbtowc                           0x00000000   Number         0  stubs.o ABSOLUTE
    _printf_n                                0x00000000   Number         0  stubs.o ABSOLUTE
    _printf_o                                0x00000000   Number         0  stubs.o ABSOLUTE
    _printf_p                                0x00000000   Number         0  stubs.o ABSOLUTE
    _printf_percent                          0x00000000   Number         0  stubs.o ABSOLUTE
    _printf_pre_padding                      0x00000000   Number         0  stubs.o ABSOLUTE
    _printf_return_value                     0x00000000   Number         0  stubs.o ABSOLUTE
    _printf_s                                0x00000000   Number         0  stubs.o ABSOLUTE
    _printf_sizespec                         0x00000000   Number         0  stubs.o ABSOLUTE
    _printf_str                              0x00000000   Number         0  stubs.o ABSOLUTE
    _printf_truncate_signed                  0x00000000   Number         0  stubs.o ABSOLUTE
    _printf_truncate_unsigned                0x00000000   Number         0  stubs.o ABSOLUTE
    _printf_u                                0x00000000   Number         0  stubs.o ABSOLUTE
    _printf_wc                               0x00000000   Number         0  stubs.o ABSOLUTE
    _printf_wctomb                           0x00000000   Number         0  stubs.o ABSOLUTE
    _printf_widthprec                        0x00000000   Number         0  stubs.o ABSOLUTE
    _printf_x                                0x00000000   Number         0  stubs.o ABSOLUTE
    __cpp_initialize__aeabi_                  - Undefined Weak Reference
    __cxa_finalize                            - Undefined Weak Reference
    _clock_init                               - Undefined Weak Reference
    _microlib_exit                            - Undefined Weak Reference
    __Vectors_Size                           0x000001f8   Number         0  startup_stm32f767xx.o ABSOLUTE
    __Vectors                                0x08000000   Data           4  startup_stm32f767xx.o(RESET)
    __Vectors_End                            0x080001f8   Data           0  startup_stm32f767xx.o(RESET)
    __main                                   0x080001f9   Thumb Code     0  entry.o(.ARM.Collect$$$$00000000)
    _main_stk                                0x080001f9   Thumb Code     0  entry2.o(.ARM.Collect$$$$00000001)
    _main_scatterload                        0x080001fd   Thumb Code     0  entry5.o(.ARM.Collect$$$$00000004)
    __main_after_scatterload                 0x08000201   Thumb Code     0  entry5.o(.ARM.Collect$$$$00000004)
    _main_clock                              0x08000201   Thumb Code     0  entry7b.o(.ARM.Collect$$$$00000008)
    _main_cpp_init                           0x08000201   Thumb Code     0  entry8b.o(.ARM.Collect$$$$0000000A)
    _main_init                               0x08000201   Thumb Code     0  entry9a.o(.ARM.Collect$$$$0000000B)
    __rt_final_cpp                           0x08000209   Thumb Code     0  entry10a.o(.ARM.Collect$$$$0000000D)
    __rt_final_exit                          0x08000209   Thumb Code     0  entry11a.o(.ARM.Collect$$$$0000000F)
    Reset_Handler                            0x0800020d   Thumb Code     8  startup_stm32f767xx.o(.text)
    ADC_IRQHandler                           0x08000227   Thumb Code     0  startup_stm32f767xx.o(.text)
    CAN1_RX0_IRQHandler                      0x08000227   Thumb Code     0  startup_stm32f767xx.o(.text)
    CAN1_RX1_IRQHandler                      0x08000227   Thumb Code     0  startup_stm32f767xx.o(.text)
    CAN1_SCE_IRQHandler                      0x08000227   Thumb Code     0  startup_stm32f767xx.o(.text)
    CAN1_TX_IRQHandler                       0x08000227   Thumb Code     0  startup_stm32f767xx.o(.text)
    CAN2_RX0_IRQHandler                      0x08000227   Thumb Code     0  startup_stm32f767xx.o(.text)
    CAN2_RX1_IRQHandler                      0x08000227   Thumb Code     0  startup_stm32f767xx.o(.text)
    CAN2_SCE_IRQHandler                      0x08000227   Thumb Code     0  startup_stm32f767xx.o(.text)
    CAN2_TX_IRQHandler                       0x08000227   Thumb Code     0  startup_stm32f767xx.o(.text)
    CAN3_RX0_IRQHandler                      0x08000227   Thumb Code     0  startup_stm32f767xx.o(.text)
    CAN3_RX1_IRQHandler                      0x08000227   Thumb Code     0  startup_stm32f767xx.o(.text)
    CAN3_SCE_IRQHandler                      0x08000227   Thumb Code     0  startup_stm32f767xx.o(.text)
    CAN3_TX_IRQHandler                       0x08000227   Thumb Code     0  startup_stm32f767xx.o(.text)
    CEC_IRQHandler                           0x08000227   Thumb Code     0  startup_stm32f767xx.o(.text)
    DCMI_IRQHandler                          0x08000227   Thumb Code     0  startup_stm32f767xx.o(.text)
    DFSDM1_FLT0_IRQHandler                   0x08000227   Thumb Code     0  startup_stm32f767xx.o(.text)
    DFSDM1_FLT1_IRQHandler                   0x08000227   Thumb Code     0  startup_stm32f767xx.o(.text)
    DFSDM1_FLT2_IRQHandler                   0x08000227   Thumb Code     0  startup_stm32f767xx.o(.text)
    DFSDM1_FLT3_IRQHandler                   0x08000227   Thumb Code     0  startup_stm32f767xx.o(.text)
    DMA1_Stream0_IRQHandler                  0x08000227   Thumb Code     0  startup_stm32f767xx.o(.text)
    DMA1_Stream1_IRQHandler                  0x08000227   Thumb Code     0  startup_stm32f767xx.o(.text)
    DMA1_Stream2_IRQHandler                  0x08000227   Thumb Code     0  startup_stm32f767xx.o(.text)
    DMA1_Stream3_IRQHandler                  0x08000227   Thumb Code     0  startup_stm32f767xx.o(.text)
    DMA1_Stream4_IRQHandler                  0x08000227   Thumb Code     0  startup_stm32f767xx.o(.text)
    DMA1_Stream5_IRQHandler                  0x08000227   Thumb Code     0  startup_stm32f767xx.o(.text)
    DMA1_Stream6_IRQHandler                  0x08000227   Thumb Code     0  startup_stm32f767xx.o(.text)
    DMA1_Stream7_IRQHandler                  0x08000227   Thumb Code     0  startup_stm32f767xx.o(.text)
    DMA2D_IRQHandler                         0x08000227   Thumb Code     0  startup_stm32f767xx.o(.text)
    DMA2_Stream0_IRQHandler                  0x08000227   Thumb Code     0  startup_stm32f767xx.o(.text)
    DMA2_Stream1_IRQHandler                  0x08000227   Thumb Code     0  startup_stm32f767xx.o(.text)
    DMA2_Stream2_IRQHandler                  0x08000227   Thumb Code     0  startup_stm32f767xx.o(.text)
    DMA2_Stream3_IRQHandler                  0x08000227   Thumb Code     0  startup_stm32f767xx.o(.text)
    DMA2_Stream4_IRQHandler                  0x08000227   Thumb Code     0  startup_stm32f767xx.o(.text)
    DMA2_Stream5_IRQHandler                  0x08000227   Thumb Code     0  startup_stm32f767xx.o(.text)
    DMA2_Stream6_IRQHandler                  0x08000227   Thumb Code     0  startup_stm32f767xx.o(.text)
    DMA2_Stream7_IRQHandler                  0x08000227   Thumb Code     0  startup_stm32f767xx.o(.text)
    ETH_IRQHandler                           0x08000227   Thumb Code     0  startup_stm32f767xx.o(.text)
    ETH_WKUP_IRQHandler                      0x08000227   Thumb Code     0  startup_stm32f767xx.o(.text)
    EXTI0_IRQHandler                         0x08000227   Thumb Code     0  startup_stm32f767xx.o(.text)
    EXTI15_10_IRQHandler                     0x08000227   Thumb Code     0  startup_stm32f767xx.o(.text)
    EXTI1_IRQHandler                         0x08000227   Thumb Code     0  startup_stm32f767xx.o(.text)
    EXTI2_IRQHandler                         0x08000227   Thumb Code     0  startup_stm32f767xx.o(.text)
    EXTI3_IRQHandler                         0x08000227   Thumb Code     0  startup_stm32f767xx.o(.text)
    EXTI4_IRQHandler                         0x08000227   Thumb Code     0  startup_stm32f767xx.o(.text)
    EXTI9_5_IRQHandler                       0x08000227   Thumb Code     0  startup_stm32f767xx.o(.text)
    FLASH_IRQHandler                         0x08000227   Thumb Code     0  startup_stm32f767xx.o(.text)
    FMC_IRQHandler                           0x08000227   Thumb Code     0  startup_stm32f767xx.o(.text)
    FPU_IRQHandler                           0x08000227   Thumb Code     0  startup_stm32f767xx.o(.text)
    I2C1_ER_IRQHandler                       0x08000227   Thumb Code     0  startup_stm32f767xx.o(.text)
    I2C1_EV_IRQHandler                       0x08000227   Thumb Code     0  startup_stm32f767xx.o(.text)
    I2C2_ER_IRQHandler                       0x08000227   Thumb Code     0  startup_stm32f767xx.o(.text)
    I2C2_EV_IRQHandler                       0x08000227   Thumb Code     0  startup_stm32f767xx.o(.text)
    I2C3_ER_IRQHandler                       0x08000227   Thumb Code     0  startup_stm32f767xx.o(.text)
    I2C3_EV_IRQHandler                       0x08000227   Thumb Code     0  startup_stm32f767xx.o(.text)
    I2C4_ER_IRQHandler                       0x08000227   Thumb Code     0  startup_stm32f767xx.o(.text)
    I2C4_EV_IRQHandler                       0x08000227   Thumb Code     0  startup_stm32f767xx.o(.text)
    JPEG_IRQHandler                          0x08000227   Thumb Code     0  startup_stm32f767xx.o(.text)
    LPTIM1_IRQHandler                        0x08000227   Thumb Code     0  startup_stm32f767xx.o(.text)
    LTDC_ER_IRQHandler                       0x08000227   Thumb Code     0  startup_stm32f767xx.o(.text)
    LTDC_IRQHandler                          0x08000227   Thumb Code     0  startup_stm32f767xx.o(.text)
    MDIOS_IRQHandler                         0x08000227   Thumb Code     0  startup_stm32f767xx.o(.text)
    OTG_FS_IRQHandler                        0x08000227   Thumb Code     0  startup_stm32f767xx.o(.text)
    OTG_FS_WKUP_IRQHandler                   0x08000227   Thumb Code     0  startup_stm32f767xx.o(.text)
    OTG_HS_EP1_IN_IRQHandler                 0x08000227   Thumb Code     0  startup_stm32f767xx.o(.text)
    OTG_HS_EP1_OUT_IRQHandler                0x08000227   Thumb Code     0  startup_stm32f767xx.o(.text)
    OTG_HS_IRQHandler                        0x08000227   Thumb Code     0  startup_stm32f767xx.o(.text)
    OTG_HS_WKUP_IRQHandler                   0x08000227   Thumb Code     0  startup_stm32f767xx.o(.text)
    PVD_IRQHandler                           0x08000227   Thumb Code     0  startup_stm32f767xx.o(.text)
    QUADSPI_IRQHandler                       0x08000227   Thumb Code     0  startup_stm32f767xx.o(.text)
    RCC_IRQHandler                           0x08000227   Thumb Code     0  startup_stm32f767xx.o(.text)
    RNG_IRQHandler                           0x08000227   Thumb Code     0  startup_stm32f767xx.o(.text)
    RTC_Alarm_IRQHandler                     0x08000227   Thumb Code     0  startup_stm32f767xx.o(.text)
    RTC_WKUP_IRQHandler                      0x08000227   Thumb Code     0  startup_stm32f767xx.o(.text)
    SAI1_IRQHandler                          0x08000227   Thumb Code     0  startup_stm32f767xx.o(.text)
    SAI2_IRQHandler                          0x08000227   Thumb Code     0  startup_stm32f767xx.o(.text)
    SDMMC1_IRQHandler                        0x08000227   Thumb Code     0  startup_stm32f767xx.o(.text)
    SDMMC2_IRQHandler                        0x08000227   Thumb Code     0  startup_stm32f767xx.o(.text)
    SPDIF_RX_IRQHandler                      0x08000227   Thumb Code     0  startup_stm32f767xx.o(.text)
    SPI1_IRQHandler                          0x08000227   Thumb Code     0  startup_stm32f767xx.o(.text)
    SPI2_IRQHandler                          0x08000227   Thumb Code     0  startup_stm32f767xx.o(.text)
    SPI3_IRQHandler                          0x08000227   Thumb Code     0  startup_stm32f767xx.o(.text)
    SPI4_IRQHandler                          0x08000227   Thumb Code     0  startup_stm32f767xx.o(.text)
    SPI5_IRQHandler                          0x08000227   Thumb Code     0  startup_stm32f767xx.o(.text)
    SPI6_IRQHandler                          0x08000227   Thumb Code     0  startup_stm32f767xx.o(.text)
    TAMP_STAMP_IRQHandler                    0x08000227   Thumb Code     0  startup_stm32f767xx.o(.text)
    TIM1_BRK_TIM9_IRQHandler                 0x08000227   Thumb Code     0  startup_stm32f767xx.o(.text)
    TIM1_CC_IRQHandler                       0x08000227   Thumb Code     0  startup_stm32f767xx.o(.text)
    TIM1_TRG_COM_TIM11_IRQHandler            0x08000227   Thumb Code     0  startup_stm32f767xx.o(.text)
    TIM1_UP_TIM10_IRQHandler                 0x08000227   Thumb Code     0  startup_stm32f767xx.o(.text)
    TIM2_IRQHandler                          0x08000227   Thumb Code     0  startup_stm32f767xx.o(.text)
    TIM3_IRQHandler                          0x08000227   Thumb Code     0  startup_stm32f767xx.o(.text)
    TIM4_IRQHandler                          0x08000227   Thumb Code     0  startup_stm32f767xx.o(.text)
    TIM5_IRQHandler                          0x08000227   Thumb Code     0  startup_stm32f767xx.o(.text)
    TIM6_DAC_IRQHandler                      0x08000227   Thumb Code     0  startup_stm32f767xx.o(.text)
    TIM7_IRQHandler                          0x08000227   Thumb Code     0  startup_stm32f767xx.o(.text)
    TIM8_BRK_TIM12_IRQHandler                0x08000227   Thumb Code     0  startup_stm32f767xx.o(.text)
    TIM8_CC_IRQHandler                       0x08000227   Thumb Code     0  startup_stm32f767xx.o(.text)
    TIM8_TRG_COM_TIM14_IRQHandler            0x08000227   Thumb Code     0  startup_stm32f767xx.o(.text)
    TIM8_UP_TIM13_IRQHandler                 0x08000227   Thumb Code     0  startup_stm32f767xx.o(.text)
    UART4_IRQHandler                         0x08000227   Thumb Code     0  startup_stm32f767xx.o(.text)
    UART5_IRQHandler                         0x08000227   Thumb Code     0  startup_stm32f767xx.o(.text)
    UART7_IRQHandler                         0x08000227   Thumb Code     0  startup_stm32f767xx.o(.text)
    UART8_IRQHandler                         0x08000227   Thumb Code     0  startup_stm32f767xx.o(.text)
    USART2_IRQHandler                        0x08000227   Thumb Code     0  startup_stm32f767xx.o(.text)
    USART3_IRQHandler                        0x08000227   Thumb Code     0  startup_stm32f767xx.o(.text)
    USART6_IRQHandler                        0x08000227   Thumb Code     0  startup_stm32f767xx.o(.text)
    WWDG_IRQHandler                          0x08000227   Thumb Code     0  startup_stm32f767xx.o(.text)
    __aeabi_uldivmod                         0x08000231   Thumb Code    98  uldiv.o(.text)
    __aeabi_memcpy                           0x08000293   Thumb Code    36  memcpya.o(.text)
    __aeabi_memcpy4                          0x08000293   Thumb Code     0  memcpya.o(.text)
    __aeabi_memcpy8                          0x08000293   Thumb Code     0  memcpya.o(.text)
    __aeabi_memset                           0x080002b7   Thumb Code    14  memseta.o(.text)
    __aeabi_memset4                          0x080002b7   Thumb Code     0  memseta.o(.text)
    __aeabi_memset8                          0x080002b7   Thumb Code     0  memseta.o(.text)
    __aeabi_memclr                           0x080002c5   Thumb Code     4  memseta.o(.text)
    __aeabi_memclr4                          0x080002c5   Thumb Code     0  memseta.o(.text)
    __aeabi_memclr8                          0x080002c5   Thumb Code     0  memseta.o(.text)
    _memset$wrapper                          0x080002c9   Thumb Code    18  memseta.o(.text)
    memcmp                                   0x080002db   Thumb Code    26  memcmp.o(.text)
    strtok                                   0x080002f5   Thumb Code    62  strtok.o(.text)
    __aeabi_uidiv                            0x08000339   Thumb Code     0  uidiv.o(.text)
    __aeabi_uidivmod                         0x08000339   Thumb Code    44  uidiv.o(.text)
    __aeabi_llsl                             0x08000365   Thumb Code    30  llshl.o(.text)
    _ll_shift_l                              0x08000365   Thumb Code     0  llshl.o(.text)
    __aeabi_llsr                             0x08000383   Thumb Code    32  llushr.o(.text)
    _ll_ushift_r                             0x08000383   Thumb Code     0  llushr.o(.text)
    __strtod_int                             0x080003db   Thumb Code    90  strtod.o(.text)
    __I$use$fp                               0x08000441   Thumb Code     0  iusefp.o(.text)
    __aeabi_dadd                             0x08000441   Thumb Code   322  dadd.o(.text)
    __aeabi_dsub                             0x08000583   Thumb Code     6  dadd.o(.text)
    __aeabi_drsub                            0x08000589   Thumb Code     6  dadd.o(.text)
    __aeabi_dmul                             0x0800058f   Thumb Code   228  dmul.o(.text)
    __aeabi_ddiv                             0x08000673   Thumb Code   222  ddiv.o(.text)
    __aeabi_d2ulz                            0x08000751   Thumb Code    48  dfixul.o(.text)
    __aeabi_cdrcmple                         0x08000781   Thumb Code    48  cdrcmple.o(.text)
    __scatterload                            0x080007b1   Thumb Code    28  init.o(.text)
    __scatterload_rt2                        0x080007b1   Thumb Code     0  init.o(.text)
    __aeabi_lasr                             0x080007d5   Thumb Code    36  llsshr.o(.text)
    _ll_sshift_r                             0x080007d5   Thumb Code     0  llsshr.o(.text)
    isspace                                  0x080007f9   Thumb Code    10  isspace_c.o(.text)
    _scanf_real                              0x0800092d   Thumb Code     0  scanf_fp.o(.text)
    _scanf_really_real                       0x0800092d   Thumb Code   556  scanf_fp.o(.text)
    _sgetc                                   0x08000b65   Thumb Code    30  _sgetc.o(.text)
    _sbackspace                              0x08000b83   Thumb Code    34  _sgetc.o(.text)
    _float_round                             0x08000ba5   Thumb Code    18  fepilogue.o(.text)
    _float_epilogue                          0x08000bb7   Thumb Code    92  fepilogue.o(.text)
    _double_round                            0x08000c13   Thumb Code    30  depilogue.o(.text)
    _double_epilogue                         0x08000c31   Thumb Code   156  depilogue.o(.text)
    __ctype_lookup                           0x08000ccd   Thumb Code    34  ctype_c.o(.text)
    __aeabi_ul2d                             0x08000cf5   Thumb Code    24  dfltul.o(.text)
    __aeabi_d2f                              0x08000d0d   Thumb Code    56  d2f.o(.text)
    __decompress                             0x08000d45   Thumb Code     0  __dczerorl2.o(.text)
    __decompress1                            0x08000d45   Thumb Code    86  __dczerorl2.o(.text)
    BusFault_Handler                         0x08000ead   Thumb Code     2  stm32f7xx_it.o(i.BusFault_Handler)
    DebugMon_Handler                         0x08000fa3   Thumb Code     2  stm32f7xx_it.o(i.DebugMon_Handler)
    Error_Handler                            0x08000fa5   Thumb Code     4  main.o(i.Error_Handler)
    HAL_CRCEx_Polynomial_Set                 0x08000fa9   Thumb Code    84  stm32f7xx_hal_crc_ex.o(i.HAL_CRCEx_Polynomial_Set)
    HAL_CRC_Init                             0x08000ffd   Thumb Code   114  stm32f7xx_hal_crc.o(i.HAL_CRC_Init)
    HAL_CRC_MspInit                          0x08001075   Thumb Code    30  crc.o(i.HAL_CRC_MspInit)
    HAL_DMA_Abort                            0x0800109d   Thumb Code   146  stm32f7xx_hal_dma.o(i.HAL_DMA_Abort)
    HAL_DMA_Abort_IT                         0x0800112f   Thumb Code    36  stm32f7xx_hal_dma.o(i.HAL_DMA_Abort_IT)
    HAL_GPIO_Init                            0x08001155   Thumb Code   530  stm32f7xx_hal_gpio.o(i.HAL_GPIO_Init)
    HAL_GetTick                              0x0800139d   Thumb Code     6  stm32f7xx_hal.o(i.HAL_GetTick)
    HAL_IncTick                              0x080013a9   Thumb Code    12  stm32f7xx_hal.o(i.HAL_IncTick)
    HAL_Init                                 0x080013b9   Thumb Code    22  stm32f7xx_hal.o(i.HAL_Init)
    HAL_InitTick                             0x080013d1   Thumb Code    54  stm32f7xx_hal.o(i.HAL_InitTick)
    HAL_MspInit                              0x08001411   Thumb Code    42  stm32f7xx_hal_msp.o(i.HAL_MspInit)
    HAL_NVIC_EnableIRQ                       0x08001441   Thumb Code    26  stm32f7xx_hal_cortex.o(i.HAL_NVIC_EnableIRQ)
    HAL_NVIC_SetPriority                     0x0800145d   Thumb Code    60  stm32f7xx_hal_cortex.o(i.HAL_NVIC_SetPriority)
    HAL_NVIC_SetPriorityGrouping             0x0800149d   Thumb Code    28  stm32f7xx_hal_cortex.o(i.HAL_NVIC_SetPriorityGrouping)
    HAL_PWREx_EnableOverDrive                0x080014c1   Thumb Code   100  stm32f7xx_hal_pwr_ex.o(i.HAL_PWREx_EnableOverDrive)
    HAL_RCCEx_PeriphCLKConfig                0x0800152d   Thumb Code  1336  stm32f7xx_hal_rcc_ex.o(i.HAL_RCCEx_PeriphCLKConfig)
    HAL_RCC_ClockConfig                      0x08001a69   Thumb Code   284  stm32f7xx_hal_rcc.o(i.HAL_RCC_ClockConfig)
    HAL_RCC_GetPCLK1Freq                     0x08001b99   Thumb Code    20  stm32f7xx_hal_rcc.o(i.HAL_RCC_GetPCLK1Freq)
    HAL_RCC_GetPCLK2Freq                     0x08001bb9   Thumb Code    20  stm32f7xx_hal_rcc.o(i.HAL_RCC_GetPCLK2Freq)
    HAL_RCC_GetSysClockFreq                  0x08001bd9   Thumb Code    88  stm32f7xx_hal_rcc.o(i.HAL_RCC_GetSysClockFreq)
    HAL_RCC_OscConfig                        0x08001c3d   Thumb Code   906  stm32f7xx_hal_rcc.o(i.HAL_RCC_OscConfig)
    HAL_SYSTICK_Config                       0x08001fd5   Thumb Code    38  stm32f7xx_hal_cortex.o(i.HAL_SYSTICK_Config)
    HAL_UARTEx_ReceiveToIdle_IT              0x08001ffb   Thumb Code    78  stm32f7xx_hal_uart_ex.o(i.HAL_UARTEx_ReceiveToIdle_IT)
    HAL_UARTEx_RxEventCallback               0x08002049   Thumb Code    52  main.o(i.HAL_UARTEx_RxEventCallback)
    HAL_UARTEx_WakeupCallback                0x0800208d   Thumb Code     2  stm32f7xx_hal_uart.o(i.HAL_UARTEx_WakeupCallback)
    HAL_UART_ErrorCallback                   0x0800208f   Thumb Code     2  stm32f7xx_hal_uart.o(i.HAL_UART_ErrorCallback)
    HAL_UART_IRQHandler                      0x08002091   Thumb Code   700  stm32f7xx_hal_uart.o(i.HAL_UART_IRQHandler)
    HAL_UART_Init                            0x08002355   Thumb Code   102  stm32f7xx_hal_uart.o(i.HAL_UART_Init)
    HAL_UART_MspInit                         0x080023bd   Thumb Code   138  usart.o(i.HAL_UART_MspInit)
    HAL_UART_RxCpltCallback                  0x08002455   Thumb Code     2  stm32f7xx_hal_uart.o(i.HAL_UART_RxCpltCallback)
    HAL_UART_Transmit                        0x08002457   Thumb Code   166  stm32f7xx_hal_uart.o(i.HAL_UART_Transmit)
    HAL_UART_Transmit_IT                     0x080024fd   Thumb Code    84  stm32f7xx_hal_uart.o(i.HAL_UART_Transmit_IT)
    HAL_UART_TxCpltCallback                  0x08002559   Thumb Code     2  stm32f7xx_hal_uart.o(i.HAL_UART_TxCpltCallback)
    HardFault_Handler                        0x080027d9   Thumb Code     2  stm32f7xx_it.o(i.HardFault_Handler)
    MX_CRC_Init                              0x08002c05   Thumb Code    40  crc.o(i.MX_CRC_Init)
    MX_GPIO_Init                             0x08002c35   Thumb Code    38  gpio.o(i.MX_GPIO_Init)
    MX_USART1_UART_Init                      0x08002c61   Thumb Code    52  usart.o(i.MX_USART1_UART_Init)
    MemManage_Handler                        0x08002c9d   Thumb Code     2  stm32f7xx_it.o(i.MemManage_Handler)
    NMI_Handler                              0x08002c9f   Thumb Code     2  stm32f7xx_it.o(i.NMI_Handler)
    PendSV_Handler                           0x08002ce1   Thumb Code     2  stm32f7xx_it.o(i.PendSV_Handler)
    SVC_Handler                              0x080032b5   Thumb Code     2  stm32f7xx_it.o(i.SVC_Handler)
    SysTick_Handler                          0x0800370d   Thumb Code     4  stm32f7xx_it.o(i.SysTick_Handler)
    SystemClock_Config                       0x08003711   Thumb Code   152  main.o(i.SystemClock_Config)
    SystemInit                               0x080037b1   Thumb Code    12  system_stm32f7xx.o(i.SystemInit)
    UART_AdvFeatureConfig                    0x080037c1   Thumb Code   200  stm32f7xx_hal_uart.o(i.UART_AdvFeatureConfig)
    UART_CheckIdleState                      0x08003889   Thumb Code   166  stm32f7xx_hal_uart.o(i.UART_CheckIdleState)
    UART_SetConfig                           0x08003b09   Thumb Code   516  stm32f7xx_hal_uart.o(i.UART_SetConfig)
    UART_Start_Receive_IT                    0x08003d39   Thumb Code   174  stm32f7xx_hal_uart.o(i.UART_Start_Receive_IT)
    UART_WaitOnFlagUntilTimeout              0x08003e8d   Thumb Code   148  stm32f7xx_hal_uart.o(i.UART_WaitOnFlagUntilTimeout)
    USART1_IRQHandler                        0x08003f21   Thumb Code     6  stm32f7xx_it.o(i.USART1_IRQHandler)
    UsageFault_Handler                       0x08003f2d   Thumb Code     2  stm32f7xx_it.o(i.UsageFault_Handler)
    __0printf                                0x08003f31   Thumb Code    22  printfa.o(i.__0printf)
    __1printf                                0x08003f31   Thumb Code     0  printfa.o(i.__0printf)
    __2printf                                0x08003f31   Thumb Code     0  printfa.o(i.__0printf)
    __c89printf                              0x08003f31   Thumb Code     0  printfa.o(i.__0printf)
    printf                                   0x08003f31   Thumb Code     0  printfa.o(i.__0printf)
    __0sprintf                               0x08003f51   Thumb Code    34  printfa.o(i.__0sprintf)
    __1sprintf                               0x08003f51   Thumb Code     0  printfa.o(i.__0sprintf)
    __2sprintf                               0x08003f51   Thumb Code     0  printfa.o(i.__0sprintf)
    __c89sprintf                             0x08003f51   Thumb Code     0  printfa.o(i.__0sprintf)
    sprintf                                  0x08003f51   Thumb Code     0  printfa.o(i.__0sprintf)
    __ARM_fpclassifyf                        0x08003f79   Thumb Code    38  fpclassifyf.o(i.__ARM_fpclassifyf)
    __hardfp_atof                            0x080040f9   Thumb Code    44  atof.o(i.__hardfp_atof)
    __hardfp_expf                            0x08004131   Thumb Code   426  expf.o(i.__hardfp_expf)
    __mathlib_expf                           0x08004131   Thumb Code     0  expf.o(i.__hardfp_expf)
    __mathlib_flt_infnan                     0x08004325   Thumb Code     6  funder.o(i.__mathlib_flt_infnan)
    __mathlib_flt_overflow                   0x0800432d   Thumb Code    10  funder.o(i.__mathlib_flt_overflow)
    __mathlib_flt_underflow                  0x0800433d   Thumb Code    10  funder.o(i.__mathlib_flt_underflow)
    __read_errno                             0x0800434d   Thumb Code     6  errno.o(i.__read_errno)
    __scatterload_copy                       0x08004359   Thumb Code    14  handlers.o(i.__scatterload_copy)
    __scatterload_null                       0x08004367   Thumb Code     2  handlers.o(i.__scatterload_null)
    __scatterload_zeroinit                   0x08004369   Thumb Code    14  handlers.o(i.__scatterload_zeroinit)
    __set_errno                              0x08004379   Thumb Code     6  errno.o(i.__set_errno)
    _is_digit                                0x080046d7   Thumb Code    14  scanf_fp.o(i._is_digit)
    ai_array_get_byte_size                   0x08005479   Thumb Code    40  ai_datatypes_format.o(i.ai_array_get_byte_size)
    ai_array_get_data_byte_size              0x080054a1   Thumb Code    30  ai_datatypes_format.o(i.ai_array_get_data_byte_size)
    ai_array_to_buffer_fmt                   0x080054c1   Thumb Code   250  ai_datatypes_format.o(i.ai_array_to_buffer_fmt)
    ai_buffer_array_item_set_address         0x080055f1   Thumb Code    36  ai_platform.o(i.ai_buffer_array_item_set_address)
    ai_buffer_array_sane                     0x08005615   Thumb Code    18  ai_platform.o(i.ai_buffer_array_sane)
    ai_buffer_get_size                       0x08005629   Thumb Code    96  ai_platform.o(i.ai_buffer_get_size)
    ai_check_custom_types                    0x08005691   Thumb Code    38  layers.o(i.ai_check_custom_types)
    ai_layers_forward_all                    0x080056bd   Thumb Code    80  layers.o(i.ai_layers_forward_all)
    ai_layers_init_all                       0x0800570d   Thumb Code    30  layers.o(i.ai_layers_init_all)
    ai_layers_post_init_all                  0x0800572b   Thumb Code    54  layers.o(i.ai_layers_post_init_all)
    ai_network_create                        0x08005761   Thumb Code    20  network.o(i.ai_network_create)
    ai_network_create_and_init               0x08005779   Thumb Code   136  network.o(i.ai_network_create_and_init)
    ai_network_data_params_get               0x08005801   Thumb Code    36  network_data.o(i.ai_network_data_params_get)
    ai_network_get_error                     0x08005829   Thumb Code     4  network.o(i.ai_network_get_error)
    ai_network_init                          0x0800582d   Thumb Code    48  network.o(i.ai_network_init)
    ai_network_inputs_get                    0x0800585d   Thumb Code    12  network.o(i.ai_network_inputs_get)
    ai_network_outputs_get                   0x08005871   Thumb Code    12  network.o(i.ai_network_outputs_get)
    ai_network_run                           0x08005885   Thumb Code     4  network.o(i.ai_network_run)
    ai_platform_bind_network_params          0x08005889   Thumb Code    38  ai_platform_interface.o(i.ai_platform_bind_network_params)
    ai_platform_context_acquire              0x080058b5   Thumb Code    14  ai_platform_interface.o(i.ai_platform_context_acquire)
    ai_platform_get_activations_map          0x080058c9   Thumb Code    38  ai_platform_interface.o(i.ai_platform_get_activations_map)
    ai_platform_get_weights_map              0x080058f5   Thumb Code    36  ai_platform_interface.o(i.ai_platform_get_weights_map)
    ai_platform_inputs_get                   0x0800591d   Thumb Code    66  ai_platform_interface.o(i.ai_platform_inputs_get)
    ai_platform_network_create               0x08005961   Thumb Code   146  ai_platform_interface.o(i.ai_platform_network_create)
    ai_platform_network_get_error            0x080059fd   Thumb Code    24  ai_platform_interface.o(i.ai_platform_network_get_error)
    ai_platform_network_init                 0x08005a19   Thumb Code   264  ai_platform_interface.o(i.ai_platform_network_init)
    ai_platform_network_post_init            0x08005b31   Thumb Code    76  ai_platform_interface.o(i.ai_platform_network_post_init)
    ai_platform_network_process              0x08005b81   Thumb Code    84  ai_platform_interface.o(i.ai_platform_network_process)
    ai_platform_network_set_error            0x08005bd5   Thumb Code    12  ai_platform_interface.o(i.ai_platform_network_set_error)
    ai_platform_outputs_get                  0x08005be1   Thumb Code    72  ai_platform_interface.o(i.ai_platform_outputs_get)
    ai_version_get                           0x08005c43   Thumb Code    12  ai_datatypes_internal.o(i.ai_version_get)
    core_get_error                           0x08005c4f   Thumb Code    12  core_common.o(i.core_get_error)
    core_init                                0x08005c5b   Thumb Code     4  core_common.o(i.core_init)
    core_set_error                           0x08005c95   Thumb Code    26  core_common.o(i.core_set_error)
    forward_conv2d_if32of32wf32_nl_pool      0x08005caf   Thumb Code   718  layers_conv2d_generic_float.o(i.forward_conv2d_if32of32wf32_nl_pool)
    forward_dense                            0x08005f7d   Thumb Code   338  layers_conv2d_generic_float.o(i.forward_dense)
    forward_lite_conv2d_if32of32wf32_pool    0x080060d5   Thumb Code   650  forward_lite_conv2d_if32of32wf32.o(i.forward_lite_conv2d_if32of32wf32_pool)
    forward_lite_dense_if32of32wf32          0x08006365   Thumb Code   152  lite_dense_if32.o(i.forward_lite_dense_if32of32wf32)
    forward_lite_dense_if32of32wf32_lut4     0x08006401   Thumb Code   164  lite_dense_if32.o(i.forward_lite_dense_if32of32wf32_lut4)
    forward_lite_dense_if32of32wf32_lut8     0x080064a9   Thumb Code   168  lite_dense_if32.o(i.forward_lite_dense_if32of32wf32_lut8)
    forward_lite_nl_relu_generic_if32of32_kernel 0x08006555   Thumb Code   160  lite_nl_relu_if32of32.o(i.forward_lite_nl_relu_generic_if32of32_kernel)
    forward_lite_nl_relu_if32of32            0x080065f9   Thumb Code    36  lite_nl_generic_float.o(i.forward_lite_nl_relu_if32of32)
    forward_lite_nl_softmax_if32of32         0x08006621   Thumb Code    86  lite_nl_generic_float.o(i.forward_lite_nl_softmax_if32of32)
    forward_lite_nl_softmax_if32of32_kernel  0x08006679   Thumb Code   150  lite_nl_softmax_if32of32.o(i.forward_lite_nl_softmax_if32of32_kernel)
    forward_relu                             0x08006715   Thumb Code   192  layers_nl_generic_float.o(i.forward_relu)
    forward_sm                               0x080067d9   Thumb Code   140  layers_nl_generic_float.o(i.forward_sm)
    fputc                                    0x08006865   Thumb Code    20  main.o(i.fputc)
    get_tensor_byte_size                     0x080069ed   Thumb Code    34  ai_datatypes_internal.o(i.get_tensor_byte_size)
    main                                     0x08006a15   Thumb Code   450  main.o(i.main)
    pool_func_mp_array_f32                   0x08006e69   Thumb Code   420  forward_lite_pool_f32.o(i.pool_func_mp_array_f32)
    st_int8_copy                             0x08007011   Thumb Code   132  st_int8_fill.o(i.st_int8_copy)
    s_network_weights_array_u64              0x08007140   Data       209856  network_data_params.o(.constdata)
    AHBPrescTable                            0x0803a504   Data          16  system_stm32f7xx.o(.constdata)
    APBPrescTable                            0x0803a514   Data           8  system_stm32f7xx.o(.constdata)
    __ctype_categories                       0x0803a5b4   Data          64  ctype_c.o(.constdata)
    Region$$Table$$Base                      0x0803a758   Number         0  anon$$obj.o(Region$$Table)
    Region$$Table$$Limit                     0x0803a778   Number         0  anon$$obj.o(Region$$Table)
    g_network_data_map_activations           0x200009f0   Data          28  network_data.o(.data)
    g_network_data_map_weights               0x20000a0c   Data          28  network_data.o(.data)
    in_data_size                             0x20000a40   Data           4  main.o(.data)
    network                                  0x20000a44   Data           4  main.o(.data)
    ai_input                                 0x20000a48   Data           4  main.o(.data)
    ai_output                                0x20000a4c   Data           4  main.o(.data)
    uwTickFreq                               0x20000a94   Data           1  stm32f7xx_hal.o(.data)
    uwTickPrio                               0x20000a98   Data           4  stm32f7xx_hal.o(.data)
    uwTick                                   0x20000a9c   Data           4  stm32f7xx_hal.o(.data)
    SystemCoreClock                          0x20000aa0   Data           4  system_stm32f7xx.o(.data)
    __stdout                                 0x20000aa8   Data           4  stdout.o(.data)
    aiInData                                 0x20000b28   Data       48000  main.o(.bss)
    aiCharData                               0x2000c6a8   Data       21952  main.o(.bss)
    aiTmpCharData                            0x20011c68   Data       21952  main.o(.bss)
    My_Uart_Rx                               0x20017260   Data       52006  main.o(.bss)
    aiOutData                                0x20023d88   Data          60  main.o(.bss)
    activations                              0x20023dc4   Data       10516  main.o(.bss)
    hcrc                                     0x200266d8   Data          36  crc.o(.bss)
    huart1                                   0x200266fc   Data         136  usart.o(.bss)
    __initial_sp                             0x20026f88   Data           0  startup_stm32f767xx.o(STACK)



==============================================================================

Memory Map of the image

  Image Entry point : 0x080001f9

  Load Region LR_IROM1 (Base: 0x08000000, Size: 0x0003b228, Max: 0x00100000, ABSOLUTE, COMPRESSED[0x0003ab24])

    Execution Region ER_IROM1 (Exec base: 0x08000000, Load base: 0x08000000, Size: 0x0003a778, Max: 0x00100000, ABSOLUTE)

    Exec Addr    Load Addr    Size         Type   Attr      Idx    E Section Name        Object

    0x08000000   0x08000000   0x000001f8   Data   RO            3    RESET               startup_stm32f767xx.o
    0x080001f8   0x080001f8   0x00000000   Code   RO         4711  * .ARM.Collect$$$$00000000  mc_w.l(entry.o)
    0x080001f8   0x080001f8   0x00000004   Code   RO         5065    .ARM.Collect$$$$00000001  mc_w.l(entry2.o)
    0x080001fc   0x080001fc   0x00000004   Code   RO         5068    .ARM.Collect$$$$00000004  mc_w.l(entry5.o)
    0x08000200   0x08000200   0x00000000   Code   RO         5070    .ARM.Collect$$$$00000008  mc_w.l(entry7b.o)
    0x08000200   0x08000200   0x00000000   Code   RO         5072    .ARM.Collect$$$$0000000A  mc_w.l(entry8b.o)
    0x08000200   0x08000200   0x00000008   Code   RO         5073    .ARM.Collect$$$$0000000B  mc_w.l(entry9a.o)
    0x08000208   0x08000208   0x00000000   Code   RO         5075    .ARM.Collect$$$$0000000D  mc_w.l(entry10a.o)
    0x08000208   0x08000208   0x00000000   Code   RO         5077    .ARM.Collect$$$$0000000F  mc_w.l(entry11a.o)
    0x08000208   0x08000208   0x00000004   Code   RO         5066    .ARM.Collect$$$$00002712  mc_w.l(entry2.o)
    0x0800020c   0x0800020c   0x00000024   Code   RO            4    .text               startup_stm32f767xx.o
    0x08000230   0x08000230   0x00000062   Code   RO         4714    .text               mc_w.l(uldiv.o)
    0x08000292   0x08000292   0x00000024   Code   RO         4716    .text               mc_w.l(memcpya.o)
    0x080002b6   0x080002b6   0x00000024   Code   RO         4718    .text               mc_w.l(memseta.o)
    0x080002da   0x080002da   0x0000001a   Code   RO         4720    .text               mc_w.l(memcmp.o)
    0x080002f4   0x080002f4   0x00000044   Code   RO         4722    .text               mc_w.l(strtok.o)
    0x08000338   0x08000338   0x0000002c   Code   RO         5080    .text               mc_w.l(uidiv.o)
    0x08000364   0x08000364   0x0000001e   Code   RO         5082    .text               mc_w.l(llshl.o)
    0x08000382   0x08000382   0x00000020   Code   RO         5084    .text               mc_w.l(llushr.o)
    0x080003a2   0x080003a2   0x00000002   PAD
    0x080003a4   0x080003a4   0x0000009c   Code   RO         5095    .text               mc_w.l(strtod.o)
    0x08000440   0x08000440   0x00000000   Code   RO         5097    .text               mc_w.l(iusefp.o)
    0x08000440   0x08000440   0x0000014e   Code   RO         5102    .text               mf_w.l(dadd.o)
    0x0800058e   0x0800058e   0x000000e4   Code   RO         5104    .text               mf_w.l(dmul.o)
    0x08000672   0x08000672   0x000000de   Code   RO         5106    .text               mf_w.l(ddiv.o)
    0x08000750   0x08000750   0x00000030   Code   RO         5108    .text               mf_w.l(dfixul.o)
    0x08000780   0x08000780   0x00000030   Code   RO         5110    .text               mf_w.l(cdrcmple.o)
    0x080007b0   0x080007b0   0x00000024   Code   RO         5114    .text               mc_w.l(init.o)
    0x080007d4   0x080007d4   0x00000024   Code   RO         5116    .text               mc_w.l(llsshr.o)
    0x080007f8   0x080007f8   0x0000000a   Code   RO         5118    .text               mc_w.l(isspace_c.o)
    0x08000802   0x08000802   0x00000002   PAD
    0x08000804   0x08000804   0x00000360   Code   RO         5120    .text               mc_w.l(scanf_fp.o)
    0x08000b64   0x08000b64   0x00000040   Code   RO         5124    .text               mc_w.l(_sgetc.o)
    0x08000ba4   0x08000ba4   0x0000006e   Code   RO         5126    .text               mf_w.l(fepilogue.o)
    0x08000c12   0x08000c12   0x000000ba   Code   RO         5128    .text               mf_w.l(depilogue.o)
    0x08000ccc   0x08000ccc   0x00000028   Code   RO         5130    .text               mc_w.l(ctype_c.o)
    0x08000cf4   0x08000cf4   0x00000018   Code   RO         5133    .text               mf_w.l(dfltul.o)
    0x08000d0c   0x08000d0c   0x00000038   Code   RO         5135    .text               mf_w.l(d2f.o)
    0x08000d44   0x08000d44   0x00000056   Code   RO         5145    .text               mc_w.l(__dczerorl2.o)
    0x08000d9a   0x08000d9a   0x00000002   PAD
    0x08000d9c   0x08000d9c   0x00000074   Code   RO          483    i.AI_Init           main.o
    0x08000e10   0x08000e10   0x0000009c   Code   RO          484    i.AI_Run            main.o
    0x08000eac   0x08000eac   0x00000002   Code   RO          847    i.BusFault_Handler  stm32f7xx_it.o
    0x08000eae   0x08000eae   0x00000002   PAD
    0x08000eb0   0x08000eb0   0x000000f2   Code   RO          485    i.Copy_Box_To28     main.o
    0x08000fa2   0x08000fa2   0x00000002   Code   RO          848    i.DebugMon_Handler  stm32f7xx_it.o
    0x08000fa4   0x08000fa4   0x00000004   Code   RO          486    i.Error_Handler     main.o
    0x08000fa8   0x08000fa8   0x00000054   Code   RO         1172    i.HAL_CRCEx_Polynomial_Set  stm32f7xx_hal_crc_ex.o
    0x08000ffc   0x08000ffc   0x00000078   Code   RO         1106    i.HAL_CRC_Init      stm32f7xx_hal_crc.o
    0x08001074   0x08001074   0x00000028   Code   RO          764    i.HAL_CRC_MspInit   crc.o
    0x0800109c   0x0800109c   0x00000092   Code   RO         1619    i.HAL_DMA_Abort     stm32f7xx_hal_dma.o
    0x0800112e   0x0800112e   0x00000024   Code   RO         1620    i.HAL_DMA_Abort_IT  stm32f7xx_hal_dma.o
    0x08001152   0x08001152   0x00000002   PAD
    0x08001154   0x08001154   0x00000248   Code   RO         1553    i.HAL_GPIO_Init     stm32f7xx_hal_gpio.o
    0x0800139c   0x0800139c   0x0000000c   Code   RO         1996    i.HAL_GetTick       stm32f7xx_hal.o
    0x080013a8   0x080013a8   0x00000010   Code   RO         2002    i.HAL_IncTick       stm32f7xx_hal.o
    0x080013b8   0x080013b8   0x00000016   Code   RO         2003    i.HAL_Init          stm32f7xx_hal.o
    0x080013ce   0x080013ce   0x00000002   PAD
    0x080013d0   0x080013d0   0x00000040   Code   RO         2004    i.HAL_InitTick      stm32f7xx_hal.o
    0x08001410   0x08001410   0x00000030   Code   RO          929    i.HAL_MspInit       stm32f7xx_hal_msp.o
    0x08001440   0x08001440   0x0000001a   Code   RO          960    i.HAL_NVIC_EnableIRQ  stm32f7xx_hal_cortex.o
    0x0800145a   0x0800145a   0x00000002   PAD
    0x0800145c   0x0800145c   0x00000040   Code   RO          966    i.HAL_NVIC_SetPriority  stm32f7xx_hal_cortex.o
    0x0800149c   0x0800149c   0x00000024   Code   RO          967    i.HAL_NVIC_SetPriorityGrouping  stm32f7xx_hal_cortex.o
    0x080014c0   0x080014c0   0x0000006c   Code   RO         1893    i.HAL_PWREx_EnableOverDrive  stm32f7xx_hal_pwr_ex.o
    0x0800152c   0x0800152c   0x0000053c   Code   RO         1314    i.HAL_RCCEx_PeriphCLKConfig  stm32f7xx_hal_rcc_ex.o
    0x08001a68   0x08001a68   0x00000130   Code   RO         1207    i.HAL_RCC_ClockConfig  stm32f7xx_hal_rcc.o
    0x08001b98   0x08001b98   0x00000020   Code   RO         1214    i.HAL_RCC_GetPCLK1Freq  stm32f7xx_hal_rcc.o
    0x08001bb8   0x08001bb8   0x00000020   Code   RO         1215    i.HAL_RCC_GetPCLK2Freq  stm32f7xx_hal_rcc.o
    0x08001bd8   0x08001bd8   0x00000064   Code   RO         1216    i.HAL_RCC_GetSysClockFreq  stm32f7xx_hal_rcc.o
    0x08001c3c   0x08001c3c   0x00000398   Code   RO         1219    i.HAL_RCC_OscConfig  stm32f7xx_hal_rcc.o
    0x08001fd4   0x08001fd4   0x00000026   Code   RO          971    i.HAL_SYSTICK_Config  stm32f7xx_hal_cortex.o
    0x08001ffa   0x08001ffa   0x0000004e   Code   RO         3218    i.HAL_UARTEx_ReceiveToIdle_IT  stm32f7xx_hal_uart_ex.o
    0x08002048   0x08002048   0x00000044   Code   RO          487    i.HAL_UARTEx_RxEventCallback  main.o
    0x0800208c   0x0800208c   0x00000002   Code   RO         2821    i.HAL_UARTEx_WakeupCallback  stm32f7xx_hal_uart.o
    0x0800208e   0x0800208e   0x00000002   Code   RO         2837    i.HAL_UART_ErrorCallback  stm32f7xx_hal_uart.o
    0x08002090   0x08002090   0x000002c4   Code   RO         2840    i.HAL_UART_IRQHandler  stm32f7xx_hal_uart.o
    0x08002354   0x08002354   0x00000066   Code   RO         2841    i.HAL_UART_Init     stm32f7xx_hal_uart.o
    0x080023ba   0x080023ba   0x00000002   PAD
    0x080023bc   0x080023bc   0x00000098   Code   RO          806    i.HAL_UART_MspInit  usart.o
    0x08002454   0x08002454   0x00000002   Code   RO         2848    i.HAL_UART_RxCpltCallback  stm32f7xx_hal_uart.o
    0x08002456   0x08002456   0x000000a6   Code   RO         2850    i.HAL_UART_Transmit  stm32f7xx_hal_uart.o
    0x080024fc   0x080024fc   0x0000005c   Code   RO         2852    i.HAL_UART_Transmit_IT  stm32f7xx_hal_uart.o
    0x08002558   0x08002558   0x00000002   Code   RO         2853    i.HAL_UART_TxCpltCallback  stm32f7xx_hal_uart.o
    0x0800255a   0x0800255a   0x00000002   PAD
    0x0800255c   0x0800255c   0x0000027c   Code   RO          488    i.Handle_Command_Frame  main.o
    0x080027d8   0x080027d8   0x00000002   Code   RO          849    i.HardFault_Handler  stm32f7xx_it.o
    0x080027da   0x080027da   0x00000002   PAD
    0x080027dc   0x080027dc   0x00000428   Code   RO          489    i.Judge_Expression  main.o
    0x08002c04   0x08002c04   0x00000030   Code   RO          765    i.MX_CRC_Init       crc.o
    0x08002c34   0x08002c34   0x0000002c   Code   RO          735    i.MX_GPIO_Init      gpio.o
    0x08002c60   0x08002c60   0x0000003c   Code   RO          807    i.MX_USART1_UART_Init  usart.o
    0x08002c9c   0x08002c9c   0x00000002   Code   RO          850    i.MemManage_Handler  stm32f7xx_it.o
    0x08002c9e   0x08002c9e   0x00000002   Code   RO          851    i.NMI_Handler       stm32f7xx_it.o
    0x08002ca0   0x08002ca0   0x00000040   Code   RO          490    i.Normalize_Pixel   main.o
    0x08002ce0   0x08002ce0   0x00000002   Code   RO          852    i.PendSV_Handler    stm32f7xx_it.o
    0x08002ce2   0x08002ce2   0x00000002   PAD
    0x08002ce4   0x08002ce4   0x00000150   Code   RO          491    i.Print_Rewrite_Menu  main.o
    0x08002e34   0x08002e34   0x00000088   Code   RO          492    i.Process_Input     main.o
    0x08002ebc   0x08002ebc   0x00000150   Code   RO          493    i.Process_Rewrite_Answer  main.o
    0x0800300c   0x0800300c   0x00000108   Code   RO          494    i.Process_Rewrite_Char  main.o
    0x08003114   0x08003114   0x00000144   Code   RO          495    i.Recognize_Current_Chars  main.o
    0x08003258   0x08003258   0x0000005c   Code   RO          496    i.Reset_App_State   main.o
    0x080032b4   0x080032b4   0x00000002   Code   RO          853    i.SVC_Handler       stm32f7xx_it.o
    0x080032b6   0x080032b6   0x00000002   PAD
    0x080032b8   0x080032b8   0x00000178   Code   RO          497    i.Segment_Image     main.o
    0x08003430   0x08003430   0x00000254   Code   RO          498    i.Segment_Input_ToChars  main.o
    0x08003684   0x08003684   0x00000088   Code   RO          499    i.Start_Answer_Rewrite  main.o
    0x0800370c   0x0800370c   0x00000004   Code   RO          854    i.SysTick_Handler   stm32f7xx_it.o
    0x08003710   0x08003710   0x000000a0   Code   RO          500    i.SystemClock_Config  main.o
    0x080037b0   0x080037b0   0x00000010   Code   RO         3294    i.SystemInit        system_stm32f7xx.o
    0x080037c0   0x080037c0   0x000000c8   Code   RO         2855    i.UART_AdvFeatureConfig  stm32f7xx_hal_uart.o
    0x08003888   0x08003888   0x000000a6   Code   RO         2856    i.UART_CheckIdleState  stm32f7xx_hal_uart.o
    0x0800392e   0x0800392e   0x00000010   Code   RO         2857    i.UART_DMAAbortOnError  stm32f7xx_hal_uart.o
    0x0800393e   0x0800393e   0x0000004c   Code   RO         2867    i.UART_EndRxTransfer  stm32f7xx_hal_uart.o
    0x0800398a   0x0800398a   0x000000be   Code   RO         2869    i.UART_RxISR_16BIT  stm32f7xx_hal_uart.o
    0x08003a48   0x08003a48   0x000000be   Code   RO         2870    i.UART_RxISR_8BIT   stm32f7xx_hal_uart.o
    0x08003b06   0x08003b06   0x00000002   PAD
    0x08003b08   0x08003b08   0x00000230   Code   RO         2871    i.UART_SetConfig    stm32f7xx_hal_uart.o
    0x08003d38   0x08003d38   0x000000b8   Code   RO         2873    i.UART_Start_Receive_IT  stm32f7xx_hal_uart.o
    0x08003df0   0x08003df0   0x00000050   Code   RO         2874    i.UART_TxISR_16BIT  stm32f7xx_hal_uart.o
    0x08003e40   0x08003e40   0x0000004c   Code   RO         2875    i.UART_TxISR_8BIT   stm32f7xx_hal_uart.o
    0x08003e8c   0x08003e8c   0x00000094   Code   RO         2876    i.UART_WaitOnFlagUntilTimeout  stm32f7xx_hal_uart.o
    0x08003f20   0x08003f20   0x0000000c   Code   RO          855    i.USART1_IRQHandler  stm32f7xx_it.o
    0x08003f2c   0x08003f2c   0x00000002   Code   RO          856    i.UsageFault_Handler  stm32f7xx_it.o
    0x08003f2e   0x08003f2e   0x00000002   PAD
    0x08003f30   0x08003f30   0x00000020   Code   RO         4963    i.__0printf         mc_w.l(printfa.o)
    0x08003f50   0x08003f50   0x00000028   Code   RO         4965    i.__0sprintf        mc_w.l(printfa.o)
    0x08003f78   0x08003f78   0x00000026   Code   RO         5027    i.__ARM_fpclassifyf  m_wv.l(fpclassifyf.o)
    0x08003f9e   0x08003f9e   0x00000022   Code   RO          973    i.__NVIC_SetPriority  stm32f7xx_hal_cortex.o
    0x08003fc0   0x08003fc0   0x00000134   Code   RO         3870    i.__ai_math_dot_array  NetworkRuntime1020_CM7_Keil.lib(lite_dense_if32.o)
    0x080040f4   0x080040f4   0x00000004   PAD
    0x080040f8   0x080040f8   0x00000038   Code   RO         4551    i.__hardfp_atof     m_wv.l(atof.o)
    0x08004130   0x08004130   0x000001f4   Code   RO         4599    i.__hardfp_expf     m_wv.l(expf.o)
    0x08004324   0x08004324   0x00000006   Code   RO         5030    i.__mathlib_flt_infnan  m_wv.l(funder.o)
    0x0800432a   0x0800432a   0x00000002   PAD
    0x0800432c   0x0800432c   0x00000010   Code   RO         5033    i.__mathlib_flt_overflow  m_wv.l(funder.o)
    0x0800433c   0x0800433c   0x00000010   Code   RO         5035    i.__mathlib_flt_underflow  m_wv.l(funder.o)
    0x0800434c   0x0800434c   0x0000000c   Code   RO         5089    i.__read_errno      mc_w.l(errno.o)
    0x08004358   0x08004358   0x0000000e   Code   RO         5139    i.__scatterload_copy  mc_w.l(handlers.o)
    0x08004366   0x08004366   0x00000002   Code   RO         5140    i.__scatterload_null  mc_w.l(handlers.o)
    0x08004368   0x08004368   0x0000000e   Code   RO         5141    i.__scatterload_zeroinit  mc_w.l(handlers.o)
    0x08004376   0x08004376   0x00000002   PAD
    0x08004378   0x08004378   0x0000000c   Code   RO         5090    i.__set_errno       mc_w.l(errno.o)
    0x08004384   0x08004384   0x00000012   Code   RO         3796    i._ai_forward_layer  NetworkRuntime1020_CM7_Keil.lib(layers.o)
    0x08004396   0x08004396   0x00000002   PAD
    0x08004398   0x08004398   0x000000e0   Code   RO         3345    i._ai_platform_get_io_buffers_info  NetworkRuntime1020_CM7_Keil.lib(ai_platform_interface.o)
    0x08004478   0x08004478   0x0000007e   Code   RO         3824    i._final_pooling_buffer_reorder  NetworkRuntime1020_CM7_Keil.lib(forward_lite_conv2d_if32of32wf32.o)
    0x080044f6   0x080044f6   0x00000002   PAD
    0x080044f8   0x080044f8   0x00000038   Code   RO         3456    i._forward_lite_nl_relu_thresholded_if32of32  NetworkRuntime1020_CM7_Keil.lib(layers_nl_generic_float.o)
    0x08004530   0x08004530   0x00000184   Code   RO         4970    i._fp_digits        mc_w.l(printfa.o)
    0x080046b4   0x080046b4   0x00000022   Code   RO         3737    i._get_lut_size     NetworkRuntime1020_CM7_Keil.lib(ai_datatypes_format.o)
    0x080046d6   0x080046d6   0x0000000e   Code   RO         5122    i._is_digit         mc_w.l(scanf_fp.o)
    0x080046e4   0x080046e4   0x0000012c   Code   RO         3871    i._lite_dict4_dot_array_f32  NetworkRuntime1020_CM7_Keil.lib(lite_dense_if32.o)
    0x08004810   0x08004810   0x00000104   Code   RO         3872    i._lite_dict8_dot_array_f32  NetworkRuntime1020_CM7_Keil.lib(lite_dense_if32.o)
    0x08004914   0x08004914   0x0000004a   Code   RO         3346    i._platform_ai_buffer_array_copy  NetworkRuntime1020_CM7_Keil.lib(ai_platform_interface.o)
    0x0800495e   0x0800495e   0x00000002   PAD
    0x08004960   0x08004960   0x00000050   Code   RO         3347    i._platform_get_table_map_from_buffer  NetworkRuntime1020_CM7_Keil.lib(ai_platform_interface.o)
    0x080049b0   0x080049b0   0x00000044   Code   RO         3348    i._platform_get_table_map_from_buffer_array  NetworkRuntime1020_CM7_Keil.lib(ai_platform_interface.o)
    0x080049f4   0x080049f4   0x00000014   Code   RO         3349    i._platform_network_buffers_signature_valid  NetworkRuntime1020_CM7_Keil.lib(ai_platform_interface.o)
    0x08004a08   0x08004a08   0x00000210   Code   RO         3350    i._platform_network_io_bind  NetworkRuntime1020_CM7_Keil.lib(ai_platform_interface.o)
    0x08004c18   0x08004c18   0x0000003e   Code   RO         3351    i._platform_network_state_setup  NetworkRuntime1020_CM7_Keil.lib(ai_platform_interface.o)
    0x08004c56   0x08004c56   0x0000006a   Code   RO         3352    i._platform_network_state_update_input  NetworkRuntime1020_CM7_Keil.lib(ai_platform_interface.o)
    0x08004cc0   0x08004cc0   0x00000080   Code   RO         3353    i._platform_network_state_update_output  NetworkRuntime1020_CM7_Keil.lib(ai_platform_interface.o)
    0x08004d40   0x08004d40   0x000006dc   Code   RO         4971    i._printf_core      mc_w.l(printfa.o)
    0x0800541c   0x0800541c   0x00000024   Code   RO         4972    i._printf_post_padding  mc_w.l(printfa.o)
    0x08005440   0x08005440   0x0000002e   Code   RO         4973    i._printf_pre_padding  mc_w.l(printfa.o)
    0x0800546e   0x0800546e   0x0000000a   Code   RO         4975    i._sputc            mc_w.l(printfa.o)
    0x08005478   0x08005478   0x00000028   Code   RO         3742    i.ai_array_get_byte_size  NetworkRuntime1020_CM7_Keil.lib(ai_datatypes_format.o)
    0x080054a0   0x080054a0   0x0000001e   Code   RO         3743    i.ai_array_get_data_byte_size  NetworkRuntime1020_CM7_Keil.lib(ai_datatypes_format.o)
    0x080054be   0x080054be   0x00000002   PAD
    0x080054c0   0x080054c0   0x00000130   Code   RO         3745    i.ai_array_to_buffer_fmt  NetworkRuntime1020_CM7_Keil.lib(ai_datatypes_format.o)
    0x080055f0   0x080055f0   0x00000024   Code   RO         3331    i.ai_buffer_array_item_set_address  NetworkRuntime1020_CM7_Keil.lib(ai_platform.o)
    0x08005614   0x08005614   0x00000012   Code   RO         3332    i.ai_buffer_array_sane  NetworkRuntime1020_CM7_Keil.lib(ai_platform.o)
    0x08005626   0x08005626   0x00000002   PAD
    0x08005628   0x08005628   0x00000068   Code   RO         3334    i.ai_buffer_get_size  NetworkRuntime1020_CM7_Keil.lib(ai_platform.o)
    0x08005690   0x08005690   0x0000002c   Code   RO         3798    i.ai_check_custom_types  NetworkRuntime1020_CM7_Keil.lib(layers.o)
    0x080056bc   0x080056bc   0x00000050   Code   RO         3802    i.ai_layers_forward_all  NetworkRuntime1020_CM7_Keil.lib(layers.o)
    0x0800570c   0x0800570c   0x0000001e   Code   RO         3803    i.ai_layers_init_all  NetworkRuntime1020_CM7_Keil.lib(layers.o)
    0x0800572a   0x0800572a   0x00000036   Code   RO         3804    i.ai_layers_post_init_all  NetworkRuntime1020_CM7_Keil.lib(layers.o)
    0x08005760   0x08005760   0x00000018   Code   RO           10    i.ai_network_create  network.o
    0x08005778   0x08005778   0x00000088   Code   RO           11    i.ai_network_create_and_init  network.o
    0x08005800   0x08005800   0x00000028   Code   RO          410    i.ai_network_data_params_get  network_data.o
    0x08005828   0x08005828   0x00000004   Code   RO           14    i.ai_network_get_error  network.o
    0x0800582c   0x0800582c   0x00000030   Code   RO           17    i.ai_network_init   network.o
    0x0800585c   0x0800585c   0x00000014   Code   RO           18    i.ai_network_inputs_get  network.o
    0x08005870   0x08005870   0x00000014   Code   RO           19    i.ai_network_outputs_get  network.o
    0x08005884   0x08005884   0x00000004   Code   RO           20    i.ai_network_run    network.o
    0x08005888   0x08005888   0x0000002c   Code   RO         3357    i.ai_platform_bind_network_params  NetworkRuntime1020_CM7_Keil.lib(ai_platform_interface.o)
    0x080058b4   0x080058b4   0x00000014   Code   RO         3358    i.ai_platform_context_acquire  NetworkRuntime1020_CM7_Keil.lib(ai_platform_interface.o)
    0x080058c8   0x080058c8   0x0000002c   Code   RO         3360    i.ai_platform_get_activations_map  NetworkRuntime1020_CM7_Keil.lib(ai_platform_interface.o)
    0x080058f4   0x080058f4   0x00000028   Code   RO         3361    i.ai_platform_get_weights_map  NetworkRuntime1020_CM7_Keil.lib(ai_platform_interface.o)
    0x0800591c   0x0800591c   0x00000042   Code   RO         3362    i.ai_platform_inputs_get  NetworkRuntime1020_CM7_Keil.lib(ai_platform_interface.o)
    0x0800595e   0x0800595e   0x00000002   PAD
    0x08005960   0x08005960   0x0000009c   Code   RO         3364    i.ai_platform_network_create  NetworkRuntime1020_CM7_Keil.lib(ai_platform_interface.o)
    0x080059fc   0x080059fc   0x0000001c   Code   RO         3366    i.ai_platform_network_get_error  NetworkRuntime1020_CM7_Keil.lib(ai_platform_interface.o)
    0x08005a18   0x08005a18   0x00000118   Code   RO         3367    i.ai_platform_network_init  NetworkRuntime1020_CM7_Keil.lib(ai_platform_interface.o)
    0x08005b30   0x08005b30   0x00000050   Code   RO         3368    i.ai_platform_network_post_init  NetworkRuntime1020_CM7_Keil.lib(ai_platform_interface.o)
    0x08005b80   0x08005b80   0x00000054   Code   RO         3369    i.ai_platform_network_process  NetworkRuntime1020_CM7_Keil.lib(ai_platform_interface.o)
    0x08005bd4   0x08005bd4   0x0000000c   Code   RO         3370    i.ai_platform_network_set_error  NetworkRuntime1020_CM7_Keil.lib(ai_platform_interface.o)
    0x08005be0   0x08005be0   0x00000048   Code   RO         3376    i.ai_platform_outputs_get  NetworkRuntime1020_CM7_Keil.lib(ai_platform_interface.o)
    0x08005c28   0x08005c28   0x0000001a   Code   RO         3457    i.ai_shape_get_size  NetworkRuntime1020_CM7_Keil.lib(layers_nl_generic_float.o)
    0x08005c42   0x08005c42   0x0000000c   Code   RO         3767    i.ai_version_get    NetworkRuntime1020_CM7_Keil.lib(ai_datatypes_internal.o)
    0x08005c4e   0x08005c4e   0x0000000c   Code   RO         3777    i.core_get_error    NetworkRuntime1020_CM7_Keil.lib(core_common.o)
    0x08005c5a   0x08005c5a   0x00000004   Code   RO         3778    i.core_init         NetworkRuntime1020_CM7_Keil.lib(core_common.o)
    0x08005c5e   0x08005c5e   0x00000012   Code   RO         3420    i.core_nl_get_params_byte_size  NetworkRuntime1020_CM7_Keil.lib(layers_conv2d_generic_float.o)
    0x08005c70   0x08005c70   0x00000012   Code   RO         3421    i.core_nl_get_params_ptr  NetworkRuntime1020_CM7_Keil.lib(layers_conv2d_generic_float.o)
    0x08005c82   0x08005c82   0x00000012   Code   RO         3422    i.core_nl_get_params_stride  NetworkRuntime1020_CM7_Keil.lib(layers_conv2d_generic_float.o)
    0x08005c94   0x08005c94   0x0000001a   Code   RO         3779    i.core_set_error    NetworkRuntime1020_CM7_Keil.lib(core_common.o)
    0x08005cae   0x08005cae   0x000002ce   Code   RO         3426    i.forward_conv2d_if32of32wf32_nl_pool  NetworkRuntime1020_CM7_Keil.lib(layers_conv2d_generic_float.o)
    0x08005f7c   0x08005f7c   0x00000158   Code   RO         3427    i.forward_dense     NetworkRuntime1020_CM7_Keil.lib(layers_conv2d_generic_float.o)
    0x080060d4   0x080060d4   0x00000290   Code   RO         3828    i.forward_lite_conv2d_if32of32wf32_pool  NetworkRuntime1020_CM7_Keil.lib(forward_lite_conv2d_if32of32wf32.o)
    0x08006364   0x08006364   0x0000009c   Code   RO         3873    i.forward_lite_dense_if32of32wf32  NetworkRuntime1020_CM7_Keil.lib(lite_dense_if32.o)
    0x08006400   0x08006400   0x000000a8   Code   RO         3874    i.forward_lite_dense_if32of32wf32_lut4  NetworkRuntime1020_CM7_Keil.lib(lite_dense_if32.o)
    0x080064a8   0x080064a8   0x000000ac   Code   RO         3875    i.forward_lite_dense_if32of32wf32_lut8  NetworkRuntime1020_CM7_Keil.lib(lite_dense_if32.o)
    0x08006554   0x08006554   0x000000a4   Code   RO         3861    i.forward_lite_nl_relu_generic_if32of32_kernel  NetworkRuntime1020_CM7_Keil.lib(lite_nl_relu_if32of32.o)
    0x080065f8   0x080065f8   0x00000028   Code   RO         3673    i.forward_lite_nl_relu_if32of32  NetworkRuntime1020_CM7_Keil.lib(lite_nl_generic_float.o)
    0x08006620   0x08006620   0x00000056   Code   RO         3684    i.forward_lite_nl_softmax_if32of32  NetworkRuntime1020_CM7_Keil.lib(lite_nl_generic_float.o)
    0x08006676   0x08006676   0x00000002   PAD
    0x08006678   0x08006678   0x0000009c   Code   RO         3850    i.forward_lite_nl_softmax_if32of32_kernel  NetworkRuntime1020_CM7_Keil.lib(lite_nl_softmax_if32of32.o)
    0x08006714   0x08006714   0x000000c4   Code   RO         3483    i.forward_relu      NetworkRuntime1020_CM7_Keil.lib(layers_nl_generic_float.o)
    0x080067d8   0x080067d8   0x0000008c   Code   RO         3492    i.forward_sm        NetworkRuntime1020_CM7_Keil.lib(layers_nl_generic_float.o)
    0x08006864   0x08006864   0x00000018   Code   RO          501    i.fputc             main.o
    0x0800687c   0x0800687c   0x0000016e   Code   RO         3833    i.fw_lite_conv2d_kernel_simple_opt_f32  NetworkRuntime1020_CM7_Keil.lib(forward_lite_conv2d_if32of32wf32.o)
    0x080069ea   0x080069ea   0x00000002   PAD
    0x080069ec   0x080069ec   0x00000028   Code   RO         3768    i.get_tensor_byte_size  NetworkRuntime1020_CM7_Keil.lib(ai_datatypes_internal.o)
    0x08006a14   0x08006a14   0x000002c0   Code   RO          502    i.main              main.o
    0x08006cd4   0x08006cd4   0x000000c0   Code   RO           21    i.network_configure_activations  network.o
    0x08006d94   0x08006d94   0x000000d4   Code   RO           22    i.network_configure_weights  network.o
    0x08006e68   0x08006e68   0x000001a8   Code   RO         3642    i.pool_func_mp_array_f32  NetworkRuntime1020_CM7_Keil.lib(forward_lite_pool_f32.o)
    0x08007010   0x08007010   0x00000084   Code   RO         4428    i.st_int8_copy      NetworkRuntime1020_CM7_Keil.lib(st_int8_fill.o)
    0x08007094   0x08007094   0x00000008   Data   RO           29    .constdata          network.o
    0x0800709c   0x0800709c   0x00000008   Data   RO           30    .constdata          network.o
    0x080070a4   0x080070a4   0x00000008   Data   RO           31    .constdata          network.o
    0x080070ac   0x080070ac   0x00000008   Data   RO           32    .constdata          network.o
    0x080070b4   0x080070b4   0x00000008   Data   RO           33    .constdata          network.o
    0x080070bc   0x080070bc   0x00000008   Data   RO           34    .constdata          network.o
    0x080070c4   0x080070c4   0x00000068   Data   RO          413    .constdata          network_data.o
    0x0800712c   0x0800712c   0x00000014   PAD
    0x08007140   0x08007140   0x000333c0   Data   RO          463    .constdata          network_data_params.o
    0x0803a500   0x0803a500   0x00000004   Data   RO          505    .constdata          main.o
    0x0803a504   0x0803a504   0x00000010   Data   RO         3295    .constdata          system_stm32f7xx.o
    0x0803a514   0x0803a514   0x00000008   Data   RO         3296    .constdata          system_stm32f7xx.o
    0x0803a51c   0x0803a51c   0x00000068   Data   RO         3379    .constdata          NetworkRuntime1020_CM7_Keil.lib(ai_platform_interface.o)
    0x0803a584   0x0803a584   0x00000030   Data   RO         4602    .constdata          m_wv.l(expf.o)
    0x0803a5b4   0x0803a5b4   0x00000040   Data   RO         5131    .constdata          mc_w.l(ctype_c.o)
    0x0803a5f4   0x0803a5f4   0x00000162   Data   RO          506    .conststring        main.o
    0x0803a756   0x0803a756   0x00000002   PAD
    0x0803a758   0x0803a758   0x00000020   Data   RO         5137    Region$$Table       anon$$obj.o


    Execution Region RW_IRAM1 (Exec base: 0x20000000, Load base: 0x0803a778, Size: 0x00026f88, Max: 0x00080000, ABSOLUTE, COMPRESSED[0x000003ac])

    Exec Addr    Load Addr    Size         Type   Attr      Idx    E Section Name        Object

    0x20000000   COMPRESSED   0x00000010   Data   RW           37    .data               network.o
    0x20000010   COMPRESSED   0x00000010   Data   RW           38    .data               network.o
    0x20000020   COMPRESSED   0x00000010   Data   RW           39    .data               network.o
    0x20000030   COMPRESSED   0x00000010   Data   RW           40    .data               network.o
    0x20000040   COMPRESSED   0x00000010   Data   RW           41    .data               network.o
    0x20000050   COMPRESSED   0x00000010   Data   RW           42    .data               network.o
    0x20000060   COMPRESSED   0x00000010   Data   RW           43    .data               network.o
    0x20000070   COMPRESSED   0x00000010   Data   RW           44    .data               network.o
    0x20000080   COMPRESSED   0x00000010   Data   RW           45    .data               network.o
    0x20000090   COMPRESSED   0x00000010   Data   RW           46    .data               network.o
    0x200000a0   COMPRESSED   0x00000010   Data   RW           47    .data               network.o
    0x200000b0   COMPRESSED   0x00000010   Data   RW           48    .data               network.o
    0x200000c0   COMPRESSED   0x00000010   Data   RW           49    .data               network.o
    0x200000d0   COMPRESSED   0x00000010   Data   RW           50    .data               network.o
    0x200000e0   COMPRESSED   0x00000010   Data   RW           51    .data               network.o
    0x200000f0   COMPRESSED   0x00000010   Data   RW           52    .data               network.o
    0x20000100   COMPRESSED   0x00000010   Data   RW           53    .data               network.o
    0x20000110   COMPRESSED   0x00000010   Data   RW           54    .data               network.o
    0x20000120   COMPRESSED   0x00000010   Data   RW           55    .data               network.o
    0x20000130   COMPRESSED   0x00000010   Data   RW           56    .data               network.o
    0x20000140   COMPRESSED   0x00000010   Data   RW           57    .data               network.o
    0x20000150   COMPRESSED   0x00000010   Data   RW           58    .data               network.o
    0x20000160   COMPRESSED   0x00000010   Data   RW           59    .data               network.o
    0x20000170   COMPRESSED   0x00000010   Data   RW           60    .data               network.o
    0x20000180   COMPRESSED   0x00000010   Data   RW           61    .data               network.o
    0x20000190   COMPRESSED   0x00000010   Data   RW           62    .data               network.o
    0x200001a0   COMPRESSED   0x00000010   Data   RW           63    .data               network.o
    0x200001b0   COMPRESSED   0x00000010   Data   RW           64    .data               network.o
    0x200001c0   COMPRESSED   0x00000010   Data   RW           65    .data               network.o
    0x200001d0   COMPRESSED   0x00000010   Data   RW           66    .data               network.o
    0x200001e0   COMPRESSED   0x00000010   Data   RW           67    .data               network.o
    0x200001f0   COMPRESSED   0x00000010   Data   RW           68    .data               network.o
    0x20000200   COMPRESSED   0x00000010   Data   RW           69    .data               network.o
    0x20000210   COMPRESSED   0x00000010   Data   RW           70    .data               network.o
    0x20000220   COMPRESSED   0x00000010   Data   RW           71    .data               network.o
    0x20000230   COMPRESSED   0x00000010   Data   RW           72    .data               network.o
    0x20000240   COMPRESSED   0x00000010   Data   RW           73    .data               network.o
    0x20000250   COMPRESSED   0x00000010   Data   RW           74    .data               network.o
    0x20000260   COMPRESSED   0x00000010   Data   RW           75    .data               network.o
    0x20000270   COMPRESSED   0x00000010   Data   RW           76    .data               network.o
    0x20000280   COMPRESSED   0x00000004   Data   RW           77    .data               network.o
    0x20000284   COMPRESSED   0x00000004   Data   RW           78    .data               network.o
    0x20000288   COMPRESSED   0x00000004   Data   RW           79    .data               network.o
    0x2000028c   COMPRESSED   0x00000004   Data   RW           80    .data               network.o
    0x20000290   COMPRESSED   0x00000030   Data   RW           81    .data               network.o
    0x200002c0   COMPRESSED   0x00000004   Data   RW           82    .data               network.o
    0x200002c4   COMPRESSED   0x00000004   Data   RW           83    .data               network.o
    0x200002c8   COMPRESSED   0x00000008   Data   RW           84    .data               network.o
    0x200002d0   COMPRESSED   0x00000004   Data   RW           85    .data               network.o
    0x200002d4   COMPRESSED   0x00000030   Data   RW           86    .data               network.o
    0x20000304   COMPRESSED   0x00000004   Data   RW           87    .data               network.o
    0x20000308   COMPRESSED   0x00000004   Data   RW           88    .data               network.o
    0x2000030c   COMPRESSED   0x00000004   Data   RW           89    .data               network.o
    0x20000310   COMPRESSED   0x00000004   Data   RW           90    .data               network.o
    0x20000314   COMPRESSED   0x00000030   Data   RW           91    .data               network.o
    0x20000344   COMPRESSED   0x00000004   Data   RW           92    .data               network.o
    0x20000348   COMPRESSED   0x00000004   Data   RW           93    .data               network.o
    0x2000034c   COMPRESSED   0x00000008   Data   RW           94    .data               network.o
    0x20000354   COMPRESSED   0x00000004   Data   RW           95    .data               network.o
    0x20000358   COMPRESSED   0x00000030   Data   RW           96    .data               network.o
    0x20000388   COMPRESSED   0x00000004   Data   RW           97    .data               network.o
    0x2000038c   COMPRESSED   0x00000004   Data   RW           98    .data               network.o
    0x20000390   COMPRESSED   0x0000000c   Data   RW           99    .data               network.o
    0x2000039c   COMPRESSED   0x00000008   Data   RW          100    .data               network.o
    0x200003a4   COMPRESSED   0x00000030   Data   RW          101    .data               network.o
    0x200003d4   COMPRESSED   0x00000010   Data   RW          102    .data               network.o
    0x200003e4   COMPRESSED   0x00000004   Data   RW          103    .data               network.o
    0x200003e8   COMPRESSED   0x00000004   Data   RW          104    .data               network.o
    0x200003ec   COMPRESSED   0x0000000c   Data   RW          105    .data               network.o
    0x200003f8   COMPRESSED   0x00000008   Data   RW          106    .data               network.o
    0x20000400   COMPRESSED   0x00000030   Data   RW          107    .data               network.o
    0x20000430   COMPRESSED   0x00000010   Data   RW          108    .data               network.o
    0x20000440   COMPRESSED   0x00000010   Data   RW          109    .data               network.o
    0x20000450   COMPRESSED   0x0000001c   Data   RW          110    .data               network.o
    0x2000046c   COMPRESSED   0x00000010   Data   RW          111    .data               network.o
    0x2000047c   COMPRESSED   0x0000001c   Data   RW          112    .data               network.o
    0x20000498   COMPRESSED   0x00000004   Data   RW          113    .data               network.o
    0x2000049c   COMPRESSED   0x00000008   Data   RW          114    .data               network.o
    0x200004a4   COMPRESSED   0x0000000c   Data   RW          115    .data               network.o
    0x200004b0   COMPRESSED   0x00000004   Data   RW          116    .data               network.o
    0x200004b4   COMPRESSED   0x00000008   Data   RW          117    .data               network.o
    0x200004bc   COMPRESSED   0x0000000c   Data   RW          118    .data               network.o
    0x200004c8   COMPRESSED   0x00000018   Data   RW          119    .data               network.o
    0x200004e0   COMPRESSED   0x00000184   Data   RW          120    .data               network.o
    0x20000664   COMPRESSED   0x0000001c   Data   RW          121    .data               network.o
    0x20000680   COMPRESSED   0x0000001c   Data   RW          122    .data               network.o
    0x2000069c   COMPRESSED   0x0000001c   Data   RW          123    .data               network.o
    0x200006b8   COMPRESSED   0x0000001c   Data   RW          124    .data               network.o
    0x200006d4   COMPRESSED   0x0000001c   Data   RW          125    .data               network.o
    0x200006f0   COMPRESSED   0x0000001c   Data   RW          126    .data               network.o
    0x2000070c   COMPRESSED   0x0000001c   Data   RW          127    .data               network.o
    0x20000728   COMPRESSED   0x0000001c   Data   RW          128    .data               network.o
    0x20000744   COMPRESSED   0x0000001c   Data   RW          129    .data               network.o
    0x20000760   COMPRESSED   0x0000001c   Data   RW          130    .data               network.o
    0x2000077c   COMPRESSED   0x0000001c   Data   RW          131    .data               network.o
    0x20000798   COMPRESSED   0x0000001c   Data   RW          132    .data               network.o
    0x200007b4   COMPRESSED   0x0000001c   Data   RW          133    .data               network.o
    0x200007d0   COMPRESSED   0x0000001c   Data   RW          134    .data               network.o
    0x200007ec   COMPRESSED   0x0000001c   Data   RW          135    .data               network.o
    0x20000808   COMPRESSED   0x0000001c   Data   RW          136    .data               network.o
    0x20000824   COMPRESSED   0x0000001c   Data   RW          137    .data               network.o
    0x20000840   COMPRESSED   0x0000001c   Data   RW          138    .data               network.o
    0x2000085c   COMPRESSED   0x0000001c   Data   RW          139    .data               network.o
    0x20000878   COMPRESSED   0x0000001c   Data   RW          140    .data               network.o
    0x20000894   COMPRESSED   0x00000024   Data   RW          141    .data               network.o
    0x200008b8   COMPRESSED   0x0000001c   Data   RW          142    .data               network.o
    0x200008d4   COMPRESSED   0x00000020   Data   RW          143    .data               network.o
    0x200008f4   COMPRESSED   0x0000001c   Data   RW          144    .data               network.o
    0x20000910   COMPRESSED   0x00000060   Data   RW          145    .data               network.o
    0x20000970   COMPRESSED   0x00000060   Data   RW          146    .data               network.o
    0x200009d0   COMPRESSED   0x00000010   Data   RW          414    .data               network_data.o
    0x200009e0   COMPRESSED   0x00000010   Data   RW          415    .data               network_data.o
    0x200009f0   COMPRESSED   0x0000001c   Data   RW          416    .data               network_data.o
    0x20000a0c   COMPRESSED   0x0000001c   Data   RW          417    .data               network_data.o
    0x20000a28   COMPRESSED   0x0000006c   Data   RW          507    .data               main.o
    0x20000a94   COMPRESSED   0x0000000c   Data   RW         2010    .data               stm32f7xx_hal.o
    0x20000aa0   COMPRESSED   0x00000004   Data   RW         3297    .data               system_stm32f7xx.o
    0x20000aa4   COMPRESSED   0x00000004   Data   RW         4723    .data               mc_w.l(strtok.o)
    0x20000aa8   COMPRESSED   0x00000004   Data   RW         5079    .data               mc_w.l(stdout.o)
    0x20000aac   COMPRESSED   0x00000004   Data   RW         5091    .data               mc_w.l(errno.o)
    0x20000ab0        -       0x00000010   Zero   RW           23    .bss                network.o
    0x20000ac0        -       0x00000010   Zero   RW           24    .bss                network.o
    0x20000ad0        -       0x0000001c   Zero   RW           25    .bss                network.o
    0x20000aec        -       0x00000010   Zero   RW           26    .bss                network.o
    0x20000afc        -       0x0000001c   Zero   RW           27    .bss                network.o
    0x20000b18        -       0x00000010   Zero   RW           28    .bss                network.o
    0x20000b28        -       0x0002329c   Zero   RW          503    .bss                main.o
    0x20023dc4        -       0x00002914   Zero   RW          504    .bss                main.o
    0x200266d8        -       0x00000024   Zero   RW          766    .bss                crc.o
    0x200266fc        -       0x00000088   Zero   RW          808    .bss                usart.o
    0x20026784   COMPRESSED   0x00000004   PAD
    0x20026788        -       0x00000800   Zero   RW            1    STACK               startup_stm32f767xx.o


==============================================================================

Image component sizes


      Code (inc. data)   RO Data    RW Data    ZI Data      Debug   Object Name

        88         18          0          0         36       1903   crc.o
        44          6          0          0          0        979   gpio.o
      5834       2580        358        108     154544     898349   main.o
       660         40         48       2512        120      60250   network.o
        40          4        104         88          0      16105   network_data.o
         0          0     209856          0          0      15442   network_data_params.o
        36          8        504          0       2048        904   startup_stm32f767xx.o
       114         20          0         12          0       9205   stm32f7xx_hal.o
       198         12          0          0          0      39539   stm32f7xx_hal_cortex.o
       120          6          0          0          0       1359   stm32f7xx_hal_crc.o
        84          0          0          0          0       1463   stm32f7xx_hal_crc_ex.o
       182          0          0          0          0       2407   stm32f7xx_hal_dma.o
       584         54          0          0          0       1788   stm32f7xx_hal_gpio.o
        48          6          0          0          0       1034   stm32f7xx_hal_msp.o
       108          8          0          0          0       1452   stm32f7xx_hal_pwr_ex.o
      1388         70          0          0          0       5760   stm32f7xx_hal_rcc.o
      1340         22          0          0          0       2512   stm32f7xx_hal_rcc_ex.o
      2962         90          0          0          0      18307   stm32f7xx_hal_uart.o
        78          0          0          0          0       1566   stm32f7xx_hal_uart_ex.o
        32          6          0          0          0       5566   stm32f7xx_it.o
        16          4         24          4          0       1403   system_stm32f7xx.o
       212         22          0          0        136       2162   usart.o

    ----------------------------------------------------------------------
     14190       2976     210948       2724     156888    1089455   Object Totals
         0          0         32          0          0          0   (incl. Generated)
        22          0         22          0          4          0   (incl. Padding)

    ----------------------------------------------------------------------

      Code (inc. data)   RO Data    RW Data    ZI Data      Debug   Library Member Name

       408         54          0          0          0        488   ai_datatypes_format.o
        52          6          0          0          0        244   ai_datatypes_internal.o
       158          8          0          0          0        368   ai_platform.o
      2216         72        104          0          0       2768   ai_platform_interface.o
        42          0          0          0          0        348   core_common.o
      1148          6          0          0          0        448   forward_lite_conv2d_if32of32wf32.o
       424          4          0          0          0        148   forward_lite_pool_f32.o
       226          6          0          0          0        628   layers.o
      1116          6          0          0          0        640   layers_conv2d_generic_float.o
       418          8          0          0          0        516   layers_nl_generic_float.o
      1364         24          0          0          0        864   lite_dense_if32.o
       126          4          0          0          0        256   lite_nl_generic_float.o
       164          4          0          0          0        124   lite_nl_relu_if32of32.o
       156          6          0          0          0        152   lite_nl_softmax_if32of32.o
       132          0          0          0          0        132   st_int8_fill.o
        56         12          0          0          0        132   atof.o
       500         74         48          0          0        236   expf.o
        38          0          0          0          0        116   fpclassifyf.o
        38         12          0          0          0        348   funder.o
        86          0          0          0          0          0   __dczerorl2.o
        64          0          0          0          0         84   _sgetc.o
        40          6         64          0          0         68   ctype_c.o
         0          0          0          0          0          0   entry.o
         0          0          0          0          0          0   entry10a.o
         0          0          0          0          0          0   entry11a.o
         8          4          0          0          0          0   entry2.o
         4          0          0          0          0          0   entry5.o
         0          0          0          0          0          0   entry7b.o
         0          0          0          0          0          0   entry8b.o
         8          4          0          0          0          0   entry9a.o
        24         12          0          4          0        136   errno.o
        30          0          0          0          0          0   handlers.o
        36          8          0          0          0         68   init.o
        10          0          0          0          0         68   isspace_c.o
         0          0          0          0          0          0   iusefp.o
        30          0          0          0          0         68   llshl.o
        36          0          0          0          0         68   llsshr.o
        32          0          0          0          0         68   llushr.o
        26          0          0          0          0         80   memcmp.o
        36          0          0          0          0         68   memcpya.o
        36          0          0          0          0        108   memseta.o
      2308         96          0          0          0        604   printfa.o
       878         12          0          0          0        216   scanf_fp.o
         0          0          0          4          0          0   stdout.o
       156         12          0          0          0        120   strtod.o
        68          6          0          4          0         80   strtok.o
        44          0          0          0          0         80   uidiv.o
        98          0          0          0          0         92   uldiv.o
        48          0          0          0          0         68   cdrcmple.o
        56          0          0          0          0         88   d2f.o
       334          0          0          0          0        148   dadd.o
       222          0          0          0          0        100   ddiv.o
       186          0          0          0          0        176   depilogue.o
        48          0          0          0          0         68   dfixul.o
        24          0          0          0          0         76   dfltul.o
       228          0          0          0          0         96   dmul.o
       110          0          0          0          0        168   fepilogue.o

    ----------------------------------------------------------------------
     14126        470        216         12          0      12020   Library Totals
        30          4          0          0          0          0   (incl. Padding)

    ----------------------------------------------------------------------

      Code (inc. data)   RO Data    RW Data    ZI Data      Debug   Library Name

      8150        208        104          0          0       8124   NetworkRuntime1020_CM7_Keil.lib
       632         98         48          0          0        832   m_wv.l
      4058        160         64         12          0       2076   mc_w.l
      1256          0          0          0          0        988   mf_w.l

    ----------------------------------------------------------------------
     14126        470        216         12          0      12020   Library Totals

    ----------------------------------------------------------------------

==============================================================================


      Code (inc. data)   RO Data    RW Data    ZI Data      Debug   

     28316       3446     211164       2736     156888    1085699   Grand Totals
     28316       3446     211164        940     156888    1085699   ELF Image Totals (compressed)
     28316       3446     211164        940          0          0   ROM Totals

==============================================================================

    Total RO  Size (Code + RO Data)               239480 ( 233.87kB)
    Total RW  Size (RW Data + ZI Data)            159624 ( 155.88kB)
    Total ROM Size (Code + RO Data + RW Data)     240420 ( 234.79kB)

==============================================================================

