Component: ARM Compiler 5.06 update 6 (build 750) Tool: armlink [4d35ed]

==============================================================================

Section Cross References

    startup_stm32f767xx.o(RESET) refers to startup_stm32f767xx.o(STACK) for __initial_sp
    startup_stm32f767xx.o(RESET) refers to startup_stm32f767xx.o(.text) for Reset_Handler
    startup_stm32f767xx.o(RESET) refers to stm32f7xx_it.o(i.NMI_Handler) for NMI_Handler
    startup_stm32f767xx.o(RESET) refers to stm32f7xx_it.o(i.HardFault_Handler) for HardFault_Handler
    startup_stm32f767xx.o(RESET) refers to stm32f7xx_it.o(i.MemManage_Handler) for MemManage_Handler
    startup_stm32f767xx.o(RESET) refers to stm32f7xx_it.o(i.BusFault_Handler) for BusFault_Handler
    startup_stm32f767xx.o(RESET) refers to stm32f7xx_it.o(i.UsageFault_Handler) for UsageFault_Handler
    startup_stm32f767xx.o(RESET) refers to stm32f7xx_it.o(i.SVC_Handler) for SVC_Handler
    startup_stm32f767xx.o(RESET) refers to stm32f7xx_it.o(i.DebugMon_Handler) for DebugMon_Handler
    startup_stm32f767xx.o(RESET) refers to stm32f7xx_it.o(i.PendSV_Handler) for PendSV_Handler
    startup_stm32f767xx.o(RESET) refers to stm32f7xx_it.o(i.SysTick_Handler) for SysTick_Handler
    startup_stm32f767xx.o(RESET) refers to stm32f7xx_it.o(i.USART1_IRQHandler) for USART1_IRQHandler
    startup_stm32f767xx.o(.text) refers to system_stm32f7xx.o(i.SystemInit) for SystemInit
    startup_stm32f767xx.o(.text) refers to entry.o(.ARM.Collect$$$$00000000) for __main
    network.o(i.ai_network_create) refers to ai_platform_interface.o(i.ai_platform_network_create) for ai_platform_network_create
    network.o(i.ai_network_create) refers to network.o(.data) for .data
    network.o(i.ai_network_create_and_init) refers to network.o(i.ai_network_create) for ai_network_create
    network.o(i.ai_network_create_and_init) refers to network_data.o(i.ai_network_data_params_get) for ai_network_data_params_get
    network.o(i.ai_network_create_and_init) refers to network.o(i.ai_network_get_error) for ai_network_get_error
    network.o(i.ai_network_create_and_init) refers to ai_platform.o(i.ai_buffer_array_item_set_address) for ai_buffer_array_item_set_address
    network.o(i.ai_network_create_and_init) refers to network.o(i.ai_network_init) for ai_network_init
    network.o(i.ai_network_destroy) refers to ai_platform_interface.o(i.ai_platform_network_destroy) for ai_platform_network_destroy
    network.o(i.ai_network_forward) refers to ai_platform_interface.o(i.ai_platform_network_process) for ai_platform_network_process
    network.o(i.ai_network_get_error) refers to ai_platform_interface.o(i.ai_platform_network_get_error) for ai_platform_network_get_error
    network.o(i.ai_network_get_info) refers to ai_platform_interface.o(i.ai_platform_context_acquire) for ai_platform_context_acquire
    network.o(i.ai_network_get_info) refers to memcpya.o(.text) for __aeabi_memcpy4
    network.o(i.ai_network_get_info) refers to ai_platform_interface.o(i.ai_platform_runtime_get_revision) for ai_platform_runtime_get_revision
    network.o(i.ai_network_get_info) refers to ai_platform_interface.o(i.ai_platform_runtime_get_version) for ai_platform_runtime_get_version
    network.o(i.ai_network_get_info) refers to ai_platform_interface.o(i.ai_platform_api_get_version) for ai_platform_api_get_version
    network.o(i.ai_network_get_info) refers to ai_platform_interface.o(i.ai_platform_interface_api_get_version) for ai_platform_interface_api_get_version
    network.o(i.ai_network_get_info) refers to ai_platform_interface.o(i.ai_platform_api_get_network_report) for ai_platform_api_get_network_report
    network.o(i.ai_network_get_info) refers to network.o(.constdata) for .constdata
    network.o(i.ai_network_get_report) refers to ai_platform_interface.o(i.ai_platform_context_acquire) for ai_platform_context_acquire
    network.o(i.ai_network_get_report) refers to memcpya.o(.text) for __aeabi_memcpy4
    network.o(i.ai_network_get_report) refers to ai_platform_interface.o(i.ai_platform_runtime_get_revision) for ai_platform_runtime_get_revision
    network.o(i.ai_network_get_report) refers to ai_platform_interface.o(i.ai_platform_runtime_get_version) for ai_platform_runtime_get_version
    network.o(i.ai_network_get_report) refers to ai_platform_interface.o(i.ai_platform_api_get_version) for ai_platform_api_get_version
    network.o(i.ai_network_get_report) refers to ai_platform_interface.o(i.ai_platform_interface_api_get_version) for ai_platform_interface_api_get_version
    network.o(i.ai_network_get_report) refers to ai_platform_interface.o(i.ai_platform_api_get_network_report) for ai_platform_api_get_network_report
    network.o(i.ai_network_get_report) refers to network.o(.constdata) for .constdata
    network.o(i.ai_network_init) refers to ai_platform_interface.o(i.ai_platform_network_init) for ai_platform_network_init
[...]
    s_answer_start_index                     0x20000a38   Data           4  app_controller.o(.data)
    s_answer_len                             0x20000a3c   Data           4  app_controller.o(.data)
    s_last_expr                              0x20000a40   Data           8  app_controller.o(.data)
    .data                                    0x20000a48   Section       60  ai_infer.o(.data)
    .data                                    0x20000a84   Section       12  ai_infer.o(.data)
    s_network                                0x20000a84   Data           4  ai_infer.o(.data)
    s_input                                  0x20000a88   Data           4  ai_infer.o(.data)
    s_output                                 0x20000a8c   Data           4  ai_infer.o(.data)
    .data                                    0x20000a90   Section       12  stm32f7xx_hal.o(.data)
    .data                                    0x20000a9c   Section        4  system_stm32f7xx.o(.data)
    .data                                    0x20000aa0   Section        4  strtok.o(.data)
    state                                    0x20000aa0   Data           4  strtok.o(.data)
    .data                                    0x20000aa4   Section        4  stdout.o(.data)
    .data                                    0x20000aa8   Section        4  errno.o(.data)
    _errno                                   0x20000aa8   Data           4  errno.o(.data)
    .bss                                     0x20000aac   Section       16  network.o(.bss)
    <Data67>                                 0x20000aac   Data          16  network.o(.bss)
    .bss                                     0x20000abc   Section       16  network.o(.bss)
    <Data74>                                 0x20000abc   Data          16  network.o(.bss)
    .bss                                     0x20000acc   Section       28  network.o(.bss)
    <Data80>                                 0x20000acc   Data          28  network.o(.bss)
    .bss                                     0x20000ae8   Section       16  network.o(.bss)
    <Data81>                                 0x20000ae8   Data          16  network.o(.bss)
    .bss                                     0x20000af8   Section       28  network.o(.bss)
    <Data85>                                 0x20000af8   Data          28  network.o(.bss)
    .bss                                     0x20000b14   Section       16  network.o(.bss)
    <Data86>                                 0x20000b14   Data          16  network.o(.bss)
    .bss                                     0x20000b24   Section       36  crc.o(.bss)
    .bss                                     0x20000b48   Section      136  usart.o(.bss)
    .bss                                     0x20000bd0   Section    144024  app_controller.o(.bss)
    s_uart_rx                                0x20000bd0   Data       52004  app_controller.o(.bss)
    s_raw_input                              0x2000d6f4   Data       48000  app_controller.o(.bss)
    s_char_data                              0x20019274   Data       21952  app_controller.o(.bss)
    s_tmp_char_data                          0x2001e834   Data       21952  app_controller.o(.bss)
    s_ai_output                              0x20023df4   Data          60  app_controller.o(.bss)
    s_last_confidence                        0x20023e30   Data          28  app_controller.o(.bss)
    s_low_conf_indexes                       0x20023e4c   Data          28  app_controller.o(.bss)
    .bss                                     0x20023e68   Section    10516  ai_infer.o(.bss)
    s_activations                            0x20023e68   Data       10516  ai_infer.o(.bss)
    STACK                                    0x20026780   Section     2048  startup_stm32f767xx.o(STACK)

    Global Symbols

    Symbol Name                              Value     Ov Type        Size  Object(Section)

    BuildAttributes$$THM_ISAv4$E$P$D$K$B$S$7EM$VFPv5_D16$PE$PLD8$A:L22UL41UL21$X:L11$S22US41US21$IEEE1$IW$USESV6$~STKCKD$USESV7$~SHL$OTIME$ROPI$IEEEX$EBA8$MICROLIB$REQ8$PRES8$EABIv2 0x00000000   Number         0  anon$$obj.o ABSOLUTE
    __ARM_use_no_argv                        0x00000000   Number         0  main.o ABSOLUTE
    _printf_a                                0x00000000   Number         0  stubs.o ABSOLUTE
    _printf_c                                0x00000000   Number         0  stubs.o ABSOLUTE
    _printf_charcount                        0x00000000   Number         0  stubs.o ABSOLUTE
    _printf_d                                0x00000000   Number         0  stubs.o ABSOLUTE
    _printf_e                                0x00000000   Number         0  stubs.o ABSOLUTE
    _printf_f                                0x00000000   Number         0  stubs.o ABSOLUTE
    _printf_flags                            0x00000000   Number         0  stubs.o ABSOLUTE
    _printf_fp_dec                           0x00000000   Number         0  stubs.o ABSOLUTE
    _printf_fp_hex                           0x00000000   Number         0  stubs.o ABSOLUTE
    _printf_g                                0x00000000   Number         0  stubs.o ABSOLUTE
    _printf_i                                0x00000000   Number         0  stubs.o ABSOLUTE
    _printf_int_dec                          0x00000000   Number         0  stubs.o ABSOLUTE
    _printf_l                                0x00000000   Number         0  stubs.o ABSOLUTE
    _printf_lc                               0x00000000   Number         0  stubs.o ABSOLUTE
    _printf_ll                               0x00000000   Number         0  stubs.o ABSOLUTE
    _printf_lld                              0x00000000   Number         0  stubs.o ABSOLUTE
    _printf_lli                              0x00000000   Number         0  stubs.o ABSOLUTE
    _printf_llo                              0x00000000   Number         0  stubs.o ABSOLUTE
    _printf_llu                              0x00000000   Number         0  stubs.o ABSOLUTE
    _printf_llx                              0x00000000   Number         0  stubs.o ABSOLUTE
    _printf_longlong_dec                     0x00000000   Number         0  stubs.o ABSOLUTE
    _printf_longlong_hex                     0x00000000   Number         0  stubs.o ABSOLUTE
    _printf_longlong_oct                     0x00000000   Number         0  stubs.o ABSOLUTE
    _printf_ls                               0x00000000   Number         0  stubs.o ABSOLUTE
    _printf_mbtowc                           0x00000000   Number         0  stubs.o ABSOLUTE
    _printf_n                                0x00000000   Number         0  stubs.o ABSOLUTE
    _printf_o                                0x00000000   Number         0  stubs.o ABSOLUTE
    _printf_p                                0x00000000   Number         0  stubs.o ABSOLUTE
    _printf_percent                          0x00000000   Number         0  stubs.o ABSOLUTE
    _printf_pre_padding                      0x00000000   Number         0  stubs.o ABSOLUTE
    _printf_return_value                     0x00000000   Number         0  stubs.o ABSOLUTE
    _printf_s                                0x00000000   Number         0  stubs.o ABSOLUTE
    _printf_sizespec                         0x00000000   Number         0  stubs.o ABSOLUTE
    _printf_str                              0x00000000   Number         0  stubs.o ABSOLUTE
    _printf_truncate_signed                  0x00000000   Number         0  stubs.o ABSOLUTE
    _printf_truncate_unsigned                0x00000000   Number         0  stubs.o ABSOLUTE
    _printf_u                                0x00000000   Number         0  stubs.o ABSOLUTE
    _printf_wc                               0x00000000   Number         0  stubs.o ABSOLUTE
    _printf_wctomb                           0x00000000   Number         0  stubs.o ABSOLUTE
    _printf_widthprec                        0x00000000   Number         0  stubs.o ABSOLUTE
    _printf_x                                0x00000000   Number         0  stubs.o ABSOLUTE
    __cpp_initialize__aeabi_                  - Undefined Weak Reference
    __cxa_finalize                            - Undefined Weak Reference
    _clock_init                               - Undefined Weak Reference
    _microlib_exit                            - Undefined Weak Reference
    __Vectors_Size                           0x000001f8   Number         0  startup_stm32f767xx.o ABSOLUTE
    __Vectors                                0x08000000   Data           4  startup_stm32f767xx.o(RESET)
    __Vectors_End                            0x080001f8   Data           0  startup_stm32f767xx.o(RESET)
    __main                                   0x080001f9   Thumb Code     0  entry.o(.ARM.Collect$$$$00000000)
    _main_stk                                0x080001f9   Thumb Code     0  entry2.o(.ARM.Collect$$$$00000001)
    _main_scatterload                        0x080001fd   Thumb Code     0  entry5.o(.ARM.Collect$$$$00000004)
    __main_after_scatterload                 0x08000201   Thumb Code     0  entry5.o(.ARM.Collect$$$$00000004)
    _main_clock                              0x08000201   Thumb Code     0  entry7b.o(.ARM.Collect$$$$00000008)
    _main_cpp_init                           0x08000201   Thumb Code     0  entry8b.o(.ARM.Collect$$$$0000000A)
    _main_init                               0x08000201   Thumb Code     0  entry9a.o(.ARM.Collect$$$$0000000B)
    __rt_final_cpp                           0x08000209   Thumb Code     0  entry10a.o(.ARM.Collect$$$$0000000D)
    __rt_final_exit                          0x08000209   Thumb Code     0  entry11a.o(.ARM.Collect$$$$0000000F)
    Reset_Handler                            0x0800020d   Thumb Code     8  startup_stm32f767xx.o(.text)
    ADC_IRQHandler                           0x08000227   Thumb Code     0  startup_stm32f767xx.o(.text)
    CAN1_RX0_IRQHandler                      0x08000227   Thumb Code     0  startup_stm32f767xx.o(.text)
    CAN1_RX1_IRQHandler                      0x08000227   Thumb Code     0  startup_stm32f767xx.o(.text)
    CAN1_SCE_IRQHandler                      0x08000227   Thumb Code     0  startup_stm32f767xx.o(.text)
    CAN1_TX_IRQHandler                       0x08000227   Thumb Code     0  startup_stm32f767xx.o(.text)
    CAN2_RX0_IRQHandler                      0x08000227   Thumb Code     0  startup_stm32f767xx.o(.text)
    CAN2_RX1_IRQHandler                      0x08000227   Thumb Code     0  startup_stm32f767xx.o(.text)
    CAN2_SCE_IRQHandler                      0x08000227   Thumb Code     0  startup_stm32f767xx.o(.text)
    CAN2_TX_IRQHandler                       0x08000227   Thumb Code     0  startup_stm32f767xx.o(.text)
    CAN3_RX0_IRQHandler                      0x08000227   Thumb Code     0  startup_stm32f767xx.o(.text)
    CAN3_RX1_IRQHandler                      0x08000227   Thumb Code     0  startup_stm32f767xx.o(.text)
    CAN3_SCE_IRQHandler                      0x08000227   Thumb Code     0  startup_stm32f767xx.o(.text)
    CAN3_TX_IRQHandler                       0x08000227   Thumb Code     0  startup_stm32f767xx.o(.text)
    CEC_IRQHandler                           0x08000227   Thumb Code     0  startup_stm32f767xx.o(.text)
    DCMI_IRQHandler                          0x08000227   Thumb Code     0  startup_stm32f767xx.o(.text)
    DFSDM1_FLT0_IRQHandler                   0x08000227   Thumb Code     0  startup_stm32f767xx.o(.text)
    DFSDM1_FLT1_IRQHandler                   0x08000227   Thumb Code     0  startup_stm32f767xx.o(.text)
    DFSDM1_FLT2_IRQHandler                   0x08000227   Thumb Code     0  startup_stm32f767xx.o(.text)
    DFSDM1_FLT3_IRQHandler                   0x08000227   Thumb Code     0  startup_stm32f767xx.o(.text)
    DMA1_Stream0_IRQHandler                  0x08000227   Thumb Code     0  startup_stm32f767xx.o(.text)
    DMA1_Stream1_IRQHandler                  0x08000227   Thumb Code     0  startup_stm32f767xx.o(.text)
    DMA1_Stream2_IRQHandler                  0x08000227   Thumb Code     0  startup_stm32f767xx.o(.text)
    DMA1_Stream3_IRQHandler                  0x08000227   Thumb Code     0  startup_stm32f767xx.o(.text)
    DMA1_Stream4_IRQHandler                  0x08000227   Thumb Code     0  startup_stm32f767xx.o(.text)
    DMA1_Stream5_IRQHandler                  0x08000227   Thumb Code     0  startup_stm32f767xx.o(.text)
    DMA1_Stream6_IRQHandler                  0x08000227   Thumb Code     0  startup_stm32f767xx.o(.text)
    DMA1_Stream7_IRQHandler                  0x08000227   Thumb Code     0  startup_stm32f767xx.o(.text)
    DMA2D_IRQHandler                         0x08000227   Thumb Code     0  startup_stm32f767xx.o(.text)
    DMA2_Stream0_IRQHandler                  0x08000227   Thumb Code     0  startup_stm32f767xx.o(.text)
    DMA2_Stream1_IRQHandler                  0x08000227   Thumb Code     0  startup_stm32f767xx.o(.text)
    DMA2_Stream2_IRQHandler                  0x08000227   Thumb Code     0  startup_stm32f767xx.o(.text)
    DMA2_Stream3_IRQHandler                  0x08000227   Thumb Code     0  startup_stm32f767xx.o(.text)
    DMA2_Stream4_IRQHandler                  0x08000227   Thumb Code     0  startup_stm32f767xx.o(.text)
    DMA2_Stream5_IRQHandler                  0x08000227   Thumb Code     0  startup_stm32f767xx.o(.text)
    DMA2_Stream6_IRQHandler                  0x08000227   Thumb Code     0  startup_stm32f767xx.o(.text)
    DMA2_Stream7_IRQHandler                  0x08000227   Thumb Code     0  startup_stm32f767xx.o(.text)
    ETH_IRQHandler                           0x08000227   Thumb Code     0  startup_stm32f767xx.o(.text)
    ETH_WKUP_IRQHandler                      0x08000227   Thumb Code     0  startup_stm32f767xx.o(.text)
    EXTI0_IRQHandler                         0x08000227   Thumb Code     0  startup_stm32f767xx.o(.text)
    EXTI15_10_IRQHandler                     0x08000227   Thumb Code     0  startup_stm32f767xx.o(.text)
    EXTI1_IRQHandler                         0x08000227   Thumb Code     0  startup_stm32f767xx.o(.text)
    EXTI2_IRQHandler                         0x08000227   Thumb Code     0  startup_stm32f767xx.o(.text)
    EXTI3_IRQHandler                         0x08000227   Thumb Code     0  startup_stm32f767xx.o(.text)
    EXTI4_IRQHandler                         0x08000227   Thumb Code     0  startup_stm32f767xx.o(.text)
    EXTI9_5_IRQHandler                       0x08000227   Thumb Code     0  startup_stm32f767xx.o(.text)
    FLASH_IRQHandler                         0x08000227   Thumb Code     0  startup_stm32f767xx.o(.text)
    FMC_IRQHandler                           0x08000227   Thumb Code     0  startup_stm32f767xx.o(.text)
    FPU_IRQHandler                           0x08000227   Thumb Code     0  startup_stm32f767xx.o(.text)
    I2C1_ER_IRQHandler                       0x08000227   Thumb Code     0  startup_stm32f767xx.o(.text)
    I2C1_EV_IRQHandler                       0x08000227   Thumb Code     0  startup_stm32f767xx.o(.text)
    I2C2_ER_IRQHandler                       0x08000227   Thumb Code     0  startup_stm32f767xx.o(.text)
    I2C2_EV_IRQHandler                       0x08000227   Thumb Code     0  startup_stm32f767xx.o(.text)
    I2C3_ER_IRQHandler                       0x08000227   Thumb Code     0  startup_stm32f767xx.o(.text)
    I2C3_EV_IRQHandler                       0x08000227   Thumb Code     0  startup_stm32f767xx.o(.text)
    I2C4_ER_IRQHandler                       0x08000227   Thumb Code     0  startup_stm32f767xx.o(.text)
    I2C4_EV_IRQHandler                       0x08000227   Thumb Code     0  startup_stm32f767xx.o(.text)
    JPEG_IRQHandler                          0x08000227   Thumb Code     0  startup_stm32f767xx.o(.text)
    LPTIM1_IRQHandler                        0x08000227   Thumb Code     0  startup_stm32f767xx.o(.text)
    LTDC_ER_IRQHandler                       0x08000227   Thumb Code     0  startup_stm32f767xx.o(.text)
    LTDC_IRQHandler                          0x08000227   Thumb Code     0  startup_stm32f767xx.o(.text)
    MDIOS_IRQHandler                         0x08000227   Thumb Code     0  startup_stm32f767xx.o(.text)
    OTG_FS_IRQHandler                        0x08000227   Thumb Code     0  startup_stm32f767xx.o(.text)
    OTG_FS_WKUP_IRQHandler                   0x08000227   Thumb Code     0  startup_stm32f767xx.o(.text)
    OTG_HS_EP1_IN_IRQHandler                 0x08000227   Thumb Code     0  startup_stm32f767xx.o(.text)
    OTG_HS_EP1_OUT_IRQHandler                0x08000227   Thumb Code     0  startup_stm32f767xx.o(.text)
    OTG_HS_IRQHandler                        0x08000227   Thumb Code     0  startup_stm32f767xx.o(.text)
    OTG_HS_WKUP_IRQHandler                   0x08000227   Thumb Code     0  startup_stm32f767xx.o(.text)
    PVD_IRQHandler                           0x08000227   Thumb Code     0  startup_stm32f767xx.o(.text)
    QUADSPI_IRQHandler                       0x08000227   Thumb Code     0  startup_stm32f767xx.o(.text)
    RCC_IRQHandler                           0x08000227   Thumb Code     0  startup_stm32f767xx.o(.text)
    RNG_IRQHandler                           0x08000227   Thumb Code     0  startup_stm32f767xx.o(.text)
    RTC_Alarm_IRQHandler                     0x08000227   Thumb Code     0  startup_stm32f767xx.o(.text)
    RTC_WKUP_IRQHandler                      0x08000227   Thumb Code     0  startup_stm32f767xx.o(.text)
    SAI1_IRQHandler                          0x08000227   Thumb Code     0  startup_stm32f767xx.o(.text)
    SAI2_IRQHandler                          0x08000227   Thumb Code     0  startup_stm32f767xx.o(.text)
    SDMMC1_IRQHandler                        0x08000227   Thumb Code     0  startup_stm32f767xx.o(.text)
    SDMMC2_IRQHandler                        0x08000227   Thumb Code     0  startup_stm32f767xx.o(.text)
    SPDIF_RX_IRQHandler                      0x08000227   Thumb Code     0  startup_stm32f767xx.o(.text)
    SPI1_IRQHandler                          0x08000227   Thumb Code     0  startup_stm32f767xx.o(.text)
    SPI2_IRQHandler                          0x08000227   Thumb Code     0  startup_stm32f767xx.o(.text)
    SPI3_IRQHandler                          0x08000227   Thumb Code     0  startup_stm32f767xx.o(.text)
    SPI4_IRQHandler                          0x08000227   Thumb Code     0  startup_stm32f767xx.o(.text)
    SPI5_IRQHandler                          0x08000227   Thumb Code     0  startup_stm32f767xx.o(.text)
    SPI6_IRQHandler                          0x08000227   Thumb Code     0  startup_stm32f767xx.o(.text)
    TAMP_STAMP_IRQHandler                    0x08000227   Thumb Code     0  startup_stm32f767xx.o(.text)
    TIM1_BRK_TIM9_IRQHandler                 0x08000227   Thumb Code     0  startup_stm32f767xx.o(.text)
    TIM1_CC_IRQHandler                       0x08000227   Thumb Code     0  startup_stm32f767xx.o(.text)
    TIM1_TRG_COM_TIM11_IRQHandler            0x08000227   Thumb Code     0  startup_stm32f767xx.o(.text)
    TIM1_UP_TIM10_IRQHandler                 0x08000227   Thumb Code     0  startup_stm32f767xx.o(.text)
    TIM2_IRQHandler                          0x08000227   Thumb Code     0  startup_stm32f767xx.o(.text)
    TIM3_IRQHandler                          0x08000227   Thumb Code     0  startup_stm32f767xx.o(.text)
    TIM4_IRQHandler                          0x08000227   Thumb Code     0  startup_stm32f767xx.o(.text)
    TIM5_IRQHandler                          0x08000227   Thumb Code     0  startup_stm32f767xx.o(.text)
    TIM6_DAC_IRQHandler                      0x08000227   Thumb Code     0  startup_stm32f767xx.o(.text)
    TIM7_IRQHandler                          0x08000227   Thumb Code     0  startup_stm32f767xx.o(.text)
    TIM8_BRK_TIM12_IRQHandler                0x08000227   Thumb Code     0  startup_stm32f767xx.o(.text)
    TIM8_CC_IRQHandler                       0x08000227   Thumb Code     0  startup_stm32f767xx.o(.text)
    TIM8_TRG_COM_TIM14_IRQHandler            0x08000227   Thumb Code     0  startup_stm32f767xx.o(.text)
    TIM8_UP_TIM13_IRQHandler                 0x08000227   Thumb Code     0  startup_stm32f767xx.o(.text)
    UART4_IRQHandler                         0x08000227   Thumb Code     0  startup_stm32f767xx.o(.text)
    UART5_IRQHandler                         0x08000227   Thumb Code     0  startup_stm32f767xx.o(.text)
    UART7_IRQHandler                         0x08000227   Thumb Code     0  startup_stm32f767xx.o(.text)
    UART8_IRQHandler                         0x08000227   Thumb Code     0  startup_stm32f767xx.o(.text)
    USART2_IRQHandler                        0x08000227   Thumb Code     0  startup_stm32f767xx.o(.text)
    USART3_IRQHandler                        0x08000227   Thumb Code     0  startup_stm32f767xx.o(.text)
    USART6_IRQHandler                        0x08000227   Thumb Code     0  startup_stm32f767xx.o(.text)
    WWDG_IRQHandler                          0x08000227   Thumb Code     0  startup_stm32f767xx.o(.text)
    __aeabi_uldivmod                         0x08000231   Thumb Code    98  uldiv.o(.text)
    __aeabi_memcpy                           0x08000293   Thumb Code    36  memcpya.o(.text)
    __aeabi_memcpy4                          0x08000293   Thumb Code     0  memcpya.o(.text)
    __aeabi_memcpy8                          0x08000293   Thumb Code     0  memcpya.o(.text)
    __aeabi_memset                           0x080002b7   Thumb Code    14  memseta.o(.text)
    __aeabi_memset4                          0x080002b7   Thumb Code     0  memseta.o(.text)
    __aeabi_memset8                          0x080002b7   Thumb Code     0  memseta.o(.text)
    __aeabi_memclr                           0x080002c5   Thumb Code     4  memseta.o(.text)
    __aeabi_memclr4                          0x080002c5   Thumb Code     0  memseta.o(.text)
    __aeabi_memclr8                          0x080002c5   Thumb Code     0  memseta.o(.text)
    _memset$wrapper                          0x080002c9   Thumb Code    18  memseta.o(.text)
    memcmp                                   0x080002db   Thumb Code    26  memcmp.o(.text)
    strtok                                   0x080002f5   Thumb Code    62  strtok.o(.text)
    __aeabi_uidiv                            0x08000339   Thumb Code     0  uidiv.o(.text)
    __aeabi_uidivmod                         0x08000339   Thumb Code    44  uidiv.o(.text)
    __aeabi_llsl                             0x08000365   Thumb Code    30  llshl.o(.text)
    _ll_shift_l                              0x08000365   Thumb Code     0  llshl.o(.text)
    __aeabi_llsr                             0x08000383   Thumb Code    32  llushr.o(.text)
    _ll_ushift_r                             0x08000383   Thumb Code     0  llushr.o(.text)
    __strtod_int                             0x080003db   Thumb Code    90  strtod.o(.text)
    __I$use$fp                               0x08000441   Thumb Code     0  iusefp.o(.text)
    __aeabi_dadd                             0x08000441   Thumb Code   322  dadd.o(.text)
    __aeabi_dsub                             0x08000583   Thumb Code     6  dadd.o(.text)
    __aeabi_drsub                            0x08000589   Thumb Code     6  dadd.o(.text)
    __aeabi_dmul                             0x0800058f   Thumb Code   228  dmul.o(.text)
    __aeabi_ddiv                             0x08000673   Thumb Code   222  ddiv.o(.text)
    __aeabi_d2ulz                            0x08000751   Thumb Code    48  dfixul.o(.text)
    __aeabi_cdrcmple                         0x08000781   Thumb Code    48  cdrcmple.o(.text)
    __scatterload                            0x080007b1   Thumb Code    28  init.o(.text)
    __scatterload_rt2                        0x080007b1   Thumb Code     0  init.o(.text)
    __aeabi_lasr                             0x080007d5   Thumb Code    36  llsshr.o(.text)
    _ll_sshift_r                             0x080007d5   Thumb Code     0  llsshr.o(.text)
    isspace                                  0x080007f9   Thumb Code    10  isspace_c.o(.text)
    _scanf_real                              0x0800092d   Thumb Code     0  scanf_fp.o(.text)
    _scanf_really_real                       0x0800092d   Thumb Code   556  scanf_fp.o(.text)
    _sgetc                                   0x08000b65   Thumb Code    30  _sgetc.o(.text)
    _sbackspace                              0x08000b83   Thumb Code    34  _sgetc.o(.text)
    _float_round                             0x08000ba5   Thumb Code    18  fepilogue.o(.text)
    _float_epilogue                          0x08000bb7   Thumb Code    92  fepilogue.o(.text)
    _double_round                            0x08000c13   Thumb Code    30  depilogue.o(.text)
    _double_epilogue                         0x08000c31   Thumb Code   156  depilogue.o(.text)
    __ctype_lookup                           0x08000ccd   Thumb Code    34  ctype_c.o(.text)
    __aeabi_ul2d                             0x08000cf5   Thumb Code    24  dfltul.o(.text)
    __aeabi_d2f                              0x08000d0d   Thumb Code    56  d2f.o(.text)
    __decompress                             0x08000d45   Thumb Code     0  __dczerorl2.o(.text)
    __decompress1                            0x08000d45   Thumb Code    86  __dczerorl2.o(.text)
    AIInfer_Init                             0x08000d9d   Thumb Code    62  ai_infer.o(i.AIInfer_Init)
    AIInfer_Run                              0x08000e11   Thumb Code   106  ai_infer.o(i.AIInfer_Run)
    App_HasPendingFrame                      0x08000ead   Thumb Code     8  app_controller.o(i.App_HasPendingFrame)
    App_Init                                 0x08000eb9   Thumb Code    24  app_controller.o(i.App_Init)
    App_OnUartRxEvent                        0x08000ed5   Thumb Code    30  app_controller.o(i.App_OnUartRxEvent)
    App_ProcessPendingFrame                  0x08000ef9   Thumb Code   228  app_controller.o(i.App_ProcessPendingFrame)
    App_RxBuffer                             0x0800107d   Thumb Code     4  app_controller.o(i.App_RxBuffer)
    App_RxBufferSize                         0x08001085   Thumb Code     6  app_controller.o(i.App_RxBufferSize)
    BusFault_Handler                         0x0800108b   Thumb Code     2  stm32f7xx_it.o(i.BusFault_Handler)
    DebugMon_Handler                         0x0800116f   Thumb Code     2  stm32f7xx_it.o(i.DebugMon_Handler)
    Error_Handler                            0x08001171   Thumb Code     4  main.o(i.Error_Handler)
    ExprJudge_Run                            0x08001175   Thumb Code   364  expr_judge.o(i.ExprJudge_Run)
    ExprJudge_StatusName                     0x080012e1   Thumb Code    62  expr_judge.o(i.ExprJudge_StatusName)
    HAL_CRCEx_Polynomial_Set                 0x080013e9   Thumb Code    84  stm32f7xx_hal_crc_ex.o(i.HAL_CRCEx_Polynomial_Set)
    HAL_CRC_Init                             0x0800143d   Thumb Code   114  stm32f7xx_hal_crc.o(i.HAL_CRC_Init)
    HAL_CRC_MspInit                          0x080014b5   Thumb Code    30  crc.o(i.HAL_CRC_MspInit)
    HAL_DMA_Abort                            0x080014dd   Thumb Code   146  stm32f7xx_hal_dma.o(i.HAL_DMA_Abort)
    HAL_DMA_Abort_IT                         0x0800156f   Thumb Code    36  stm32f7xx_hal_dma.o(i.HAL_DMA_Abort_IT)
    HAL_GPIO_Init                            0x08001595   Thumb Code   530  stm32f7xx_hal_gpio.o(i.HAL_GPIO_Init)
    HAL_GetTick                              0x080017dd   Thumb Code     6  stm32f7xx_hal.o(i.HAL_GetTick)
    HAL_IncTick                              0x080017e9   Thumb Code    12  stm32f7xx_hal.o(i.HAL_IncTick)
    HAL_Init                                 0x080017f9   Thumb Code    22  stm32f7xx_hal.o(i.HAL_Init)
    HAL_InitTick                             0x08001811   Thumb Code    54  stm32f7xx_hal.o(i.HAL_InitTick)
    HAL_MspInit                              0x08001851   Thumb Code    42  stm32f7xx_hal_msp.o(i.HAL_MspInit)
    HAL_NVIC_EnableIRQ                       0x08001881   Thumb Code    26  stm32f7xx_hal_cortex.o(i.HAL_NVIC_EnableIRQ)
    HAL_NVIC_SetPriority                     0x0800189d   Thumb Code    60  stm32f7xx_hal_cortex.o(i.HAL_NVIC_SetPriority)
    HAL_NVIC_SetPriorityGrouping             0x080018dd   Thumb Code    28  stm32f7xx_hal_cortex.o(i.HAL_NVIC_SetPriorityGrouping)
    HAL_PWREx_EnableOverDrive                0x08001901   Thumb Code   100  stm32f7xx_hal_pwr_ex.o(i.HAL_PWREx_EnableOverDrive)
    HAL_RCCEx_PeriphCLKConfig                0x0800196d   Thumb Code  1336  stm32f7xx_hal_rcc_ex.o(i.HAL_RCCEx_PeriphCLKConfig)
    HAL_RCC_ClockConfig                      0x08001ea9   Thumb Code   284  stm32f7xx_hal_rcc.o(i.HAL_RCC_ClockConfig)
    HAL_RCC_GetPCLK1Freq                     0x08001fd9   Thumb Code    20  stm32f7xx_hal_rcc.o(i.HAL_RCC_GetPCLK1Freq)
    HAL_RCC_GetPCLK2Freq                     0x08001ff9   Thumb Code    20  stm32f7xx_hal_rcc.o(i.HAL_RCC_GetPCLK2Freq)
    HAL_RCC_GetSysClockFreq                  0x08002019   Thumb Code    88  stm32f7xx_hal_rcc.o(i.HAL_RCC_GetSysClockFreq)
    HAL_RCC_OscConfig                        0x0800207d   Thumb Code   906  stm32f7xx_hal_rcc.o(i.HAL_RCC_OscConfig)
    HAL_SYSTICK_Config                       0x08002415   Thumb Code    38  stm32f7xx_hal_cortex.o(i.HAL_SYSTICK_Config)
    HAL_UARTEx_ReceiveToIdle_IT              0x0800243b   Thumb Code    78  stm32f7xx_hal_uart_ex.o(i.HAL_UARTEx_ReceiveToIdle_IT)
    HAL_UARTEx_RxEventCallback               0x08002489   Thumb Code    42  main.o(i.HAL_UARTEx_RxEventCallback)
    HAL_UARTEx_WakeupCallback                0x080024bd   Thumb Code     2  stm32f7xx_hal_uart.o(i.HAL_UARTEx_WakeupCallback)
    HAL_UART_ErrorCallback                   0x080024bf   Thumb Code     2  stm32f7xx_hal_uart.o(i.HAL_UART_ErrorCallback)
    HAL_UART_IRQHandler                      0x080024c1   Thumb Code   700  stm32f7xx_hal_uart.o(i.HAL_UART_IRQHandler)
    HAL_UART_Init                            0x08002785   Thumb Code   102  stm32f7xx_hal_uart.o(i.HAL_UART_Init)
    HAL_UART_MspInit                         0x080027ed   Thumb Code   138  usart.o(i.HAL_UART_MspInit)
    HAL_UART_RxCpltCallback                  0x08002885   Thumb Code     2  stm32f7xx_hal_uart.o(i.HAL_UART_RxCpltCallback)
    HAL_UART_Transmit                        0x08002887   Thumb Code   166  stm32f7xx_hal_uart.o(i.HAL_UART_Transmit)
    HAL_UART_TxCpltCallback                  0x0800292d   Thumb Code     2  stm32f7xx_hal_uart.o(i.HAL_UART_TxCpltCallback)
    HardFault_Handler                        0x08002bd1   Thumb Code     2  stm32f7xx_it.o(i.HardFault_Handler)
    ImageSegment_InputToChars                0x08002bd5   Thumb Code   244  image_segment.o(i.ImageSegment_InputToChars)
    ImageSegment_NormalizePixel              0x08002e21   Thumb Code    54  image_segment.o(i.ImageSegment_NormalizePixel)
    MX_CRC_Init                              0x08002fb1   Thumb Code    40  crc.o(i.MX_CRC_Init)
    MX_GPIO_Init                             0x08002fe1   Thumb Code    38  gpio.o(i.MX_GPIO_Init)
    MX_USART1_UART_Init                      0x0800300d   Thumb Code    52  usart.o(i.MX_USART1_UART_Init)
    MemManage_Handler                        0x08003049   Thumb Code     2  stm32f7xx_it.o(i.MemManage_Handler)
    NMI_Handler                              0x0800304b   Thumb Code     2  stm32f7xx_it.o(i.NMI_Handler)
    PendSV_Handler                           0x0800304d   Thumb Code     2  stm32f7xx_it.o(i.PendSV_Handler)
    SVC_Handler                              0x080035fd   Thumb Code     2  stm32f7xx_it.o(i.SVC_Handler)
    SysTick_Handler                          0x080037ed   Thumb Code     4  stm32f7xx_it.o(i.SysTick_Handler)
    SystemClock_Config                       0x080037f1   Thumb Code   152  main.o(i.SystemClock_Config)
    SystemInit                               0x08003891   Thumb Code    12  system_stm32f7xx.o(i.SystemInit)
    UART_AdvFeatureConfig                    0x080038a1   Thumb Code   200  stm32f7xx_hal_uart.o(i.UART_AdvFeatureConfig)
    UART_CheckIdleState                      0x08003969   Thumb Code   166  stm32f7xx_hal_uart.o(i.UART_CheckIdleState)
    UART_SetConfig                           0x08003be9   Thumb Code   516  stm32f7xx_hal_uart.o(i.UART_SetConfig)
    UART_Start_Receive_IT                    0x08003e19   Thumb Code   174  stm32f7xx_hal_uart.o(i.UART_Start_Receive_IT)
    UART_WaitOnFlagUntilTimeout              0x08003ed1   Thumb Code   148  stm32f7xx_hal_uart.o(i.UART_WaitOnFlagUntilTimeout)
    USART1_IRQHandler                        0x08003f65   Thumb Code     6  stm32f7xx_it.o(i.USART1_IRQHandler)
    UsageFault_Handler                       0x08003f71   Thumb Code     2  stm32f7xx_it.o(i.UsageFault_Handler)
    __0printf                                0x08003f75   Thumb Code    22  printfa.o(i.__0printf)
    __1printf                                0x08003f75   Thumb Code     0  printfa.o(i.__0printf)
    __2printf                                0x08003f75   Thumb Code     0  printfa.o(i.__0printf)
    __c89printf                              0x08003f75   Thumb Code     0  printfa.o(i.__0printf)
    printf                                   0x08003f75   Thumb Code     0  printfa.o(i.__0printf)
    __0sprintf                               0x08003f95   Thumb Code    34  printfa.o(i.__0sprintf)
    __1sprintf                               0x08003f95   Thumb Code     0  printfa.o(i.__0sprintf)
    __2sprintf                               0x08003f95   Thumb Code     0  printfa.o(i.__0sprintf)
    __c89sprintf                             0x08003f95   Thumb Code     0  printfa.o(i.__0sprintf)
    sprintf                                  0x08003f95   Thumb Code     0  printfa.o(i.__0sprintf)
    __ARM_fpclassifyf                        0x08003fbd   Thumb Code    38  fpclassifyf.o(i.__ARM_fpclassifyf)
    __hardfp_atof                            0x08004139   Thumb Code    44  atof.o(i.__hardfp_atof)
    __hardfp_expf                            0x08004171   Thumb Code   426  expf.o(i.__hardfp_expf)
    __mathlib_expf                           0x08004171   Thumb Code     0  expf.o(i.__hardfp_expf)
    __mathlib_flt_infnan                     0x08004365   Thumb Code     6  funder.o(i.__mathlib_flt_infnan)
    __mathlib_flt_overflow                   0x0800436d   Thumb Code    10  funder.o(i.__mathlib_flt_overflow)
    __mathlib_flt_underflow                  0x0800437d   Thumb Code    10  funder.o(i.__mathlib_flt_underflow)
    __read_errno                             0x0800438d   Thumb Code     6  errno.o(i.__read_errno)
    __scatterload_copy                       0x08004399   Thumb Code    14  handlers.o(i.__scatterload_copy)
    __scatterload_null                       0x080043a7   Thumb Code     2  handlers.o(i.__scatterload_null)
    __scatterload_zeroinit                   0x080043a9   Thumb Code    14  handlers.o(i.__scatterload_zeroinit)
    __set_errno                              0x080043b9   Thumb Code     6  errno.o(i.__set_errno)
    _is_digit                                0x08004717   Thumb Code    14  scanf_fp.o(i._is_digit)
    ai_array_get_byte_size                   0x080054b9   Thumb Code    40  ai_datatypes_format.o(i.ai_array_get_byte_size)
    ai_array_get_data_byte_size              0x080054e1   Thumb Code    30  ai_datatypes_format.o(i.ai_array_get_data_byte_size)
    ai_array_to_buffer_fmt                   0x08005501   Thumb Code   250  ai_datatypes_format.o(i.ai_array_to_buffer_fmt)
    ai_buffer_array_item_set_address         0x08005631   Thumb Code    36  ai_platform.o(i.ai_buffer_array_item_set_address)
    ai_buffer_array_sane                     0x08005655   Thumb Code    18  ai_platform.o(i.ai_buffer_array_sane)
    ai_buffer_get_size                       0x08005669   Thumb Code    96  ai_platform.o(i.ai_buffer_get_size)
    ai_check_custom_types                    0x080056d1   Thumb Code    38  layers.o(i.ai_check_custom_types)
    ai_layers_forward_all                    0x080056fd   Thumb Code    80  layers.o(i.ai_layers_forward_all)
    ai_layers_init_all                       0x0800574d   Thumb Code    30  layers.o(i.ai_layers_init_all)
    ai_layers_post_init_all                  0x0800576b   Thumb Code    54  layers.o(i.ai_layers_post_init_all)
    ai_network_create                        0x080057a1   Thumb Code    20  network.o(i.ai_network_create)
    ai_network_create_and_init               0x080057b9   Thumb Code   136  network.o(i.ai_network_create_and_init)
    ai_network_data_params_get               0x08005841   Thumb Code    36  network_data.o(i.ai_network_data_params_get)
    ai_network_get_error                     0x08005869   Thumb Code     4  network.o(i.ai_network_get_error)
    ai_network_init                          0x0800586d   Thumb Code    48  network.o(i.ai_network_init)
    ai_network_inputs_get                    0x0800589d   Thumb Code    12  network.o(i.ai_network_inputs_get)
    ai_network_outputs_get                   0x080058b1   Thumb Code    12  network.o(i.ai_network_outputs_get)
    ai_network_run                           0x080058c5   Thumb Code     4  network.o(i.ai_network_run)
    ai_platform_bind_network_params          0x080058c9   Thumb Code    38  ai_platform_interface.o(i.ai_platform_bind_network_params)
    ai_platform_context_acquire              0x080058f5   Thumb Code    14  ai_platform_interface.o(i.ai_platform_context_acquire)
    ai_platform_get_activations_map          0x08005909   Thumb Code    38  ai_platform_interface.o(i.ai_platform_get_activations_map)
    ai_platform_get_weights_map              0x08005935   Thumb Code    36  ai_platform_interface.o(i.ai_platform_get_weights_map)
    ai_platform_inputs_get                   0x0800595d   Thumb Code    66  ai_platform_interface.o(i.ai_platform_inputs_get)
    ai_platform_network_create               0x080059a1   Thumb Code   146  ai_platform_interface.o(i.ai_platform_network_create)
    ai_platform_network_get_error            0x08005a3d   Thumb Code    24  ai_platform_interface.o(i.ai_platform_network_get_error)
    ai_platform_network_init                 0x08005a59   Thumb Code   264  ai_platform_interface.o(i.ai_platform_network_init)
    ai_platform_network_post_init            0x08005b71   Thumb Code    76  ai_platform_interface.o(i.ai_platform_network_post_init)
    ai_platform_network_process              0x08005bc1   Thumb Code    84  ai_platform_interface.o(i.ai_platform_network_process)
    ai_platform_network_set_error            0x08005c15   Thumb Code    12  ai_platform_interface.o(i.ai_platform_network_set_error)
    ai_platform_outputs_get                  0x08005c21   Thumb Code    72  ai_platform_interface.o(i.ai_platform_outputs_get)
    ai_version_get                           0x08005c83   Thumb Code    12  ai_datatypes_internal.o(i.ai_version_get)
    core_get_error                           0x08005c8f   Thumb Code    12  core_common.o(i.core_get_error)
    core_init                                0x08005c9b   Thumb Code     4  core_common.o(i.core_init)
    core_set_error                           0x08005cd5   Thumb Code    26  core_common.o(i.core_set_error)
    forward_conv2d_if32of32wf32_nl_pool      0x08005cef   Thumb Code   718  layers_conv2d_generic_float.o(i.forward_conv2d_if32of32wf32_nl_pool)
    forward_dense                            0x08005fbd   Thumb Code   338  layers_conv2d_generic_float.o(i.forward_dense)
    forward_lite_conv2d_if32of32wf32_pool    0x08006115   Thumb Code   650  forward_lite_conv2d_if32of32wf32.o(i.forward_lite_conv2d_if32of32wf32_pool)
    forward_lite_dense_if32of32wf32          0x080063a5   Thumb Code   152  lite_dense_if32.o(i.forward_lite_dense_if32of32wf32)
    forward_lite_dense_if32of32wf32_lut4     0x08006441   Thumb Code   164  lite_dense_if32.o(i.forward_lite_dense_if32of32wf32_lut4)
    forward_lite_dense_if32of32wf32_lut8     0x080064e9   Thumb Code   168  lite_dense_if32.o(i.forward_lite_dense_if32of32wf32_lut8)
    forward_lite_nl_relu_generic_if32of32_kernel 0x08006595   Thumb Code   160  lite_nl_relu_if32of32.o(i.forward_lite_nl_relu_generic_if32of32_kernel)
    forward_lite_nl_relu_if32of32            0x08006639   Thumb Code    36  lite_nl_generic_float.o(i.forward_lite_nl_relu_if32of32)
    forward_lite_nl_softmax_if32of32         0x08006661   Thumb Code    86  lite_nl_generic_float.o(i.forward_lite_nl_softmax_if32of32)
    forward_lite_nl_softmax_if32of32_kernel  0x080066b9   Thumb Code   150  lite_nl_softmax_if32of32.o(i.forward_lite_nl_softmax_if32of32_kernel)
    forward_relu                             0x08006755   Thumb Code   192  layers_nl_generic_float.o(i.forward_relu)
    forward_sm                               0x08006819   Thumb Code   140  layers_nl_generic_float.o(i.forward_sm)
    fputc                                    0x080068a5   Thumb Code    20  main.o(i.fputc)
    get_tensor_byte_size                     0x08006a2d   Thumb Code    34  ai_datatypes_internal.o(i.get_tensor_byte_size)
    main                                     0x08006a55   Thumb Code   214  main.o(i.main)
    pool_func_mp_array_f32                   0x08006d35   Thumb Code   420  forward_lite_pool_f32.o(i.pool_func_mp_array_f32)
    st_int8_copy                             0x08006edd   Thumb Code   132  st_int8_fill.o(i.st_int8_copy)
    s_network_weights_array_u64              0x08007000   Data       209856  network_data_params.o(.constdata)
    AHBPrescTable                            0x0803a3c4   Data          16  system_stm32f7xx.o(.constdata)
    APBPrescTable                            0x0803a3d4   Data           8  system_stm32f7xx.o(.constdata)
    __ctype_categories                       0x0803a474   Data          64  ctype_c.o(.constdata)
    Region$$Table$$Base                      0x0803a618   Number         0  anon$$obj.o(Region$$Table)
    Region$$Table$$Limit                     0x0803a638   Number         0  anon$$obj.o(Region$$Table)
    g_network_data_map_activations           0x200009f0   Data          28  network_data.o(.data)
    g_network_data_map_weights               0x20000a0c   Data          28  network_data.o(.data)
    AIInfer_Labels                           0x20000a48   Data          60  ai_infer.o(.data)
    uwTickFreq                               0x20000a90   Data           1  stm32f7xx_hal.o(.data)
    uwTickPrio                               0x20000a94   Data           4  stm32f7xx_hal.o(.data)
    uwTick                                   0x20000a98   Data           4  stm32f7xx_hal.o(.data)
    SystemCoreClock                          0x20000a9c   Data           4  system_stm32f7xx.o(.data)
    __stdout                                 0x20000aa4   Data           4  stdout.o(.data)
    hcrc                                     0x20000b24   Data          36  crc.o(.bss)
    huart1                                   0x20000b48   Data         136  usart.o(.bss)
    __initial_sp                             0x20026f80   Data           0  startup_stm32f767xx.o(STACK)



==============================================================================

Memory Map of the image

  Image Entry point : 0x080001f9

  Load Region LR_IROM1 (Base: 0x08000000, Size: 0x0003b0e4, Max: 0x00100000, ABSOLUTE, COMPRESSED[0x0003a9e8])

    Execution Region ER_IROM1 (Exec base: 0x08000000, Load base: 0x08000000, Size: 0x0003a638, Max: 0x00100000, ABSOLUTE)

    Exec Addr    Load Addr    Size         Type   Attr      Idx    E Section Name        Object

    0x08000000   0x08000000   0x000001f8   Data   RO            3    RESET               startup_stm32f767xx.o
    0x080001f8   0x080001f8   0x00000000   Code   RO         4330  * .ARM.Collect$$$$00000000  mc_w.l(entry.o)
    0x080001f8   0x080001f8   0x00000004   Code   RO         4684    .ARM.Collect$$$$00000001  mc_w.l(entry2.o)
    0x080001fc   0x080001fc   0x00000004   Code   RO         4687    .ARM.Collect$$$$00000004  mc_w.l(entry5.o)
    0x08000200   0x08000200   0x00000000   Code   RO         4689    .ARM.Collect$$$$00000008  mc_w.l(entry7b.o)
    0x08000200   0x08000200   0x00000000   Code   RO         4691    .ARM.Collect$$$$0000000A  mc_w.l(entry8b.o)
    0x08000200   0x08000200   0x00000008   Code   RO         4692    .ARM.Collect$$$$0000000B  mc_w.l(entry9a.o)
    0x08000208   0x08000208   0x00000000   Code   RO         4694    .ARM.Collect$$$$0000000D  mc_w.l(entry10a.o)
    0x08000208   0x08000208   0x00000000   Code   RO         4696    .ARM.Collect$$$$0000000F  mc_w.l(entry11a.o)
    0x08000208   0x08000208   0x00000004   Code   RO         4685    .ARM.Collect$$$$00002712  mc_w.l(entry2.o)
    0x0800020c   0x0800020c   0x00000024   Code   RO            4    .text               startup_stm32f767xx.o
    0x08000230   0x08000230   0x00000062   Code   RO         4333    .text               mc_w.l(uldiv.o)
    0x08000292   0x08000292   0x00000024   Code   RO         4335    .text               mc_w.l(memcpya.o)
    0x080002b6   0x080002b6   0x00000024   Code   RO         4337    .text               mc_w.l(memseta.o)
    0x080002da   0x080002da   0x0000001a   Code   RO         4339    .text               mc_w.l(memcmp.o)
    0x080002f4   0x080002f4   0x00000044   Code   RO         4341    .text               mc_w.l(strtok.o)
    0x08000338   0x08000338   0x0000002c   Code   RO         4699    .text               mc_w.l(uidiv.o)
    0x08000364   0x08000364   0x0000001e   Code   RO         4701    .text               mc_w.l(llshl.o)
    0x08000382   0x08000382   0x00000020   Code   RO         4703    .text               mc_w.l(llushr.o)
    0x080003a2   0x080003a2   0x00000002   PAD
    0x080003a4   0x080003a4   0x0000009c   Code   RO         4714    .text               mc_w.l(strtod.o)
    0x08000440   0x08000440   0x00000000   Code   RO         4716    .text               mc_w.l(iusefp.o)
    0x08000440   0x08000440   0x0000014e   Code   RO         4721    .text               mf_w.l(dadd.o)
    0x0800058e   0x0800058e   0x000000e4   Code   RO         4723    .text               mf_w.l(dmul.o)
    0x08000672   0x08000672   0x000000de   Code   RO         4725    .text               mf_w.l(ddiv.o)
    0x08000750   0x08000750   0x00000030   Code   RO         4727    .text               mf_w.l(dfixul.o)
    0x08000780   0x08000780   0x00000030   Code   RO         4729    .text               mf_w.l(cdrcmple.o)
    0x080007b0   0x080007b0   0x00000024   Code   RO         4733    .text               mc_w.l(init.o)
    0x080007d4   0x080007d4   0x00000024   Code   RO         4735    .text               mc_w.l(llsshr.o)
    0x080007f8   0x080007f8   0x0000000a   Code   RO         4737    .text               mc_w.l(isspace_c.o)
    0x08000802   0x08000802   0x00000002   PAD
    0x08000804   0x08000804   0x00000360   Code   RO         4739    .text               mc_w.l(scanf_fp.o)
    0x08000b64   0x08000b64   0x00000040   Code   RO         4743    .text               mc_w.l(_sgetc.o)
    0x08000ba4   0x08000ba4   0x0000006e   Code   RO         4745    .text               mf_w.l(fepilogue.o)
    0x08000c12   0x08000c12   0x000000ba   Code   RO         4747    .text               mf_w.l(depilogue.o)
    0x08000ccc   0x08000ccc   0x00000028   Code   RO         4749    .text               mc_w.l(ctype_c.o)
    0x08000cf4   0x08000cf4   0x00000018   Code   RO         4752    .text               mf_w.l(dfltul.o)
    0x08000d0c   0x08000d0c   0x00000038   Code   RO         4754    .text               mf_w.l(d2f.o)
    0x08000d44   0x08000d44   0x00000056   Code   RO         4764    .text               mc_w.l(__dczerorl2.o)
    0x08000d9a   0x08000d9a   0x00000002   PAD
    0x08000d9c   0x08000d9c   0x00000074   Code   RO          986    i.AIInfer_Init      ai_infer.o
    0x08000e10   0x08000e10   0x0000009c   Code   RO          987    i.AIInfer_Run       ai_infer.o
    0x08000eac   0x08000eac   0x0000000c   Code   RO          854    i.App_HasPendingFrame  app_controller.o
    0x08000eb8   0x08000eb8   0x0000001c   Code   RO          855    i.App_Init          app_controller.o
    0x08000ed4   0x08000ed4   0x00000024   Code   RO          856    i.App_OnUartRxEvent  app_controller.o
    0x08000ef8   0x08000ef8   0x00000184   Code   RO          857    i.App_ProcessPendingFrame  app_controller.o
    0x0800107c   0x0800107c   0x00000008   Code   RO          858    i.App_RxBuffer      app_controller.o
    0x08001084   0x08001084   0x00000006   Code   RO          859    i.App_RxBufferSize  app_controller.o
    0x0800108a   0x0800108a   0x00000002   Code   RO          751    i.BusFault_Handler  stm32f7xx_it.o
    0x0800108c   0x0800108c   0x000000e2   Code   RO         1034    i.CopyBoxTo28       image_segment.o
    0x0800116e   0x0800116e   0x00000002   Code   RO          752    i.DebugMon_Handler  stm32f7xx_it.o
    0x08001170   0x08001170   0x00000004   Code   RO          483    i.Error_Handler     main.o
    0x08001174   0x08001174   0x0000016c   Code   RO         1062    i.ExprJudge_Run     expr_judge.o
    0x080012e0   0x080012e0   0x00000108   Code   RO         1063    i.ExprJudge_StatusName  expr_judge.o
    0x080013e8   0x080013e8   0x00000054   Code   RO         1305    i.HAL_CRCEx_Polynomial_Set  stm32f7xx_hal_crc_ex.o
    0x0800143c   0x0800143c   0x00000078   Code   RO         1239    i.HAL_CRC_Init      stm32f7xx_hal_crc.o
    0x080014b4   0x080014b4   0x00000028   Code   RO          668    i.HAL_CRC_MspInit   crc.o
    0x080014dc   0x080014dc   0x00000092   Code   RO         1752    i.HAL_DMA_Abort     stm32f7xx_hal_dma.o
    0x0800156e   0x0800156e   0x00000024   Code   RO         1753    i.HAL_DMA_Abort_IT  stm32f7xx_hal_dma.o
    0x08001592   0x08001592   0x00000002   PAD
    0x08001594   0x08001594   0x00000248   Code   RO         1686    i.HAL_GPIO_Init     stm32f7xx_hal_gpio.o
    0x080017dc   0x080017dc   0x0000000c   Code   RO         2129    i.HAL_GetTick       stm32f7xx_hal.o
    0x080017e8   0x080017e8   0x00000010   Code   RO         2135    i.HAL_IncTick       stm32f7xx_hal.o
    0x080017f8   0x080017f8   0x00000016   Code   RO         2136    i.HAL_Init          stm32f7xx_hal.o
    0x0800180e   0x0800180e   0x00000002   PAD
    0x08001810   0x08001810   0x00000040   Code   RO         2137    i.HAL_InitTick      stm32f7xx_hal.o
    0x08001850   0x08001850   0x00000030   Code   RO          833    i.HAL_MspInit       stm32f7xx_hal_msp.o
    0x08001880   0x08001880   0x0000001a   Code   RO         1093    i.HAL_NVIC_EnableIRQ  stm32f7xx_hal_cortex.o
    0x0800189a   0x0800189a   0x00000002   PAD
    0x0800189c   0x0800189c   0x00000040   Code   RO         1099    i.HAL_NVIC_SetPriority  stm32f7xx_hal_cortex.o
    0x080018dc   0x080018dc   0x00000024   Code   RO         1100    i.HAL_NVIC_SetPriorityGrouping  stm32f7xx_hal_cortex.o
    0x08001900   0x08001900   0x0000006c   Code   RO         2026    i.HAL_PWREx_EnableOverDrive  stm32f7xx_hal_pwr_ex.o
    0x0800196c   0x0800196c   0x0000053c   Code   RO         1447    i.HAL_RCCEx_PeriphCLKConfig  stm32f7xx_hal_rcc_ex.o
    0x08001ea8   0x08001ea8   0x00000130   Code   RO         1340    i.HAL_RCC_ClockConfig  stm32f7xx_hal_rcc.o
    0x08001fd8   0x08001fd8   0x00000020   Code   RO         1347    i.HAL_RCC_GetPCLK1Freq  stm32f7xx_hal_rcc.o
    0x08001ff8   0x08001ff8   0x00000020   Code   RO         1348    i.HAL_RCC_GetPCLK2Freq  stm32f7xx_hal_rcc.o
    0x08002018   0x08002018   0x00000064   Code   RO         1349    i.HAL_RCC_GetSysClockFreq  stm32f7xx_hal_rcc.o
    0x0800207c   0x0800207c   0x00000398   Code   RO         1352    i.HAL_RCC_OscConfig  stm32f7xx_hal_rcc.o
    0x08002414   0x08002414   0x00000026   Code   RO         1104    i.HAL_SYSTICK_Config  stm32f7xx_hal_cortex.o
    0x0800243a   0x0800243a   0x0000004e   Code   RO         2837    i.HAL_UARTEx_ReceiveToIdle_IT  stm32f7xx_hal_uart_ex.o
    0x08002488   0x08002488   0x00000034   Code   RO          484    i.HAL_UARTEx_RxEventCallback  main.o
    0x080024bc   0x080024bc   0x00000002   Code   RO         2440    i.HAL_UARTEx_WakeupCallback  stm32f7xx_hal_uart.o
    0x080024be   0x080024be   0x00000002   Code   RO         2456    i.HAL_UART_ErrorCallback  stm32f7xx_hal_uart.o
    0x080024c0   0x080024c0   0x000002c4   Code   RO         2459    i.HAL_UART_IRQHandler  stm32f7xx_hal_uart.o
    0x08002784   0x08002784   0x00000066   Code   RO         2460    i.HAL_UART_Init     stm32f7xx_hal_uart.o
    0x080027ea   0x080027ea   0x00000002   PAD
    0x080027ec   0x080027ec   0x00000098   Code   RO          710    i.HAL_UART_MspInit  usart.o
    0x08002884   0x08002884   0x00000002   Code   RO         2467    i.HAL_UART_RxCpltCallback  stm32f7xx_hal_uart.o
    0x08002886   0x08002886   0x000000a6   Code   RO         2469    i.HAL_UART_Transmit  stm32f7xx_hal_uart.o
    0x0800292c   0x0800292c   0x00000002   Code   RO         2472    i.HAL_UART_TxCpltCallback  stm32f7xx_hal_uart.o
    0x0800292e   0x0800292e   0x00000002   PAD
    0x08002930   0x08002930   0x000002a0   Code   RO          860    i.HandleCommandFrame  app_controller.o
    0x08002bd0   0x08002bd0   0x00000002   Code   RO          753    i.HardFault_Handler  stm32f7xx_it.o
    0x08002bd2   0x08002bd2   0x00000002   PAD
    0x08002bd4   0x08002bd4   0x0000024c   Code   RO         1035    i.ImageSegment_InputToChars  image_segment.o
    0x08002e20   0x08002e20   0x00000040   Code   RO         1036    i.ImageSegment_NormalizePixel  image_segment.o
    0x08002e60   0x08002e60   0x00000150   Code   RO          861    i.JudgeExpression   app_controller.o
    0x08002fb0   0x08002fb0   0x00000030   Code   RO          669    i.MX_CRC_Init       crc.o
    0x08002fe0   0x08002fe0   0x0000002c   Code   RO          639    i.MX_GPIO_Init      gpio.o
    0x0800300c   0x0800300c   0x0000003c   Code   RO          711    i.MX_USART1_UART_Init  usart.o
    0x08003048   0x08003048   0x00000002   Code   RO          754    i.MemManage_Handler  stm32f7xx_it.o
    0x0800304a   0x0800304a   0x00000002   Code   RO          755    i.NMI_Handler       stm32f7xx_it.o
    0x0800304c   0x0800304c   0x00000002   Code   RO          756    i.PendSV_Handler    stm32f7xx_it.o
    0x0800304e   0x0800304e   0x00000002   PAD
    0x08003050   0x08003050   0x00000150   Code   RO          862    i.PrintRewriteMenu  app_controller.o
    0x080031a0   0x080031a0   0x0000008c   Code   RO          863    i.ProcessInput      app_controller.o
    0x0800322c   0x0800322c   0x00000154   Code   RO          864    i.ProcessRewriteAnswer  app_controller.o
    0x08003380   0x08003380   0x0000010c   Code   RO          865    i.ProcessRewriteChar  app_controller.o
    0x0800348c   0x0800348c   0x0000013c   Code   RO          866    i.RecognizeCurrentChars  app_controller.o
    0x080035c8   0x080035c8   0x00000034   Code   RO          867    i.ResetState        app_controller.o
    0x080035fc   0x080035fc   0x00000002   Code   RO          757    i.SVC_Handler       stm32f7xx_it.o
    0x080035fe   0x080035fe   0x00000002   PAD
    0x08003600   0x08003600   0x00000164   Code   RO         1037    i.SegmentImage      image_segment.o
    0x08003764   0x08003764   0x00000088   Code   RO          868    i.StartAnswerRewrite  app_controller.o
    0x080037ec   0x080037ec   0x00000004   Code   RO          758    i.SysTick_Handler   stm32f7xx_it.o
    0x080037f0   0x080037f0   0x000000a0   Code   RO          485    i.SystemClock_Config  main.o
    0x08003890   0x08003890   0x00000010   Code   RO         2913    i.SystemInit        system_stm32f7xx.o
    0x080038a0   0x080038a0   0x000000c8   Code   RO         2474    i.UART_AdvFeatureConfig  stm32f7xx_hal_uart.o
    0x08003968   0x08003968   0x000000a6   Code   RO         2475    i.UART_CheckIdleState  stm32f7xx_hal_uart.o
    0x08003a0e   0x08003a0e   0x00000010   Code   RO         2476    i.UART_DMAAbortOnError  stm32f7xx_hal_uart.o
    0x08003a1e   0x08003a1e   0x0000004c   Code   RO         2486    i.UART_EndRxTransfer  stm32f7xx_hal_uart.o
    0x08003a6a   0x08003a6a   0x000000be   Code   RO         2488    i.UART_RxISR_16BIT  stm32f7xx_hal_uart.o
    0x08003b28   0x08003b28   0x000000be   Code   RO         2489    i.UART_RxISR_8BIT   stm32f7xx_hal_uart.o
    0x08003be6   0x08003be6   0x00000002   PAD
    0x08003be8   0x08003be8   0x00000230   Code   RO         2490    i.UART_SetConfig    stm32f7xx_hal_uart.o
    0x08003e18   0x08003e18   0x000000b8   Code   RO         2492    i.UART_Start_Receive_IT  stm32f7xx_hal_uart.o
    0x08003ed0   0x08003ed0   0x00000094   Code   RO         2495    i.UART_WaitOnFlagUntilTimeout  stm32f7xx_hal_uart.o
    0x08003f64   0x08003f64   0x0000000c   Code   RO          759    i.USART1_IRQHandler  stm32f7xx_it.o
    0x08003f70   0x08003f70   0x00000002   Code   RO          760    i.UsageFault_Handler  stm32f7xx_it.o
    0x08003f72   0x08003f72   0x00000002   PAD
    0x08003f74   0x08003f74   0x00000020   Code   RO         4582    i.__0printf         mc_w.l(printfa.o)
    0x08003f94   0x08003f94   0x00000028   Code   RO         4584    i.__0sprintf        mc_w.l(printfa.o)
    0x08003fbc   0x08003fbc   0x00000026   Code   RO         4646    i.__ARM_fpclassifyf  m_wv.l(fpclassifyf.o)
    0x08003fe2   0x08003fe2   0x00000022   Code   RO         1106    i.__NVIC_SetPriority  stm32f7xx_hal_cortex.o
    0x08004004   0x08004004   0x00000134   Code   RO         3489    i.__ai_math_dot_array  NetworkRuntime1020_CM7_Keil.lib(lite_dense_if32.o)
    0x08004138   0x08004138   0x00000038   Code   RO         4170    i.__hardfp_atof     m_wv.l(atof.o)
    0x08004170   0x08004170   0x000001f4   Code   RO         4218    i.__hardfp_expf     m_wv.l(expf.o)
    0x08004364   0x08004364   0x00000006   Code   RO         4649    i.__mathlib_flt_infnan  m_wv.l(funder.o)
    0x0800436a   0x0800436a   0x00000002   PAD
    0x0800436c   0x0800436c   0x00000010   Code   RO         4652    i.__mathlib_flt_overflow  m_wv.l(funder.o)
    0x0800437c   0x0800437c   0x00000010   Code   RO         4654    i.__mathlib_flt_underflow  m_wv.l(funder.o)
    0x0800438c   0x0800438c   0x0000000c   Code   RO         4708    i.__read_errno      mc_w.l(errno.o)
    0x08004398   0x08004398   0x0000000e   Code   RO         4758    i.__scatterload_copy  mc_w.l(handlers.o)
    0x080043a6   0x080043a6   0x00000002   Code   RO         4759    i.__scatterload_null  mc_w.l(handlers.o)
    0x080043a8   0x080043a8   0x0000000e   Code   RO         4760    i.__scatterload_zeroinit  mc_w.l(handlers.o)
    0x080043b6   0x080043b6   0x00000002   PAD
    0x080043b8   0x080043b8   0x0000000c   Code   RO         4709    i.__set_errno       mc_w.l(errno.o)
    0x080043c4   0x080043c4   0x00000012   Code   RO         3415    i._ai_forward_layer  NetworkRuntime1020_CM7_Keil.lib(layers.o)
    0x080043d6   0x080043d6   0x00000002   PAD
    0x080043d8   0x080043d8   0x000000e0   Code   RO         2964    i._ai_platform_get_io_buffers_info  NetworkRuntime1020_CM7_Keil.lib(ai_platform_interface.o)
    0x080044b8   0x080044b8   0x0000007e   Code   RO         3443    i._final_pooling_buffer_reorder  NetworkRuntime1020_CM7_Keil.lib(forward_lite_conv2d_if32of32wf32.o)
    0x08004536   0x08004536   0x00000002   PAD
    0x08004538   0x08004538   0x00000038   Code   RO         3075    i._forward_lite_nl_relu_thresholded_if32of32  NetworkRuntime1020_CM7_Keil.lib(layers_nl_generic_float.o)
    0x08004570   0x08004570   0x00000184   Code   RO         4589    i._fp_digits        mc_w.l(printfa.o)
    0x080046f4   0x080046f4   0x00000022   Code   RO         3356    i._get_lut_size     NetworkRuntime1020_CM7_Keil.lib(ai_datatypes_format.o)
    0x08004716   0x08004716   0x0000000e   Code   RO         4741    i._is_digit         mc_w.l(scanf_fp.o)
    0x08004724   0x08004724   0x0000012c   Code   RO         3490    i._lite_dict4_dot_array_f32  NetworkRuntime1020_CM7_Keil.lib(lite_dense_if32.o)
    0x08004850   0x08004850   0x00000104   Code   RO         3491    i._lite_dict8_dot_array_f32  NetworkRuntime1020_CM7_Keil.lib(lite_dense_if32.o)
    0x08004954   0x08004954   0x0000004a   Code   RO         2965    i._platform_ai_buffer_array_copy  NetworkRuntime1020_CM7_Keil.lib(ai_platform_interface.o)
    0x0800499e   0x0800499e   0x00000002   PAD
    0x080049a0   0x080049a0   0x00000050   Code   RO         2966    i._platform_get_table_map_from_buffer  NetworkRuntime1020_CM7_Keil.lib(ai_platform_interface.o)
    0x080049f0   0x080049f0   0x00000044   Code   RO         2967    i._platform_get_table_map_from_buffer_array  NetworkRuntime1020_CM7_Keil.lib(ai_platform_interface.o)
    0x08004a34   0x08004a34   0x00000014   Code   RO         2968    i._platform_network_buffers_signature_valid  NetworkRuntime1020_CM7_Keil.lib(ai_platform_interface.o)
    0x08004a48   0x08004a48   0x00000210   Code   RO         2969    i._platform_network_io_bind  NetworkRuntime1020_CM7_Keil.lib(ai_platform_interface.o)
    0x08004c58   0x08004c58   0x0000003e   Code   RO         2970    i._platform_network_state_setup  NetworkRuntime1020_CM7_Keil.lib(ai_platform_interface.o)
    0x08004c96   0x08004c96   0x0000006a   Code   RO         2971    i._platform_network_state_update_input  NetworkRuntime1020_CM7_Keil.lib(ai_platform_interface.o)
    0x08004d00   0x08004d00   0x00000080   Code   RO         2972    i._platform_network_state_update_output  NetworkRuntime1020_CM7_Keil.lib(ai_platform_interface.o)
    0x08004d80   0x08004d80   0x000006dc   Code   RO         4590    i._printf_core      mc_w.l(printfa.o)
    0x0800545c   0x0800545c   0x00000024   Code   RO         4591    i._printf_post_padding  mc_w.l(printfa.o)
    0x08005480   0x08005480   0x0000002e   Code   RO         4592    i._printf_pre_padding  mc_w.l(printfa.o)
    0x080054ae   0x080054ae   0x0000000a   Code   RO         4594    i._sputc            mc_w.l(printfa.o)
    0x080054b8   0x080054b8   0x00000028   Code   RO         3361    i.ai_array_get_byte_size  NetworkRuntime1020_CM7_Keil.lib(ai_datatypes_format.o)
    0x080054e0   0x080054e0   0x0000001e   Code   RO         3362    i.ai_array_get_data_byte_size  NetworkRuntime1020_CM7_Keil.lib(ai_datatypes_format.o)
    0x080054fe   0x080054fe   0x00000002   PAD
    0x08005500   0x08005500   0x00000130   Code   RO         3364    i.ai_array_to_buffer_fmt  NetworkRuntime1020_CM7_Keil.lib(ai_datatypes_format.o)
    0x08005630   0x08005630   0x00000024   Code   RO         2950    i.ai_buffer_array_item_set_address  NetworkRuntime1020_CM7_Keil.lib(ai_platform.o)
    0x08005654   0x08005654   0x00000012   Code   RO         2951    i.ai_buffer_array_sane  NetworkRuntime1020_CM7_Keil.lib(ai_platform.o)
    0x08005666   0x08005666   0x00000002   PAD
    0x08005668   0x08005668   0x00000068   Code   RO         2953    i.ai_buffer_get_size  NetworkRuntime1020_CM7_Keil.lib(ai_platform.o)
    0x080056d0   0x080056d0   0x0000002c   Code   RO         3417    i.ai_check_custom_types  NetworkRuntime1020_CM7_Keil.lib(layers.o)
    0x080056fc   0x080056fc   0x00000050   Code   RO         3421    i.ai_layers_forward_all  NetworkRuntime1020_CM7_Keil.lib(layers.o)
    0x0800574c   0x0800574c   0x0000001e   Code   RO         3422    i.ai_layers_init_all  NetworkRuntime1020_CM7_Keil.lib(layers.o)
    0x0800576a   0x0800576a   0x00000036   Code   RO         3423    i.ai_layers_post_init_all  NetworkRuntime1020_CM7_Keil.lib(layers.o)
    0x080057a0   0x080057a0   0x00000018   Code   RO           10    i.ai_network_create  network.o
    0x080057b8   0x080057b8   0x00000088   Code   RO           11    i.ai_network_create_and_init  network.o
    0x08005840   0x08005840   0x00000028   Code   RO          410    i.ai_network_data_params_get  network_data.o
    0x08005868   0x08005868   0x00000004   Code   RO           14    i.ai_network_get_error  network.o
    0x0800586c   0x0800586c   0x00000030   Code   RO           17    i.ai_network_init   network.o
    0x0800589c   0x0800589c   0x00000014   Code   RO           18    i.ai_network_inputs_get  network.o
    0x080058b0   0x080058b0   0x00000014   Code   RO           19    i.ai_network_outputs_get  network.o
    0x080058c4   0x080058c4   0x00000004   Code   RO           20    i.ai_network_run    network.o
    0x080058c8   0x080058c8   0x0000002c   Code   RO         2976    i.ai_platform_bind_network_params  NetworkRuntime1020_CM7_Keil.lib(ai_platform_interface.o)
    0x080058f4   0x080058f4   0x00000014   Code   RO         2977    i.ai_platform_context_acquire  NetworkRuntime1020_CM7_Keil.lib(ai_platform_interface.o)
    0x08005908   0x08005908   0x0000002c   Code   RO         2979    i.ai_platform_get_activations_map  NetworkRuntime1020_CM7_Keil.lib(ai_platform_interface.o)
    0x08005934   0x08005934   0x00000028   Code   RO         2980    i.ai_platform_get_weights_map  NetworkRuntime1020_CM7_Keil.lib(ai_platform_interface.o)
    0x0800595c   0x0800595c   0x00000042   Code   RO         2981    i.ai_platform_inputs_get  NetworkRuntime1020_CM7_Keil.lib(ai_platform_interface.o)
    0x0800599e   0x0800599e   0x00000002   PAD
    0x080059a0   0x080059a0   0x0000009c   Code   RO         2983    i.ai_platform_network_create  NetworkRuntime1020_CM7_Keil.lib(ai_platform_interface.o)
    0x08005a3c   0x08005a3c   0x0000001c   Code   RO         2985    i.ai_platform_network_get_error  NetworkRuntime1020_CM7_Keil.lib(ai_platform_interface.o)
    0x08005a58   0x08005a58   0x00000118   Code   RO         2986    i.ai_platform_network_init  NetworkRuntime1020_CM7_Keil.lib(ai_platform_interface.o)
    0x08005b70   0x08005b70   0x00000050   Code   RO         2987    i.ai_platform_network_post_init  NetworkRuntime1020_CM7_Keil.lib(ai_platform_interface.o)
    0x08005bc0   0x08005bc0   0x00000054   Code   RO         2988    i.ai_platform_network_process  NetworkRuntime1020_CM7_Keil.lib(ai_platform_interface.o)
    0x08005c14   0x08005c14   0x0000000c   Code   RO         2989    i.ai_platform_network_set_error  NetworkRuntime1020_CM7_Keil.lib(ai_platform_interface.o)
    0x08005c20   0x08005c20   0x00000048   Code   RO         2995    i.ai_platform_outputs_get  NetworkRuntime1020_CM7_Keil.lib(ai_platform_interface.o)
    0x08005c68   0x08005c68   0x0000001a   Code   RO         3076    i.ai_shape_get_size  NetworkRuntime1020_CM7_Keil.lib(layers_nl_generic_float.o)
    0x08005c82   0x08005c82   0x0000000c   Code   RO         3386    i.ai_version_get    NetworkRuntime1020_CM7_Keil.lib(ai_datatypes_internal.o)
    0x08005c8e   0x08005c8e   0x0000000c   Code   RO         3396    i.core_get_error    NetworkRuntime1020_CM7_Keil.lib(core_common.o)
    0x08005c9a   0x08005c9a   0x00000004   Code   RO         3397    i.core_init         NetworkRuntime1020_CM7_Keil.lib(core_common.o)
    0x08005c9e   0x08005c9e   0x00000012   Code   RO         3039    i.core_nl_get_params_byte_size  NetworkRuntime1020_CM7_Keil.lib(layers_conv2d_generic_float.o)
    0x08005cb0   0x08005cb0   0x00000012   Code   RO         3040    i.core_nl_get_params_ptr  NetworkRuntime1020_CM7_Keil.lib(layers_conv2d_generic_float.o)
    0x08005cc2   0x08005cc2   0x00000012   Code   RO         3041    i.core_nl_get_params_stride  NetworkRuntime1020_CM7_Keil.lib(layers_conv2d_generic_float.o)
    0x08005cd4   0x08005cd4   0x0000001a   Code   RO         3398    i.core_set_error    NetworkRuntime1020_CM7_Keil.lib(core_common.o)
    0x08005cee   0x08005cee   0x000002ce   Code   RO         3045    i.forward_conv2d_if32of32wf32_nl_pool  NetworkRuntime1020_CM7_Keil.lib(layers_conv2d_generic_float.o)
    0x08005fbc   0x08005fbc   0x00000158   Code   RO         3046    i.forward_dense     NetworkRuntime1020_CM7_Keil.lib(layers_conv2d_generic_float.o)
    0x08006114   0x08006114   0x00000290   Code   RO         3447    i.forward_lite_conv2d_if32of32wf32_pool  NetworkRuntime1020_CM7_Keil.lib(forward_lite_conv2d_if32of32wf32.o)
    0x080063a4   0x080063a4   0x0000009c   Code   RO         3492    i.forward_lite_dense_if32of32wf32  NetworkRuntime1020_CM7_Keil.lib(lite_dense_if32.o)
    0x08006440   0x08006440   0x000000a8   Code   RO         3493    i.forward_lite_dense_if32of32wf32_lut4  NetworkRuntime1020_CM7_Keil.lib(lite_dense_if32.o)
    0x080064e8   0x080064e8   0x000000ac   Code   RO         3494    i.forward_lite_dense_if32of32wf32_lut8  NetworkRuntime1020_CM7_Keil.lib(lite_dense_if32.o)
    0x08006594   0x08006594   0x000000a4   Code   RO         3480    i.forward_lite_nl_relu_generic_if32of32_kernel  NetworkRuntime1020_CM7_Keil.lib(lite_nl_relu_if32of32.o)
    0x08006638   0x08006638   0x00000028   Code   RO         3292    i.forward_lite_nl_relu_if32of32  NetworkRuntime1020_CM7_Keil.lib(lite_nl_generic_float.o)
    0x08006660   0x08006660   0x00000056   Code   RO         3303    i.forward_lite_nl_softmax_if32of32  NetworkRuntime1020_CM7_Keil.lib(lite_nl_generic_float.o)
    0x080066b6   0x080066b6   0x00000002   PAD
    0x080066b8   0x080066b8   0x0000009c   Code   RO         3469    i.forward_lite_nl_softmax_if32of32_kernel  NetworkRuntime1020_CM7_Keil.lib(lite_nl_softmax_if32of32.o)
    0x08006754   0x08006754   0x000000c4   Code   RO         3102    i.forward_relu      NetworkRuntime1020_CM7_Keil.lib(layers_nl_generic_float.o)
    0x08006818   0x08006818   0x0000008c   Code   RO         3111    i.forward_sm        NetworkRuntime1020_CM7_Keil.lib(layers_nl_generic_float.o)
    0x080068a4   0x080068a4   0x00000018   Code   RO          486    i.fputc             main.o
    0x080068bc   0x080068bc   0x0000016e   Code   RO         3452    i.fw_lite_conv2d_kernel_simple_opt_f32  NetworkRuntime1020_CM7_Keil.lib(forward_lite_conv2d_if32of32wf32.o)
    0x08006a2a   0x08006a2a   0x00000002   PAD
    0x08006a2c   0x08006a2c   0x00000028   Code   RO         3387    i.get_tensor_byte_size  NetworkRuntime1020_CM7_Keil.lib(ai_datatypes_internal.o)
    0x08006a54   0x08006a54   0x0000014c   Code   RO          487    i.main              main.o
    0x08006ba0   0x08006ba0   0x000000c0   Code   RO           21    i.network_configure_activations  network.o
    0x08006c60   0x08006c60   0x000000d4   Code   RO           22    i.network_configure_weights  network.o
    0x08006d34   0x08006d34   0x000001a8   Code   RO         3261    i.pool_func_mp_array_f32  NetworkRuntime1020_CM7_Keil.lib(forward_lite_pool_f32.o)
    0x08006edc   0x08006edc   0x00000084   Code   RO         4047    i.st_int8_copy      NetworkRuntime1020_CM7_Keil.lib(st_int8_fill.o)
    0x08006f60   0x08006f60   0x00000008   Data   RO           29    .constdata          network.o
    0x08006f68   0x08006f68   0x00000008   Data   RO           30    .constdata          network.o
    0x08006f70   0x08006f70   0x00000008   Data   RO           31    .constdata          network.o
    0x08006f78   0x08006f78   0x00000008   Data   RO           32    .constdata          network.o
    0x08006f80   0x08006f80   0x00000008   Data   RO           33    .constdata          network.o
    0x08006f88   0x08006f88   0x00000008   Data   RO           34    .constdata          network.o
    0x08006f90   0x08006f90   0x00000068   Data   RO          413    .constdata          network_data.o
    0x08006ff8   0x08006ff8   0x00000008   PAD
    0x08007000   0x08007000   0x000333c0   Data   RO          463    .constdata          network_data_params.o
    0x0803a3c0   0x0803a3c0   0x00000004   Data   RO          989    .constdata          ai_infer.o
    0x0803a3c4   0x0803a3c4   0x00000010   Data   RO         2914    .constdata          system_stm32f7xx.o
    0x0803a3d4   0x0803a3d4   0x00000008   Data   RO         2915    .constdata          system_stm32f7xx.o
    0x0803a3dc   0x0803a3dc   0x00000068   Data   RO         2998    .constdata          NetworkRuntime1020_CM7_Keil.lib(ai_platform_interface.o)
    0x0803a444   0x0803a444   0x00000030   Data   RO         4221    .constdata          m_wv.l(expf.o)
    0x0803a474   0x0803a474   0x00000040   Data   RO         4750    .constdata          mc_w.l(ctype_c.o)
    0x0803a4b4   0x0803a4b4   0x00000125   Data   RO          870    .conststring        app_controller.o
    0x0803a5d9   0x0803a5d9   0x00000003   PAD
    0x0803a5dc   0x0803a5dc   0x0000003a   Data   RO          990    .conststring        ai_infer.o
    0x0803a616   0x0803a616   0x00000002   PAD
    0x0803a618   0x0803a618   0x00000020   Data   RO         4756    Region$$Table       anon$$obj.o


    Execution Region RW_IRAM1 (Exec base: 0x20000000, Load base: 0x0803a638, Size: 0x00026f80, Max: 0x00080000, ABSOLUTE, COMPRESSED[0x000003b0])

    Exec Addr    Load Addr    Size         Type   Attr      Idx    E Section Name        Object

    0x20000000   COMPRESSED   0x00000010   Data   RW           37    .data               network.o
    0x20000010   COMPRESSED   0x00000010   Data   RW           38    .data               network.o
    0x20000020   COMPRESSED   0x00000010   Data   RW           39    .data               network.o
    0x20000030   COMPRESSED   0x00000010   Data   RW           40    .data               network.o
    0x20000040   COMPRESSED   0x00000010   Data   RW           41    .data               network.o
    0x20000050   COMPRESSED   0x00000010   Data   RW           42    .data               network.o
    0x20000060   COMPRESSED   0x00000010   Data   RW           43    .data               network.o
    0x20000070   COMPRESSED   0x00000010   Data   RW           44    .data               network.o
    0x20000080   COMPRESSED   0x00000010   Data   RW           45    .data               network.o
    0x20000090   COMPRESSED   0x00000010   Data   RW           46    .data               network.o
    0x200000a0   COMPRESSED   0x00000010   Data   RW           47    .data               network.o
    0x200000b0   COMPRESSED   0x00000010   Data   RW           48    .data               network.o
    0x200000c0   COMPRESSED   0x00000010   Data   RW           49    .data               network.o
    0x200000d0   COMPRESSED   0x00000010   Data   RW           50    .data               network.o
    0x200000e0   COMPRESSED   0x00000010   Data   RW           51    .data               network.o
    0x200000f0   COMPRESSED   0x00000010   Data   RW           52    .data               network.o
    0x20000100   COMPRESSED   0x00000010   Data   RW           53    .data               network.o
    0x20000110   COMPRESSED   0x00000010   Data   RW           54    .data               network.o
    0x20000120   COMPRESSED   0x00000010   Data   RW           55    .data               network.o
    0x20000130   COMPRESSED   0x00000010   Data   RW           56    .data               network.o
    0x20000140   COMPRESSED   0x00000010   Data   RW           57    .data               network.o
    0x20000150   COMPRESSED   0x00000010   Data   RW           58    .data               network.o
    0x20000160   COMPRESSED   0x00000010   Data   RW           59    .data               network.o
    0x20000170   COMPRESSED   0x00000010   Data   RW           60    .data               network.o
    0x20000180   COMPRESSED   0x00000010   Data   RW           61    .data               network.o
    0x20000190   COMPRESSED   0x00000010   Data   RW           62    .data               network.o
    0x200001a0   COMPRESSED   0x00000010   Data   RW           63    .data               network.o
    0x200001b0   COMPRESSED   0x00000010   Data   RW           64    .data               network.o
    0x200001c0   COMPRESSED   0x00000010   Data   RW           65    .data               network.o
    0x200001d0   COMPRESSED   0x00000010   Data   RW           66    .data               network.o
    0x200001e0   COMPRESSED   0x00000010   Data   RW           67    .data               network.o
    0x200001f0   COMPRESSED   0x00000010   Data   RW           68    .data               network.o
    0x20000200   COMPRESSED   0x00000010   Data   RW           69    .data               network.o
    0x20000210   COMPRESSED   0x00000010   Data   RW           70    .data               network.o
    0x20000220   COMPRESSED   0x00000010   Data   RW           71    .data               network.o
    0x20000230   COMPRESSED   0x00000010   Data   RW           72    .data               network.o
    0x20000240   COMPRESSED   0x00000010   Data   RW           73    .data               network.o
    0x20000250   COMPRESSED   0x00000010   Data   RW           74    .data               network.o
    0x20000260   COMPRESSED   0x00000010   Data   RW           75    .data               network.o
    0x20000270   COMPRESSED   0x00000010   Data   RW           76    .data               network.o
    0x20000280   COMPRESSED   0x00000004   Data   RW           77    .data               network.o
    0x20000284   COMPRESSED   0x00000004   Data   RW           78    .data               network.o
    0x20000288   COMPRESSED   0x00000004   Data   RW           79    .data               network.o
    0x2000028c   COMPRESSED   0x00000004   Data   RW           80    .data               network.o
    0x20000290   COMPRESSED   0x00000030   Data   RW           81    .data               network.o
    0x200002c0   COMPRESSED   0x00000004   Data   RW           82    .data               network.o
    0x200002c4   COMPRESSED   0x00000004   Data   RW           83    .data               network.o
    0x200002c8   COMPRESSED   0x00000008   Data   RW           84    .data               network.o
    0x200002d0   COMPRESSED   0x00000004   Data   RW           85    .data               network.o
    0x200002d4   COMPRESSED   0x00000030   Data   RW           86    .data               network.o
    0x20000304   COMPRESSED   0x00000004   Data   RW           87    .data               network.o
    0x20000308   COMPRESSED   0x00000004   Data   RW           88    .data               network.o
    0x2000030c   COMPRESSED   0x00000004   Data   RW           89    .data               network.o
    0x20000310   COMPRESSED   0x00000004   Data   RW           90    .data               network.o
    0x20000314   COMPRESSED   0x00000030   Data   RW           91    .data               network.o
    0x20000344   COMPRESSED   0x00000004   Data   RW           92    .data               network.o
    0x20000348   COMPRESSED   0x00000004   Data   RW           93    .data               network.o
    0x2000034c   COMPRESSED   0x00000008   Data   RW           94    .data               network.o
    0x20000354   COMPRESSED   0x00000004   Data   RW           95    .data               network.o
    0x20000358   COMPRESSED   0x00000030   Data   RW           96    .data               network.o
    0x20000388   COMPRESSED   0x00000004   Data   RW           97    .data               network.o
    0x2000038c   COMPRESSED   0x00000004   Data   RW           98    .data               network.o
    0x20000390   COMPRESSED   0x0000000c   Data   RW           99    .data               network.o
    0x2000039c   COMPRESSED   0x00000008   Data   RW          100    .data               network.o
    0x200003a4   COMPRESSED   0x00000030   Data   RW          101    .data               network.o
    0x200003d4   COMPRESSED   0x00000010   Data   RW          102    .data               network.o
    0x200003e4   COMPRESSED   0x00000004   Data   RW          103    .data               network.o
    0x200003e8   COMPRESSED   0x00000004   Data   RW          104    .data               network.o
    0x200003ec   COMPRESSED   0x0000000c   Data   RW          105    .data               network.o
    0x200003f8   COMPRESSED   0x00000008   Data   RW          106    .data               network.o
    0x20000400   COMPRESSED   0x00000030   Data   RW          107    .data               network.o
    0x20000430   COMPRESSED   0x00000010   Data   RW          108    .data               network.o
    0x20000440   COMPRESSED   0x00000010   Data   RW          109    .data               network.o
    0x20000450   COMPRESSED   0x0000001c   Data   RW          110    .data               network.o
    0x2000046c   COMPRESSED   0x00000010   Data   RW          111    .data               network.o
    0x2000047c   COMPRESSED   0x0000001c   Data   RW          112    .data               network.o
    0x20000498   COMPRESSED   0x00000004   Data   RW          113    .data               network.o
    0x2000049c   COMPRESSED   0x00000008   Data   RW          114    .data               network.o
    0x200004a4   COMPRESSED   0x0000000c   Data   RW          115    .data               network.o
    0x200004b0   COMPRESSED   0x00000004   Data   RW          116    .data               network.o
    0x200004b4   COMPRESSED   0x00000008   Data   RW          117    .data               network.o
    0x200004bc   COMPRESSED   0x0000000c   Data   RW          118    .data               network.o
    0x200004c8   COMPRESSED   0x00000018   Data   RW          119    .data               network.o
    0x200004e0   COMPRESSED   0x00000184   Data   RW          120    .data               network.o
    0x20000664   COMPRESSED   0x0000001c   Data   RW          121    .data               network.o
    0x20000680   COMPRESSED   0x0000001c   Data   RW          122    .data               network.o
    0x2000069c   COMPRESSED   0x0000001c   Data   RW          123    .data               network.o
    0x200006b8   COMPRESSED   0x0000001c   Data   RW          124    .data               network.o
    0x200006d4   COMPRESSED   0x0000001c   Data   RW          125    .data               network.o
    0x200006f0   COMPRESSED   0x0000001c   Data   RW          126    .data               network.o
    0x2000070c   COMPRESSED   0x0000001c   Data   RW          127    .data               network.o
    0x20000728   COMPRESSED   0x0000001c   Data   RW          128    .data               network.o
    0x20000744   COMPRESSED   0x0000001c   Data   RW          129    .data               network.o
    0x20000760   COMPRESSED   0x0000001c   Data   RW          130    .data               network.o
    0x2000077c   COMPRESSED   0x0000001c   Data   RW          131    .data               network.o
    0x20000798   COMPRESSED   0x0000001c   Data   RW          132    .data               network.o
    0x200007b4   COMPRESSED   0x0000001c   Data   RW          133    .data               network.o
    0x200007d0   COMPRESSED   0x0000001c   Data   RW          134    .data               network.o
    0x200007ec   COMPRESSED   0x0000001c   Data   RW          135    .data               network.o
    0x20000808   COMPRESSED   0x0000001c   Data   RW          136    .data               network.o
    0x20000824   COMPRESSED   0x0000001c   Data   RW          137    .data               network.o
    0x20000840   COMPRESSED   0x0000001c   Data   RW          138    .data               network.o
    0x2000085c   COMPRESSED   0x0000001c   Data   RW          139    .data               network.o
    0x20000878   COMPRESSED   0x0000001c   Data   RW          140    .data               network.o
    0x20000894   COMPRESSED   0x00000024   Data   RW          141    .data               network.o
    0x200008b8   COMPRESSED   0x0000001c   Data   RW          142    .data               network.o
    0x200008d4   COMPRESSED   0x00000020   Data   RW          143    .data               network.o
    0x200008f4   COMPRESSED   0x0000001c   Data   RW          144    .data               network.o
    0x20000910   COMPRESSED   0x00000060   Data   RW          145    .data               network.o
    0x20000970   COMPRESSED   0x00000060   Data   RW          146    .data               network.o
    0x200009d0   COMPRESSED   0x00000010   Data   RW          414    .data               network_data.o
    0x200009e0   COMPRESSED   0x00000010   Data   RW          415    .data               network_data.o
    0x200009f0   COMPRESSED   0x0000001c   Data   RW          416    .data               network_data.o
    0x20000a0c   COMPRESSED   0x0000001c   Data   RW          417    .data               network_data.o
    0x20000a28   COMPRESSED   0x00000020   Data   RW          871    .data               app_controller.o
    0x20000a48   COMPRESSED   0x0000003c   Data   RW          991    .data               ai_infer.o
    0x20000a84   COMPRESSED   0x0000000c   Data   RW          992    .data               ai_infer.o
    0x20000a90   COMPRESSED   0x0000000c   Data   RW         2143    .data               stm32f7xx_hal.o
    0x20000a9c   COMPRESSED   0x00000004   Data   RW         2916    .data               system_stm32f7xx.o
    0x20000aa0   COMPRESSED   0x00000004   Data   RW         4342    .data               mc_w.l(strtok.o)
    0x20000aa4   COMPRESSED   0x00000004   Data   RW         4698    .data               mc_w.l(stdout.o)
    0x20000aa8   COMPRESSED   0x00000004   Data   RW         4710    .data               mc_w.l(errno.o)
    0x20000aac        -       0x00000010   Zero   RW           23    .bss                network.o
    0x20000abc        -       0x00000010   Zero   RW           24    .bss                network.o
    0x20000acc        -       0x0000001c   Zero   RW           25    .bss                network.o
    0x20000ae8        -       0x00000010   Zero   RW           26    .bss                network.o
    0x20000af8        -       0x0000001c   Zero   RW           27    .bss                network.o
    0x20000b14        -       0x00000010   Zero   RW           28    .bss                network.o
    0x20000b24        -       0x00000024   Zero   RW          670    .bss                crc.o
    0x20000b48        -       0x00000088   Zero   RW          712    .bss                usart.o
    0x20000bd0        -       0x00023298   Zero   RW          869    .bss                app_controller.o
    0x20023e68        -       0x00002914   Zero   RW          988    .bss                ai_infer.o
    0x2002677c   COMPRESSED   0x00000004   PAD
    0x20026780        -       0x00000800   Zero   RW            1    STACK               startup_stm32f767xx.o


==============================================================================

Image component sizes


      Code (inc. data)   RO Data    RW Data    ZI Data      Debug   Object Name

       272        104         62         72      10516       2706   ai_infer.o
      3074       1624        293         32     144024      28069   app_controller.o
        88         18          0          0         36       1903   crc.o
       628        212          0          0          0       2995   expr_judge.o
        44          6          0          0          0        979   gpio.o
      1234        406          0          0          0       5910   image_segment.o
       572        140          0          0          0     880860   main.o
       660         40         48       2512        120      60250   network.o
        40          4        104         88          0      16105   network_data.o
         0          0     209856          0          0      15442   network_data_params.o
        36          8        504          0       2048        904   startup_stm32f767xx.o
       114         20          0         12          0       9205   stm32f7xx_hal.o
       198         12          0          0          0      39539   stm32f7xx_hal_cortex.o
       120          6          0          0          0       1359   stm32f7xx_hal_crc.o
        84          0          0          0          0       1463   stm32f7xx_hal_crc_ex.o
       182          0          0          0          0       2407   stm32f7xx_hal_dma.o
       584         54          0          0          0       1788   stm32f7xx_hal_gpio.o
        48          6          0          0          0       1038   stm32f7xx_hal_msp.o
       108          8          0          0          0       1452   stm32f7xx_hal_pwr_ex.o
      1388         70          0          0          0       5760   stm32f7xx_hal_rcc.o
      1340         22          0          0          0       2512   stm32f7xx_hal_rcc_ex.o
      2714         82          0          0          0      15924   stm32f7xx_hal_uart.o
        78          0          0          0          0       1566   stm32f7xx_hal_uart_ex.o
        32          6          0          0          0       5566   stm32f7xx_it.o
        16          4         24          4          0       1403   system_stm32f7xx.o
       212         22          0          0        136       2162   usart.o

    ----------------------------------------------------------------------
     13886       2874     210936       2720     156884    1109267   Object Totals
         0          0         32          0          0          0   (incl. Generated)
        20          0         13          0          4          0   (incl. Padding)

    ----------------------------------------------------------------------

      Code (inc. data)   RO Data    RW Data    ZI Data      Debug   Library Member Name

       408         54          0          0          0        488   ai_datatypes_format.o
        52          6          0          0          0        244   ai_datatypes_internal.o
       158          8          0          0          0        368   ai_platform.o
      2216         72        104          0          0       2768   ai_platform_interface.o
        42          0          0          0          0        348   core_common.o
      1148          6          0          0          0        448   forward_lite_conv2d_if32of32wf32.o
       424          4          0          0          0        148   forward_lite_pool_f32.o
       226          6          0          0          0        628   layers.o
      1116          6          0          0          0        640   layers_conv2d_generic_float.o
       418          8          0          0          0        516   layers_nl_generic_float.o
      1364         24          0          0          0        864   lite_dense_if32.o
       126          4          0          0          0        256   lite_nl_generic_float.o
       164          4          0          0          0        124   lite_nl_relu_if32of32.o
       156          6          0          0          0        152   lite_nl_softmax_if32of32.o
       132          0          0          0          0        132   st_int8_fill.o
        56         12          0          0          0        132   atof.o
       500         74         48          0          0        236   expf.o
        38          0          0          0          0        116   fpclassifyf.o
        38         12          0          0          0        348   funder.o
        86          0          0          0          0          0   __dczerorl2.o
        64          0          0          0          0         84   _sgetc.o
        40          6         64          0          0         68   ctype_c.o
         0          0          0          0          0          0   entry.o
         0          0          0          0          0          0   entry10a.o
         0          0          0          0          0          0   entry11a.o
         8          4          0          0          0          0   entry2.o
         4          0          0          0          0          0   entry5.o
         0          0          0          0          0          0   entry7b.o
         0          0          0          0          0          0   entry8b.o
         8          4          0          0          0          0   entry9a.o
        24         12          0          4          0        136   errno.o
        30          0          0          0          0          0   handlers.o
        36          8          0          0          0         68   init.o
        10          0          0          0          0         68   isspace_c.o
         0          0          0          0          0          0   iusefp.o
        30          0          0          0          0         68   llshl.o
        36          0          0          0          0         68   llsshr.o
        32          0          0          0          0         68   llushr.o
        26          0          0          0          0         80   memcmp.o
        36          0          0          0          0         68   memcpya.o
        36          0          0          0          0        108   memseta.o
      2308         96          0          0          0        604   printfa.o
       878         12          0          0          0        216   scanf_fp.o
         0          0          0          4          0          0   stdout.o
       156         12          0          0          0        120   strtod.o
        68          6          0          4          0         80   strtok.o
        44          0          0          0          0         80   uidiv.o
        98          0          0          0          0         92   uldiv.o
        48          0          0          0          0         68   cdrcmple.o
        56          0          0          0          0         88   d2f.o
       334          0          0          0          0        148   dadd.o
       222          0          0          0          0        100   ddiv.o
       186          0          0          0          0        176   depilogue.o
        48          0          0          0          0         68   dfixul.o
        24          0          0          0          0         76   dfltul.o
       228          0          0          0          0         96   dmul.o
       110          0          0          0          0        168   fepilogue.o

    ----------------------------------------------------------------------
     14122        466        216         12          0      12020   Library Totals
        26          0          0          0          0          0   (incl. Padding)

    ----------------------------------------------------------------------

      Code (inc. data)   RO Data    RW Data    ZI Data      Debug   Library Name

      8150        208        104          0          0       8124   NetworkRuntime1020_CM7_Keil.lib
       632         98         48          0          0        832   m_wv.l
      4058        160         64         12          0       2076   mc_w.l
      1256          0          0          0          0        988   mf_w.l

    ----------------------------------------------------------------------
     14122        466        216         12          0      12020   Library Totals

    ----------------------------------------------------------------------

==============================================================================


      Code (inc. data)   RO Data    RW Data    ZI Data      Debug   

     28008       3340     211152       2732     156884    1105111   Grand Totals
     28008       3340     211152        944     156884    1105111   ELF Image Totals (compressed)
     28008       3340     211152        944          0          0   ROM Totals

==============================================================================

    Total RO  Size (Code + RO Data)               239160 ( 233.55kB)
    Total RW  Size (RW Data + ZI Data)            159616 ( 155.88kB)
    Total ROM Size (Code + RO Data + RW Data)     240104 ( 234.48kB)

==============================================================================

