<html>
<body>
<pre>
<h1>礦ision Build Log</h1>
<h2>Tool Versions:</h2>
IDE-Version: μVision V5.26.2.0
Copyright (C) 2018 ARM Ltd and ARM Germany GmbH. All rights reserved.
License Information: TUBU MA, TJ UNIVERSITY, LIC=ATTQ1-C925V-BSHYX-HHNU1-PD1AY-PLKV5
 
Tool Versions:
Toolchain:       MDK-ARM Plus  Version: 5.26.2.0
Toolchain Path:  E:\Keil_v5\ARM\ARMCC\Bin
C Compiler:      Armcc.exe V5.06 update 6 (build 750)
Assembler:       Armasm.exe V5.06 update 6 (build 750)
Linker/Locator:  ArmLink.exe V5.06 update 6 (build 750)
Library Manager: ArmAr.exe V5.06 update 6 (build 750)
Hex Converter:   FromElf.exe V5.06 update 6 (build 750)
CPU DLL:         SARMCM3.DLL V5.26.2.0
Dialog DLL:      DCM.DLL V1.17.2.0
Target DLL:      STLink\ST-LINKIII-KEIL_SWO.dll V3.0.5.0
Dialog DLL:      TCM.DLL V1.36.1.0
 
<h2>Project:</h2>
D:\TempE\同济大二下\嵌入式\大作业\手写算式识别智能判题系统\01_STM32F7_HandExprJudge_KeilSafe\HandExprJudge\MDK-ARM\HandExprJudge.uvprojx
Project File Date:  06/25/2026

<h2>Output:</h2>
*** Using Compiler 'V5.06 update 6 (build 750)', folder: 'E:\Keil_v5\ARM\ARMCC\Bin'
Rebuild target 'HandExprJudge'
assembling startup_stm32f767xx.s...
compiling network.c...
compiling network_data.c...
compiling network_data_params.c...
compiling app_controller.c...
compiling image_segment.c...
compiling expr_judge.c...
compiling stm32f7xx_hal_crc_ex.c...
compiling stm32f7xx_hal_rcc_ex.c...
compiling main.c...
compiling usart.c...
compiling gpio.c...
compiling stm32f7xx_hal_cortex.c...
compiling stm32f7xx_it.c...
compiling stm32f7xx_hal_crc.c...
compiling stm32f7xx_hal_flash.c...
compiling stm32f7xx_hal_rcc.c...
compiling stm32f7xx_hal_msp.c...
compiling crc.c...
compiling ai_infer.c...
compiling stm32f7xx_hal_i2c_ex.c...
compiling system_stm32f7xx.c...
compiling stm32f7xx_hal_uart_ex.c...
compiling stm32f7xx_hal_i2c.c...
compiling stm32f7xx_hal_pwr_ex.c...
compiling stm32f7xx_hal_pwr.c...
compiling stm32f7xx_hal_exti.c...
compiling stm32f7xx_hal_dma.c...
compiling stm32f7xx_hal_gpio.c...
compiling stm32f7xx_hal.c...
compiling stm32f7xx_hal_flash_ex.c...
compiling stm32f7xx_hal_dma_ex.c...
compiling stm32f7xx_hal_uart.c...
linking...
Program Size: Code=28008 RO-data=211152 RW-data=2732 ZI-data=156884  
FromELF: creating hex file...
"HandExprJudge\HandExprJudge.axf" - 0 Error(s), 0 Warning(s).

<h2>Software Packages used:</h2>

Package Vendor: ARM
                http://www.keil.com/pack/ARM.CMSIS.5.4.0.pack
                ARM.CMSIS.5.4.0
                CMSIS (Cortex Microcontroller Software Interface Standard)
   * Component: CORE Version: 5.1.2

Package Vendor: Keil
                http://www.keil.com/pack/Keil.STM32F7xx_DFP.2.10.0.pack
                Keil.STM32F7xx_DFP.2.10.0
                STMicroelectronics STM32F7 Series Device Support, Drivers and Examples

<h2>Collection of Component include folders:</h2>
  .\RTE\_HandExprJudge
  E:\Keil_v5\ARM\PACK\ARM\CMSIS\5.4.0\CMSIS\Core\Include
  E:\Keil_v5\ARM\PACK\Keil\STM32F7xx_DFP\2.10.0\Drivers\CMSIS\Device\ST\STM32F7xx\Include

<h2>Collection of Component Files used:</h2>

   * Component: ARM::CMSIS:CORE:5.1.2
Build Time Elapsed:  00:00:31
</pre>
</body>
</html>
